Component: ARM Compiler 5.06 update 7 (build 960) Tool: armlink [4d3601]

==============================================================================

Section Cross References

    startup_stm32h750xx.o(RESET) refers to startup_stm32h750xx.o(STACK) for __initial_sp
    startup_stm32h750xx.o(RESET) refers to startup_stm32h750xx.o(.text) for Reset_Handler
    startup_stm32h750xx.o(RESET) refers to stm32h7xx_it.o(i.NMI_Handler) for NMI_Handler
    startup_stm32h750xx.o(RESET) refers to stm32h7xx_it.o(i.HardFault_Handler) for HardFault_Handler
    startup_stm32h750xx.o(RESET) refers to stm32h7xx_it.o(i.MemManage_Handler) for MemManage_Handler
    startup_stm32h750xx.o(RESET) refers to stm32h7xx_it.o(i.BusFault_Handler) for BusFault_Handler
    startup_stm32h750xx.o(RESET) refers to stm32h7xx_it.o(i.UsageFault_Handler) for UsageFault_Handler
    startup_stm32h750xx.o(RESET) refers to port.o(.emb_text) for SVC_Handler
    startup_stm32h750xx.o(RESET) refers to stm32h7xx_it.o(i.DebugMon_Handler) for DebugMon_Handler
    startup_stm32h750xx.o(RESET) refers to port.o(i.SysTick_Handler) for SysTick_Handler
    startup_stm32h750xx.o(RESET) refers to stm32h7xx_it.o(i.USART1_IRQHandler) for USART1_IRQHandler
    startup_stm32h750xx.o(.text) refers to system_stm32h7xx.o(i.SystemInit) for SystemInit
    startup_stm32h750xx.o(.text) refers to entry.o(.ARM.Collect$$$$00000000) for __main
    led.o(i.task_Led_Toggle) refers to tasks.o(i.vTaskDelay) for vTaskDelay
    led.o(i.task_Led_Toggle) refers to led.o(i.Led_On) for Led_On
    usart1.o(i.USART_Array_Clear) refers to usart1.o(i.USART_Data_Array_Struc_Initialize) for USART_Data_Array_Struc_Initialize
    usart1.o(i.USART_Array_Clear) refers to printf3.o(i.__0printf$3) for __2printf
    usart1.o(i.USART_Readonebyte) refers to usart1.o(i.USART_Data_Array_Struc_Pop) for USART_Data_Array_Struc_Pop
    usart1.o(i.USART_Readonebyte) refers to printf3.o(i.__0printf$3) for __2printf
    usart1.o(i.USART_SendBytes) refers to usart1.o(i.USART_SendByte) for USART_SendByte
    usart1.o(i.USART_Send_Nbit_Data) refers to usart1.o(i.USART_SendByte) for USART_SendByte
    usart1.o(i.USART_Writeonebyte) refers to usart1.o(i.USART_Data_Array_Struc_Push) for USART_Data_Array_Struc_Push
    usart1.o(i.USART_Writeonebyte) refers to printf3.o(i.__0printf$3) for __2printf
    lcd.o(i.LCD_Address_Set) refers to lcd.o(i.LCD_Write_Cmd) for LCD_Write_Cmd
    lcd.o(i.LCD_Address_Set) refers to lcd.o(i.LCD_Write_Data_16bit) for LCD_Write_Data_16bit
    lcd.o(i.LCD_Clear) refers to lcd.o(i.LCD_Fill) for LCD_Fill
    lcd.o(i.LCD_Fill) refers to lcd.o(i.LCD_Address_Set) for LCD_Address_Set
    lcd.o(i.LCD_Fill) refers to lcd.o(i.LCD_Write_Data_16bits) for LCD_Write_Data_16bits
    lcd.o(i.LCD_Fill) refers to lcd.o(.bss) for .bss
    lcd.o(i.LCD_Init) refers to lcd.o(i.LCD_Software_Init) for LCD_Software_Init
    lcd.o(i.LCD_Show) refers to tasks.o(i.xTaskGetTickCount) for xTaskGetTickCount
    lcd.o(i.LCD_Show) refers to printf3.o(i.__0sprintf$3) for __2sprintf
    lcd.o(i.LCD_Show) refers to lcd.o(i.LCD_Clear) for LCD_Clear
    lcd.o(i.LCD_Show) refers to lcd.o(i.LCD_ShowString) for LCD_ShowString
    lcd.o(i.LCD_Show) refers to tasks.o(i.xTaskDelayUntil) for xTaskDelayUntil
    lcd.o(i.LCD_ShowChar) refers to lcd.o(i.LCD_Address_Set) for LCD_Address_Set
    lcd.o(i.LCD_ShowChar) refers to lcd.o(i.LCD_Write_Data_16bit) for LCD_Write_Data_16bit
    lcd.o(i.LCD_ShowChar) refers to lcd.o(.constdata) for .constdata
    lcd.o(i.LCD_ShowChineseString) refers to lcd.o(i.LCD_ShowChineseword) for LCD_ShowChineseword
    lcd.o(i.LCD_ShowChineseword) refers to lcd.o(i.LCD_Address_Set) for LCD_Address_Set
    lcd.o(i.LCD_ShowChineseword) refers to lcd.o(i.LCD_Write_Data_16bit) for LCD_Write_Data_16bit
    lcd.o(i.LCD_ShowChineseword) refers to lcd.o(.constdata) for .constdata
    lcd.o(i.LCD_ShowString) refers to lcd.o(i.LCD_ShowChar) for LCD_ShowChar
    lcd.o(i.LCD_Show_Image) refers to lcd.o(i.LCD_Address_Set) for LCD_Address_Set
    lcd.o(i.LCD_Show_Image) refers to lcd.o(i.LCD_Write_Data_8bits) for LCD_Write_Data_8bits
    lcd.o(i.LCD_Software_Init) refers to stm32h7xx_ll_utils.o(i.LL_mDelay) for LL_mDelay
    lcd.o(i.LCD_Software_Init) refers to lcd.o(i.LCD_Write_Cmd) for LCD_Write_Cmd
    lcd.o(i.LCD_Software_Init) refers to lcd.o(i.LCD_Write_Data) for LCD_Write_Data
    lcd.o(i.LCD_Write_Cmd) refers to lcd.o(i.LCD_Write_Data_8bit) for LCD_Write_Data_8bit
    lcd.o(i.LCD_Write_Data) refers to lcd.o(i.LCD_Write_Data_8bit) for LCD_Write_Data_8bit
    lcd.o(i.LCD_Write_Data_16bit) refers to lcd.o(i.LCD_Write_Data) for LCD_Write_Data
    lcd.o(i.LCD_Write_Data_16bits) refers to lcd.o(i.LCD_Write_Data_16bit) for LCD_Write_Data_16bit
    lcd.o(i.LCD_Write_Data_8bits) refers to lcd.o(i.LCD_Write_Data) for LCD_Write_Data
    main.o(i.SystemClock_Config) refers to main.o(i.LL_RCC_SetAHBPrescaler) for LL_RCC_SetAHBPrescaler
[...]
    i.LL_RCC_HSE_IsReady                     0x08001160   Section        0  stm32h7xx_ll_rcc.o(i.LL_RCC_HSE_IsReady)
    LL_RCC_HSE_IsReady                       0x08001161   Thumb Code    10  stm32h7xx_ll_rcc.o(i.LL_RCC_HSE_IsReady)
    i.LL_RCC_HSI_GetDivider                  0x08001170   Section        0  stm32h7xx_ll_rcc.o(i.LL_RCC_HSI_GetDivider)
    LL_RCC_HSI_GetDivider                    0x08001171   Thumb Code    10  stm32h7xx_ll_rcc.o(i.LL_RCC_HSI_GetDivider)
    i.LL_RCC_HSI_IsReady                     0x08001180   Section        0  stm32h7xx_ll_rcc.o(i.LL_RCC_HSI_IsReady)
    LL_RCC_HSI_IsReady                       0x08001181   Thumb Code    10  stm32h7xx_ll_rcc.o(i.LL_RCC_HSI_IsReady)
    i.LL_RCC_LSE_IsReady                     0x08001190   Section        0  stm32h7xx_ll_rcc.o(i.LL_RCC_LSE_IsReady)
    LL_RCC_LSE_IsReady                       0x08001191   Thumb Code    10  stm32h7xx_ll_rcc.o(i.LL_RCC_LSE_IsReady)
    i.LL_RCC_PLL2_IsReady                    0x080011a0   Section        0  stm32h7xx_ll_rcc.o(i.LL_RCC_PLL2_IsReady)
    LL_RCC_PLL2_IsReady                      0x080011a1   Thumb Code    10  stm32h7xx_ll_rcc.o(i.LL_RCC_PLL2_IsReady)
    i.LL_RCC_PLL3_IsReady                    0x080011b0   Section        0  stm32h7xx_ll_rcc.o(i.LL_RCC_PLL3_IsReady)
    LL_RCC_PLL3_IsReady                      0x080011b1   Thumb Code    10  stm32h7xx_ll_rcc.o(i.LL_RCC_PLL3_IsReady)
    i.LL_RCC_SetAHBPrescaler                 0x080011c0   Section        0  main.o(i.LL_RCC_SetAHBPrescaler)
    LL_RCC_SetAHBPrescaler                   0x080011c1   Thumb Code    14  main.o(i.LL_RCC_SetAHBPrescaler)
    i.LL_SPI_Init                            0x080011d4   Section        0  stm32h7xx_ll_spi.o(i.LL_SPI_Init)
    i.LL_SetSystemCoreClock                  0x08001464   Section        0  stm32h7xx_ll_utils.o(i.LL_SetSystemCoreClock)
    i.LL_USART_Init                          0x08001470   Section        0  stm32h7xx_ll_usart.o(i.LL_USART_Init)
    i.LL_mDelay                              0x080016f8   Section        0  stm32h7xx_ll_utils.o(i.LL_mDelay)
    i.Led_Off                                0x08001718   Section        0  led.o(i.Led_Off)
    i.Led_On                                 0x08001724   Section        0  led.o(i.Led_On)
    i.Led_Shell_Cmd                          0x08001734   Section        0  my_shell_func.o(i.Led_Shell_Cmd)
    i.MX_GPIO_Init                           0x080017b0   Section        0  gpio.o(i.MX_GPIO_Init)
    i.MX_SPI6_Init                           0x0800183c   Section        0  spi.o(i.MX_SPI6_Init)
    i.MX_USART1_UART_Init                    0x08001904   Section        0  usart.o(i.MX_USART1_UART_Init)
    i.MemManage_Handler                      0x08001a78   Section        0  stm32h7xx_it.o(i.MemManage_Handler)
    i.NMI_Handler                            0x08001a7a   Section        0  stm32h7xx_it.o(i.NMI_Handler)
    i.RCC_GetHCLKClockFreq                   0x08001a7c   Section        0  stm32h7xx_ll_rcc.o(i.RCC_GetHCLKClockFreq)
    RCC_GetHCLKClockFreq                     0x08001a7d   Thumb Code    20  stm32h7xx_ll_rcc.o(i.RCC_GetHCLKClockFreq)
    i.RCC_GetPCLK1ClockFreq                  0x08001a98   Section        0  stm32h7xx_ll_rcc.o(i.RCC_GetPCLK1ClockFreq)
    RCC_GetPCLK1ClockFreq                    0x08001a99   Thumb Code    22  stm32h7xx_ll_rcc.o(i.RCC_GetPCLK1ClockFreq)
    i.RCC_GetPCLK2ClockFreq                  0x08001ab8   Section        0  stm32h7xx_ll_rcc.o(i.RCC_GetPCLK2ClockFreq)
    RCC_GetPCLK2ClockFreq                    0x08001ab9   Thumb Code    22  stm32h7xx_ll_rcc.o(i.RCC_GetPCLK2ClockFreq)
    i.RCC_GetSystemClockFreq                 0x08001ad8   Section        0  stm32h7xx_ll_rcc.o(i.RCC_GetSystemClockFreq)
    RCC_GetSystemClockFreq                   0x08001ad9   Thumb Code    56  stm32h7xx_ll_rcc.o(i.RCC_GetSystemClockFreq)
    i.Shell_Init                             0x08001b20   Section        0  my_shell_func.o(i.Shell_Init)
    i.SysTick_Handler                        0x08001b64   Section        0  port.o(i.SysTick_Handler)
    i.SystemClock_Config                     0x08001b94   Section        0  main.o(i.SystemClock_Config)
    i.SystemInit                             0x08001cfc   Section        0  system_stm32h7xx.o(i.SystemInit)
    i.USART1_IRQHandler                      0x08001dd8   Section        0  stm32h7xx_it.o(i.USART1_IRQHandler)
    i.USART_Data_Array_Struc_GetDataArrayLength 0x08001df0   Section        0  usart1.o(i.USART_Data_Array_Struc_GetDataArrayLength)
    i.USART_Data_Array_Struc_Initialize      0x08001e04   Section        0  usart1.o(i.USART_Data_Array_Struc_Initialize)
    i.USART_Data_Array_Struc_Pop             0x08001e22   Section        0  usart1.o(i.USART_Data_Array_Struc_Pop)
    i.USART_Data_Array_Struc_Push            0x08001e48   Section        0  usart1.o(i.USART_Data_Array_Struc_Push)
    i.USART_Readonebyte                      0x08001e7c   Section        0  usart1.o(i.USART_Readonebyte)
    i.USART_Writeonebyte                     0x08001e9c   Section        0  usart1.o(i.USART_Writeonebyte)
    i.UsageFault_Handler                     0x08001ec0   Section        0  stm32h7xx_it.o(i.UsageFault_Handler)
    i.__0printf$3                            0x08001ec4   Section        0  printf3.o(i.__0printf$3)
    i.__0sprintf$3                           0x08001ee4   Section        0  printf3.o(i.__0sprintf$3)
    i.__scatterload_copy                     0x08001f0c   Section       14  handlers.o(i.__scatterload_copy)
    i.__scatterload_null                     0x08001f1a   Section        2  handlers.o(i.__scatterload_null)
    i.__scatterload_zeroinit                 0x08001f1c   Section       14  handlers.o(i.__scatterload_zeroinit)
    i._printf_core                           0x08001f2c   Section        0  printf3.o(i._printf_core)
    _printf_core                             0x08001f2d   Thumb Code   436  printf3.o(i._printf_core)
    i._shell_init                            0x080020e4   Section        0  nr_micro_shell.o(i._shell_init)
    i._sputc                                 0x08002150   Section        0  printf3.o(i._sputc)
    _sputc                                   0x08002151   Thumb Code    10  printf3.o(i._sputc)
    i.ansi_clear_current_line                0x0800215a   Section        0  ansi.o(i.ansi_clear_current_line)
    i.ansi_get_char                          0x08002168   Section        0  ansi.o(i.ansi_get_char)
    i.ansi_init                              0x08002220   Section        0  ansi.o(i.ansi_init)
    i.ansi_search_char                       0x08002238   Section        0  ansi.o(i.ansi_search_char)
    i.ansi_show_str                          0x08002258   Section        0  ansi_port.o(i.ansi_show_str)
    i.assert_failed                          0x08002278   Section        0  main.o(i.assert_failed)
    i.fputc                                  0x0800227c   Section        0  usart1.o(i.fputc)
    i.main                                   0x08002294   Section        0  main.o(i.main)
    i.nr_ansi_common_char_slover             0x08002380   Section        0  ansi_port.o(i.nr_ansi_common_char_slover)
    i.nr_ansi_ctrl_common_slover             0x080023ec   Section        0  ansi_port.o(i.nr_ansi_ctrl_common_slover)
    i.nr_ansi_in__                           0x08002410   Section        0  ansi_port.o(i.nr_ansi_in__)
    i.nr_ansi_in_backspace                   0x08002450   Section        0  ansi_port.o(i.nr_ansi_in_backspace)
    i.nr_ansi_in_down                        0x08002494   Section        0  ansi_port.o(i.nr_ansi_in_down)
    i.nr_ansi_in_enter                       0x080024fc   Section        0  ansi_port.o(i.nr_ansi_in_enter)
    i.nr_ansi_in_left                        0x0800252c   Section        0  ansi_port.o(i.nr_ansi_in_left)
    i.nr_ansi_in_newline                     0x08002548   Section        0  ansi_port.o(i.nr_ansi_in_newline)
    i.nr_ansi_in_right                       0x08002560   Section        0  ansi_port.o(i.nr_ansi_in_right)
    i.nr_ansi_in_tab                         0x08002580   Section        0  ansi_port.o(i.nr_ansi_in_tab)
    i.nr_ansi_in_up                          0x08002624   Section        0  ansi_port.o(i.nr_ansi_in_up)
    i.nr_shell_strtok                        0x08002688   Section        0  nr_micro_shell.o(i.nr_shell_strtok)
    nr_shell_strtok                          0x08002689   Thumb Code   136  nr_micro_shell.o(i.nr_shell_strtok)
    i.prvAddCurrentTaskToDelayedList         0x08002714   Section        0  tasks.o(i.prvAddCurrentTaskToDelayedList)
    prvAddCurrentTaskToDelayedList           0x08002715   Thumb Code   128  tasks.o(i.prvAddCurrentTaskToDelayedList)
    i.prvAddNewTaskToReadyList               0x0800279c   Section        0  tasks.o(i.prvAddNewTaskToReadyList)
    prvAddNewTaskToReadyList                 0x0800279d   Thumb Code   228  tasks.o(i.prvAddNewTaskToReadyList)
    i.prvCheckForValidListAndQueue           0x0800288c   Section        0  timers.o(i.prvCheckForValidListAndQueue)
    prvCheckForValidListAndQueue             0x0800288d   Thumb Code    62  timers.o(i.prvCheckForValidListAndQueue)
    i.prvCopyDataFromQueue                   0x080028dc   Section        0  queue.o(i.prvCopyDataFromQueue)
    prvCopyDataFromQueue                     0x080028dd   Thumb Code    38  queue.o(i.prvCopyDataFromQueue)
    i.prvCopyDataToQueue                     0x08002902   Section        0  queue.o(i.prvCopyDataToQueue)
    prvCopyDataToQueue                       0x08002903   Thumb Code   108  queue.o(i.prvCopyDataToQueue)
    i.prvDeleteTCB                           0x0800296e   Section        0  tasks.o(i.prvDeleteTCB)
    prvDeleteTCB                             0x0800296f   Thumb Code    20  tasks.o(i.prvDeleteTCB)
    i.prvHeapInit                            0x08002984   Section        0  heap_4.o(i.prvHeapInit)
    prvHeapInit                              0x08002985   Thumb Code    60  heap_4.o(i.prvHeapInit)
    i.prvIdleTask                            0x080029c8   Section        0  tasks.o(i.prvIdleTask)
    prvIdleTask                              0x080029c9   Thumb Code    80  tasks.o(i.prvIdleTask)
    i.prvInitialiseNewTask                   0x08002a24   Section        0  tasks.o(i.prvInitialiseNewTask)
    prvInitialiseNewTask                     0x08002a25   Thumb Code   132  tasks.o(i.prvInitialiseNewTask)
    i.prvInsertBlockIntoFreeList             0x08002aa8   Section        0  heap_4.o(i.prvInsertBlockIntoFreeList)
    prvInsertBlockIntoFreeList               0x08002aa9   Thumb Code    72  heap_4.o(i.prvInsertBlockIntoFreeList)
    i.prvInsertTimerInActiveList             0x08002af4   Section        0  timers.o(i.prvInsertTimerInActiveList)
    prvInsertTimerInActiveList               0x08002af5   Thumb Code    52  timers.o(i.prvInsertTimerInActiveList)
    i.prvIsQueueEmpty                        0x08002b2c   Section        0  queue.o(i.prvIsQueueEmpty)
    prvIsQueueEmpty                          0x08002b2d   Thumb Code    26  queue.o(i.prvIsQueueEmpty)
    i.prvNotifyQueueSetContainer             0x08002b46   Section        0  queue.o(i.prvNotifyQueueSetContainer)
    prvNotifyQueueSetContainer               0x08002b47   Thumb Code    76  queue.o(i.prvNotifyQueueSetContainer)
    i.prvProcessExpiredTimer                 0x08002b94   Section        0  timers.o(i.prvProcessExpiredTimer)
    prvProcessExpiredTimer                   0x08002b95   Thumb Code    58  timers.o(i.prvProcessExpiredTimer)
    i.prvProcessReceivedCommands             0x08002bd4   Section        0  timers.o(i.prvProcessReceivedCommands)
    prvProcessReceivedCommands               0x08002bd5   Thumb Code   216  timers.o(i.prvProcessReceivedCommands)
    i.prvProcessTimerOrBlockTask             0x08002cb0   Section        0  timers.o(i.prvProcessTimerOrBlockTask)
    prvProcessTimerOrBlockTask               0x08002cb1   Thumb Code    98  timers.o(i.prvProcessTimerOrBlockTask)
    i.prvReloadTimer                         0x08002d1c   Section        0  timers.o(i.prvReloadTimer)
    prvReloadTimer                           0x08002d1d   Thumb Code    40  timers.o(i.prvReloadTimer)
    i.prvResetNextTaskUnblockTime            0x08002d44   Section        0  tasks.o(i.prvResetNextTaskUnblockTime)
    prvResetNextTaskUnblockTime              0x08002d45   Thumb Code    24  tasks.o(i.prvResetNextTaskUnblockTime)
    i.prvSampleTimeNow                       0x08002d60   Section        0  timers.o(i.prvSampleTimeNow)
    prvSampleTimeNow                         0x08002d61   Thumb Code    66  timers.o(i.prvSampleTimeNow)
    i.prvTaskExitError                       0x08002da8   Section        0  port.o(i.prvTaskExitError)
    prvTaskExitError                         0x08002da9   Thumb Code    20  port.o(i.prvTaskExitError)
    i.prvTimerTask                           0x08002dbc   Section        0  timers.o(i.prvTimerTask)
    prvTimerTask                             0x08002dbd   Thumb Code    34  timers.o(i.prvTimerTask)
    i.prvUnlockQueue                         0x08002de4   Section        0  queue.o(i.prvUnlockQueue)
    prvUnlockQueue                           0x08002de5   Thumb Code   118  queue.o(i.prvUnlockQueue)
    i.putc                                   0x08002e5a   Section        0  putc.o(i.putc)
    i.pvPortMalloc                           0x08002e60   Section        0  heap_4.o(i.pvPortMalloc)
    i.pxPortInitialiseStack                  0x08002ef8   Section        0  port.o(i.pxPortInitialiseStack)
    i.shell_cmd_complete                     0x08002f24   Section        0  nr_micro_shell.o(i.shell_cmd_complete)
    i.shell_his_copy_queue_item              0x08002f6e   Section        0  nr_micro_shell.o(i.shell_his_copy_queue_item)
    i.shell_his_queue_add_cmd                0x08002fea   Section        0  nr_micro_shell.o(i.shell_his_queue_add_cmd)
    i.shell_his_queue_init                   0x08003094   Section        0  nr_micro_shell.o(i.shell_his_queue_init)
    i.shell_his_queue_search_cmd             0x080030a4   Section        0  nr_micro_shell.o(i.shell_his_queue_search_cmd)
    i.shell_ls_cmd                           0x0800312c   Section        0  nr_micro_shell_commands.o(i.shell_ls_cmd)
    i.shell_parser                           0x08003268   Section        0  nr_micro_shell.o(i.shell_parser)
    i.shell_search_cmd                       0x08003368   Section        0  nr_micro_shell.o(i.shell_search_cmd)
    i.shell_test_cmd                         0x080033a8   Section        0  nr_micro_shell_commands.o(i.shell_test_cmd)
    i.task_initial                           0x080033ec   Section        0  main.o(i.task_initial)
    i.uxListRemove                           0x08003450   Section        0  list.o(i.uxListRemove)
    i.uxTaskGetNumberOfTasks                 0x08003478   Section        0  tasks.o(i.uxTaskGetNumberOfTasks)
    i.vListInitialise                        0x08003484   Section        0  list.o(i.vListInitialise)
    i.vListInitialiseItem                    0x0800349a   Section        0  list.o(i.vListInitialiseItem)
    i.vListInsert                            0x080034a0   Section        0  list.o(i.vListInsert)
    i.vListInsertEnd                         0x080034d0   Section        0  list.o(i.vListInsertEnd)
    i.vPortEnterCritical                     0x080034e8   Section        0  port.o(i.vPortEnterCritical)
    i.vPortExitCritical                      0x08003508   Section        0  port.o(i.vPortExitCritical)
    i.vPortFree                              0x0800351c   Section        0  heap_4.o(i.vPortFree)
    i.vPortSetupTimerInterrupt               0x08003560   Section        0  port.o(i.vPortSetupTimerInterrupt)
    i.vQueueAddToRegistry                    0x08003584   Section        0  queue.o(i.vQueueAddToRegistry)
    i.vQueueWaitForMessageRestricted         0x080035c0   Section        0  queue.o(i.vQueueWaitForMessageRestricted)
    i.vTaskDelay                             0x08003604   Section        0  tasks.o(i.vTaskDelay)
    i.vTaskDelete                            0x08003634   Section        0  tasks.o(i.vTaskDelete)
    i.vTaskInternalSetTimeOutState           0x080036d0   Section        0  tasks.o(i.vTaskInternalSetTimeOutState)
    i.vTaskMissedYield                       0x080036e0   Section        0  tasks.o(i.vTaskMissedYield)
    i.vTaskPlaceOnEventList                  0x080036ec   Section        0  tasks.o(i.vTaskPlaceOnEventList)
    i.vTaskPlaceOnEventListRestricted        0x08003710   Section        0  tasks.o(i.vTaskPlaceOnEventListRestricted)
    i.vTaskStartScheduler                    0x08003750   Section        0  tasks.o(i.vTaskStartScheduler)
    i.vTaskSuspendAll                        0x080037ac   Section        0  tasks.o(i.vTaskSuspendAll)
    i.vTaskSwitchContext                     0x080037bc   Section        0  tasks.o(i.vTaskSwitchContext)
    i.xPortStartScheduler                    0x08003800   Section        0  port.o(i.xPortStartScheduler)
    i.xQueueGenericCreate                    0x08003840   Section        0  queue.o(i.xQueueGenericCreate)
    i.xQueueGenericReset                     0x08003894   Section        0  queue.o(i.xQueueGenericReset)
    i.xQueueReceive                          0x08003928   Section        0  queue.o(i.xQueueReceive)
    i.xTaskCheckForTimeOut                   0x08003a18   Section        0  tasks.o(i.xTaskCheckForTimeOut)
    i.xTaskCreate                            0x08003a70   Section        0  tasks.o(i.xTaskCreate)
    i.xTaskDelayUntil                        0x08003acc   Section        0  tasks.o(i.xTaskDelayUntil)
    i.xTaskGetTickCount                      0x08003b24   Section        0  tasks.o(i.xTaskGetTickCount)
    i.xTaskIncrementTick                     0x08003b30   Section        0  tasks.o(i.xTaskIncrementTick)
    i.xTaskPriorityDisinherit                0x08003c40   Section        0  tasks.o(i.xTaskPriorityDisinherit)
    i.xTaskRemoveFromEventList               0x08003ccc   Section        0  tasks.o(i.xTaskRemoveFromEventList)
    i.xTaskResumeAll                         0x08003d94   Section        0  tasks.o(i.xTaskResumeAll)
    i.xTimerCreateTimerTask                  0x08003ea8   Section        0  timers.o(i.xTimerCreateTimerTask)
    .constdata                               0x08003ee4   Section    19508  lcd.o(.constdata)
    .constdata                               0x08008b18   Section       16  stm32h7xx_ll_rcc.o(.constdata)
    .constdata                               0x08008b28   Section       48  stm32h7xx_ll_usart.o(.constdata)
    USART_PRESCALER_TAB                      0x08008b28   Data          48  stm32h7xx_ll_usart.o(.constdata)
    .constdata                               0x08008b58   Section      124  ansi.o(.constdata)
    .constdata                               0x08008bd4   Section       80  nr_micro_shell_commands.o(.constdata)
    .constdata                               0x08008c24   Section      129  ctype_o.o(.constdata)
    .constdata                               0x08008ca8   Section        4  ctype_o.o(.constdata)
    table                                    0x08008ca8   Data           4  ctype_o.o(.constdata)
    .conststring                             0x08008cac   Section      405  nr_micro_shell.o(.conststring)
    .rodata.nr_shell_cmd0.end                0x08008e44   Section       20  nr_micro_shell.o(.rodata.nr_shell_cmd0.end)
    __tagsym$$used                           0x08008e44   Number         0  nr_micro_shell.o(.rodata.nr_shell_cmd0.end)
    .rodata.nr_shell_cmd1.end                0x08008e58   Section       20  nr_micro_shell.o(.rodata.nr_shell_cmd1.end)
    __tagsym$$used                           0x08008e58   Number         0  nr_micro_shell.o(.rodata.nr_shell_cmd1.end)
    .data                                    0x24000000   Section        4  usart1.o(.data)
    .data                                    0x24000004   Section        4  usart1.o(.data)
    .data                                    0x24000008   Section        4  lcd.o(.data)
    .data                                    0x2400000c   Section        4  main.o(.data)
    .data                                    0x24000010   Section        8  system_stm32h7xx.o(.data)
    .data                                    0x24000018   Section       28  heap_4.o(.data)
    pxEnd                                    0x24000018   Data           4  heap_4.o(.data)
    xFreeBytesRemaining                      0x2400001c   Data           4  heap_4.o(.data)
    xMinimumEverFreeBytesRemaining           0x24000020   Data           4  heap_4.o(.data)
    xNumberOfSuccessfulAllocations           0x24000024   Data           4  heap_4.o(.data)
    xNumberOfSuccessfulFrees                 0x24000028   Data           4  heap_4.o(.data)
    xStart                                   0x2400002c   Data           8  heap_4.o(.data)
    .data                                    0x24000034   Section       64  tasks.o(.data)
    uxDeletedTasksWaitingCleanUp             0x24000038   Data           4  tasks.o(.data)
    uxCurrentNumberOfTasks                   0x2400003c   Data           4  tasks.o(.data)
    xTickCount                               0x24000040   Data           4  tasks.o(.data)
    uxTopReadyPriority                       0x24000044   Data           4  tasks.o(.data)
    xSchedulerRunning                        0x24000048   Data           4  tasks.o(.data)
    xPendedTicks                             0x2400004c   Data           4  tasks.o(.data)
    xYieldPending                            0x24000050   Data           4  tasks.o(.data)
    xNumOfOverflows                          0x24000054   Data           4  tasks.o(.data)
    uxTaskNumber                             0x24000058   Data           4  tasks.o(.data)
    xNextTaskUnblockTime                     0x2400005c   Data           4  tasks.o(.data)
    xIdleTaskHandle                          0x24000060   Data           4  tasks.o(.data)
    uxSchedulerSuspended                     0x24000068   Data           4  tasks.o(.data)
    pxDelayedTaskList                        0x2400006c   Data           4  tasks.o(.data)
    pxOverflowDelayedTaskList                0x24000070   Data           4  tasks.o(.data)
    .data                                    0x24000074   Section       20  timers.o(.data)
    xTimerQueue                              0x24000074   Data           4  timers.o(.data)
    xTimerTaskHandle                         0x24000078   Data           4  timers.o(.data)
    xLastTime                                0x2400007c   Data           4  timers.o(.data)
    pxCurrentTimerList                       0x24000080   Data           4  timers.o(.data)
    pxOverflowTimerList                      0x24000084   Data           4  timers.o(.data)
    .data                                    0x24000088   Section        4  port.o(.data)
    uxCriticalNesting                        0x24000088   Data           4  port.o(.data)
    .data                                    0x2400008c   Section      308  nr_micro_shell.o(.data)
    .data                                    0x240001c0   Section        4  nr_micro_shell.o(.data)
    last                                     0x240001c0   Data           4  nr_micro_shell.o(.data)
    .data                                    0x240001c4   Section        4  my_shell_func.o(.data)
    .bss                                     0x240001c8   Section    25600  lcd.o(.bss)
    lcd_buf                                  0x240001c8   Data       25600  lcd.o(.bss)
    .bss                                     0x240065c8   Section    47104  heap_4.o(.bss)
    ucHeap                                   0x240065c8   Data       47104  heap_4.o(.bss)
    .bss                                     0x24011dc8   Section       64  queue.o(.bss)
    .bss                                     0x24011e08   Section      200  tasks.o(.bss)
    pxReadyTasksLists                        0x24011e08   Data         100  tasks.o(.bss)
    xDelayedTaskList1                        0x24011e6c   Data          20  tasks.o(.bss)
    xDelayedTaskList2                        0x24011e80   Data          20  tasks.o(.bss)
    xPendingReadyList                        0x24011e94   Data          20  tasks.o(.bss)
    xTasksWaitingTermination                 0x24011ea8   Data          20  tasks.o(.bss)
    xSuspendedTaskList                       0x24011ebc   Data          20  tasks.o(.bss)
    .bss                                     0x24011ed0   Section       40  timers.o(.bss)
    xActiveTimerList1                        0x24011ed0   Data          20  timers.o(.bss)
    xActiveTimerList2                        0x24011ee4   Data          20  timers.o(.bss)
    .bss                                     0x24011ef8   Section      132  ansi.o(.bss)
    STACK                                    0x24011f80   Section     1024  startup_stm32h750xx.o(STACK)

    Global Symbols

    Symbol Name                              Value     Ov Type        Size  Object(Section)

    BuildAttributes$$THM_ISAv4$E$P$D$K$B$S$7EM$VFPv5_D16$PE$PLD8$A:L22UL41UL21$X:L11$S22US41US21$IEEE1$IW$USESV6$~STKCKD$USESV7$~SHL$OSPACE$ROPI$EBA8$MICROLIB$REQ8$PRES8$EABIv2 0x00000000   Number         0  anon$$obj.o ABSOLUTE
    __ARM_use_no_argv                        0x00000000   Number         0  main.o ABSOLUTE
    __use_no_errno                           0x00000000   Number         0  useno.o ABSOLUTE
    __use_no_exception_handling              0x00000000   Number         0  useno.o ABSOLUTE
    __use_no_fp                              0x00000000   Number         0  useno.o ABSOLUTE
    __use_no_heap                            0x00000000   Number         0  useno.o ABSOLUTE
    __use_no_heap_region                     0x00000000   Number         0  useno.o ABSOLUTE
    __use_no_semihosting                     0x00000000   Number         0  useno.o ABSOLUTE
    __use_no_semihosting_swi                 0x00000000   Number         0  useno.o ABSOLUTE
    __use_no_signal_handling                 0x00000000   Number         0  useno.o ABSOLUTE
    _printf_a                                0x00000000   Number         0  stubs.o ABSOLUTE
    _printf_c                                0x00000000   Number         0  stubs.o ABSOLUTE
    _printf_charcount                        0x00000000   Number         0  stubs.o ABSOLUTE
    _printf_d                                0x00000000   Number         0  stubs.o ABSOLUTE
    _printf_e                                0x00000000   Number         0  stubs.o ABSOLUTE
    _printf_f                                0x00000000   Number         0  stubs.o ABSOLUTE
    _printf_flags                            0x00000000   Number         0  stubs.o ABSOLUTE
    _printf_fp_dec                           0x00000000   Number         0  stubs.o ABSOLUTE
    _printf_fp_hex                           0x00000000   Number         0  stubs.o ABSOLUTE
    _printf_g                                0x00000000   Number         0  stubs.o ABSOLUTE
    _printf_i                                0x00000000   Number         0  stubs.o ABSOLUTE
    _printf_int_dec                          0x00000000   Number         0  stubs.o ABSOLUTE
    _printf_l                                0x00000000   Number         0  stubs.o ABSOLUTE
    _printf_lc                               0x00000000   Number         0  stubs.o ABSOLUTE
    _printf_ll                               0x00000000   Number         0  stubs.o ABSOLUTE
    _printf_lld                              0x00000000   Number         0  stubs.o ABSOLUTE
    _printf_lli                              0x00000000   Number         0  stubs.o ABSOLUTE
    _printf_llo                              0x00000000   Number         0  stubs.o ABSOLUTE
    _printf_llu                              0x00000000   Number         0  stubs.o ABSOLUTE
    _printf_llx                              0x00000000   Number         0  stubs.o ABSOLUTE
    _printf_longlong_dec                     0x00000000   Number         0  stubs.o ABSOLUTE
    _printf_longlong_hex                     0x00000000   Number         0  stubs.o ABSOLUTE
    _printf_longlong_oct                     0x00000000   Number         0  stubs.o ABSOLUTE
    _printf_ls                               0x00000000   Number         0  stubs.o ABSOLUTE
    _printf_mbtowc                           0x00000000   Number         0  stubs.o ABSOLUTE
    _printf_n                                0x00000000   Number         0  stubs.o ABSOLUTE
    _printf_o                                0x00000000   Number         0  stubs.o ABSOLUTE
    _printf_p                                0x00000000   Number         0  stubs.o ABSOLUTE
    _printf_percent                          0x00000000   Number         0  stubs.o ABSOLUTE
    _printf_pre_padding                      0x00000000   Number         0  stubs.o ABSOLUTE
    _printf_return_value                     0x00000000   Number         0  stubs.o ABSOLUTE
    _printf_s                                0x00000000   Number         0  stubs.o ABSOLUTE
    _printf_sizespec                         0x00000000   Number         0  stubs.o ABSOLUTE
    _printf_str                              0x00000000   Number         0  stubs.o ABSOLUTE
    _printf_truncate_signed                  0x00000000   Number         0  stubs.o ABSOLUTE
    _printf_truncate_unsigned                0x00000000   Number         0  stubs.o ABSOLUTE
    _printf_u                                0x00000000   Number         0  stubs.o ABSOLUTE
    _printf_wc                               0x00000000   Number         0  stubs.o ABSOLUTE
    _printf_wctomb                           0x00000000   Number         0  stubs.o ABSOLUTE
    _printf_widthprec                        0x00000000   Number         0  stubs.o ABSOLUTE
    _printf_x                                0x00000000   Number         0  stubs.o ABSOLUTE
    __arm_fini_                               - Undefined Weak Reference
    __cpp_initialize__aeabi_                  - Undefined Weak Reference
    __cxa_finalize                            - Undefined Weak Reference
    _clock_init                               - Undefined Weak Reference
    _microlib_exit                            - Undefined Weak Reference
    __Vectors_Size                           0x00000298   Number         0  startup_stm32h750xx.o ABSOLUTE
    __Vectors                                0x08000000   Data           4  startup_stm32h750xx.o(RESET)
    __Vectors_End                            0x08000298   Data           0  startup_stm32h750xx.o(RESET)
    __main                                   0x08000299   Thumb Code     0  entry.o(.ARM.Collect$$$$00000000)
    _main_stk                                0x08000299   Thumb Code     0  entry2.o(.ARM.Collect$$$$00000001)
    _main_scatterload                        0x0800029d   Thumb Code     0  entry5.o(.ARM.Collect$$$$00000004)
    __main_after_scatterload                 0x080002a1   Thumb Code     0  entry5.o(.ARM.Collect$$$$00000004)
    _main_clock                              0x080002a1   Thumb Code     0  entry7b.o(.ARM.Collect$$$$00000008)
    _main_cpp_init                           0x080002a1   Thumb Code     0  entry8b.o(.ARM.Collect$$$$0000000A)
    _main_init                               0x080002a1   Thumb Code     0  entry9a.o(.ARM.Collect$$$$0000000B)
    __rt_lib_shutdown_fini                   0x080002a9   Thumb Code     0  entry12b.o(.ARM.Collect$$$$0000000E)
    __rt_final_cpp                           0x080002ad   Thumb Code     0  entry10a.o(.ARM.Collect$$$$0000000F)
    __rt_final_exit                          0x080002ad   Thumb Code     0  entry11a.o(.ARM.Collect$$$$00000011)
    SVC_Handler                              0x080002b1   Thumb Code    28  port.o(.emb_text)
    __asm___6_port_c_39a90d8d__prvStartFirstTask 0x080002d1   Thumb Code    36  port.o(.emb_text)
    __asm___6_port_c_39a90d8d__prvEnableVFP  0x080002f9   Thumb Code    16  port.o(.emb_text)
    PendSV_Handler                           0x0800030d   Thumb Code    92  port.o(.emb_text)
    vPortGetIPSR                             0x0800036d   Thumb Code     6  port.o(.emb_text)
    Reset_Handler                            0x08000375   Thumb Code     8  startup_stm32h750xx.o(.text)
    ADC3_IRQHandler                          0x0800038f   Thumb Code     0  startup_stm32h750xx.o(.text)
    ADC_IRQHandler                           0x0800038f   Thumb Code     0  startup_stm32h750xx.o(.text)
    BDMA_Channel0_IRQHandler                 0x0800038f   Thumb Code     0  startup_stm32h750xx.o(.text)
    BDMA_Channel1_IRQHandler                 0x0800038f   Thumb Code     0  startup_stm32h750xx.o(.text)
    BDMA_Channel2_IRQHandler                 0x0800038f   Thumb Code     0  startup_stm32h750xx.o(.text)
    BDMA_Channel3_IRQHandler                 0x0800038f   Thumb Code     0  startup_stm32h750xx.o(.text)
    BDMA_Channel4_IRQHandler                 0x0800038f   Thumb Code     0  startup_stm32h750xx.o(.text)
    BDMA_Channel5_IRQHandler                 0x0800038f   Thumb Code     0  startup_stm32h750xx.o(.text)
    BDMA_Channel6_IRQHandler                 0x0800038f   Thumb Code     0  startup_stm32h750xx.o(.text)
    BDMA_Channel7_IRQHandler                 0x0800038f   Thumb Code     0  startup_stm32h750xx.o(.text)
    CEC_IRQHandler                           0x0800038f   Thumb Code     0  startup_stm32h750xx.o(.text)
    COMP1_IRQHandler                         0x0800038f   Thumb Code     0  startup_stm32h750xx.o(.text)
    CRS_IRQHandler                           0x0800038f   Thumb Code     0  startup_stm32h750xx.o(.text)
    CRYP_IRQHandler                          0x0800038f   Thumb Code     0  startup_stm32h750xx.o(.text)
    DCMI_IRQHandler                          0x0800038f   Thumb Code     0  startup_stm32h750xx.o(.text)
    DFSDM1_FLT0_IRQHandler                   0x0800038f   Thumb Code     0  startup_stm32h750xx.o(.text)
    DFSDM1_FLT1_IRQHandler                   0x0800038f   Thumb Code     0  startup_stm32h750xx.o(.text)
    DFSDM1_FLT2_IRQHandler                   0x0800038f   Thumb Code     0  startup_stm32h750xx.o(.text)
    DFSDM1_FLT3_IRQHandler                   0x0800038f   Thumb Code     0  startup_stm32h750xx.o(.text)
    DMA1_Stream0_IRQHandler                  0x0800038f   Thumb Code     0  startup_stm32h750xx.o(.text)
    DMA1_Stream1_IRQHandler                  0x0800038f   Thumb Code     0  startup_stm32h750xx.o(.text)
    DMA1_Stream2_IRQHandler                  0x0800038f   Thumb Code     0  startup_stm32h750xx.o(.text)
    DMA1_Stream3_IRQHandler                  0x0800038f   Thumb Code     0  startup_stm32h750xx.o(.text)
    DMA1_Stream4_IRQHandler                  0x0800038f   Thumb Code     0  startup_stm32h750xx.o(.text)
    DMA1_Stream5_IRQHandler                  0x0800038f   Thumb Code     0  startup_stm32h750xx.o(.text)
    DMA1_Stream6_IRQHandler                  0x0800038f   Thumb Code     0  startup_stm32h750xx.o(.text)
    DMA1_Stream7_IRQHandler                  0x0800038f   Thumb Code     0  startup_stm32h750xx.o(.text)
    DMA2D_IRQHandler                         0x0800038f   Thumb Code     0  startup_stm32h750xx.o(.text)
    DMA2_Stream0_IRQHandler                  0x0800038f   Thumb Code     0  startup_stm32h750xx.o(.text)
    DMA2_Stream1_IRQHandler                  0x0800038f   Thumb Code     0  startup_stm32h750xx.o(.text)
    DMA2_Stream2_IRQHandler                  0x0800038f   Thumb Code     0  startup_stm32h750xx.o(.text)
    DMA2_Stream3_IRQHandler                  0x0800038f   Thumb Code     0  startup_stm32h750xx.o(.text)
    DMA2_Stream4_IRQHandler                  0x0800038f   Thumb Code     0  startup_stm32h750xx.o(.text)
    DMA2_Stream5_IRQHandler                  0x0800038f   Thumb Code     0  startup_stm32h750xx.o(.text)
    DMA2_Stream6_IRQHandler                  0x0800038f   Thumb Code     0  startup_stm32h750xx.o(.text)
    DMA2_Stream7_IRQHandler                  0x0800038f   Thumb Code     0  startup_stm32h750xx.o(.text)
    DMAMUX1_OVR_IRQHandler                   0x0800038f   Thumb Code     0  startup_stm32h750xx.o(.text)
    DMAMUX2_OVR_IRQHandler                   0x0800038f   Thumb Code     0  startup_stm32h750xx.o(.text)
    ECC_IRQHandler                           0x0800038f   Thumb Code     0  startup_stm32h750xx.o(.text)
    ETH_IRQHandler                           0x0800038f   Thumb Code     0  startup_stm32h750xx.o(.text)
    ETH_WKUP_IRQHandler                      0x0800038f   Thumb Code     0  startup_stm32h750xx.o(.text)
    EXTI0_IRQHandler                         0x0800038f   Thumb Code     0  startup_stm32h750xx.o(.text)
    EXTI15_10_IRQHandler                     0x0800038f   Thumb Code     0  startup_stm32h750xx.o(.text)
    EXTI1_IRQHandler                         0x0800038f   Thumb Code     0  startup_stm32h750xx.o(.text)
    EXTI2_IRQHandler                         0x0800038f   Thumb Code     0  startup_stm32h750xx.o(.text)
    EXTI3_IRQHandler                         0x0800038f   Thumb Code     0  startup_stm32h750xx.o(.text)
    EXTI4_IRQHandler                         0x0800038f   Thumb Code     0  startup_stm32h750xx.o(.text)
    EXTI9_5_IRQHandler                       0x0800038f   Thumb Code     0  startup_stm32h750xx.o(.text)
    FDCAN1_IT0_IRQHandler                    0x0800038f   Thumb Code     0  startup_stm32h750xx.o(.text)
    FDCAN1_IT1_IRQHandler                    0x0800038f   Thumb Code     0  startup_stm32h750xx.o(.text)
    FDCAN2_IT0_IRQHandler                    0x0800038f   Thumb Code     0  startup_stm32h750xx.o(.text)
    FDCAN2_IT1_IRQHandler                    0x0800038f   Thumb Code     0  startup_stm32h750xx.o(.text)
    FDCAN_CAL_IRQHandler                     0x0800038f   Thumb Code     0  startup_stm32h750xx.o(.text)
    FLASH_IRQHandler                         0x0800038f   Thumb Code     0  startup_stm32h750xx.o(.text)
    FMC_IRQHandler                           0x0800038f   Thumb Code     0  startup_stm32h750xx.o(.text)
    FPU_IRQHandler                           0x0800038f   Thumb Code     0  startup_stm32h750xx.o(.text)
    HASH_RNG_IRQHandler                      0x0800038f   Thumb Code     0  startup_stm32h750xx.o(.text)
    HRTIM1_FLT_IRQHandler                    0x0800038f   Thumb Code     0  startup_stm32h750xx.o(.text)
    HRTIM1_Master_IRQHandler                 0x0800038f   Thumb Code     0  startup_stm32h750xx.o(.text)
    HRTIM1_TIMA_IRQHandler                   0x0800038f   Thumb Code     0  startup_stm32h750xx.o(.text)
    HRTIM1_TIMB_IRQHandler                   0x0800038f   Thumb Code     0  startup_stm32h750xx.o(.text)
    HRTIM1_TIMC_IRQHandler                   0x0800038f   Thumb Code     0  startup_stm32h750xx.o(.text)
    HRTIM1_TIMD_IRQHandler                   0x0800038f   Thumb Code     0  startup_stm32h750xx.o(.text)
    HRTIM1_TIME_IRQHandler                   0x0800038f   Thumb Code     0  startup_stm32h750xx.o(.text)
    HSEM1_IRQHandler                         0x0800038f   Thumb Code     0  startup_stm32h750xx.o(.text)
    I2C1_ER_IRQHandler                       0x0800038f   Thumb Code     0  startup_stm32h750xx.o(.text)
    I2C1_EV_IRQHandler                       0x0800038f   Thumb Code     0  startup_stm32h750xx.o(.text)
    I2C2_ER_IRQHandler                       0x0800038f   Thumb Code     0  startup_stm32h750xx.o(.text)
    I2C2_EV_IRQHandler                       0x0800038f   Thumb Code     0  startup_stm32h750xx.o(.text)
    I2C3_ER_IRQHandler                       0x0800038f   Thumb Code     0  startup_stm32h750xx.o(.text)
    I2C3_EV_IRQHandler                       0x0800038f   Thumb Code     0  startup_stm32h750xx.o(.text)
    I2C4_ER_IRQHandler                       0x0800038f   Thumb Code     0  startup_stm32h750xx.o(.text)
    I2C4_EV_IRQHandler                       0x0800038f   Thumb Code     0  startup_stm32h750xx.o(.text)
    JPEG_IRQHandler                          0x0800038f   Thumb Code     0  startup_stm32h750xx.o(.text)
    LPTIM1_IRQHandler                        0x0800038f   Thumb Code     0  startup_stm32h750xx.o(.text)
    LPTIM2_IRQHandler                        0x0800038f   Thumb Code     0  startup_stm32h750xx.o(.text)
    LPTIM3_IRQHandler                        0x0800038f   Thumb Code     0  startup_stm32h750xx.o(.text)
    LPTIM4_IRQHandler                        0x0800038f   Thumb Code     0  startup_stm32h750xx.o(.text)
    LPTIM5_IRQHandler                        0x0800038f   Thumb Code     0  startup_stm32h750xx.o(.text)
    LPUART1_IRQHandler                       0x0800038f   Thumb Code     0  startup_stm32h750xx.o(.text)
    LTDC_ER_IRQHandler                       0x0800038f   Thumb Code     0  startup_stm32h750xx.o(.text)
    LTDC_IRQHandler                          0x0800038f   Thumb Code     0  startup_stm32h750xx.o(.text)
    MDIOS_IRQHandler                         0x0800038f   Thumb Code     0  startup_stm32h750xx.o(.text)
    MDIOS_WKUP_IRQHandler                    0x0800038f   Thumb Code     0  startup_stm32h750xx.o(.text)
    MDMA_IRQHandler                          0x0800038f   Thumb Code     0  startup_stm32h750xx.o(.text)
    OTG_FS_EP1_IN_IRQHandler                 0x0800038f   Thumb Code     0  startup_stm32h750xx.o(.text)
    OTG_FS_EP1_OUT_IRQHandler                0x0800038f   Thumb Code     0  startup_stm32h750xx.o(.text)
    OTG_FS_IRQHandler                        0x0800038f   Thumb Code     0  startup_stm32h750xx.o(.text)
    OTG_FS_WKUP_IRQHandler                   0x0800038f   Thumb Code     0  startup_stm32h750xx.o(.text)
    OTG_HS_EP1_IN_IRQHandler                 0x0800038f   Thumb Code     0  startup_stm32h750xx.o(.text)
    OTG_HS_EP1_OUT_IRQHandler                0x0800038f   Thumb Code     0  startup_stm32h750xx.o(.text)
    OTG_HS_IRQHandler                        0x0800038f   Thumb Code     0  startup_stm32h750xx.o(.text)
    OTG_HS_WKUP_IRQHandler                   0x0800038f   Thumb Code     0  startup_stm32h750xx.o(.text)
    PVD_AVD_IRQHandler                       0x0800038f   Thumb Code     0  startup_stm32h750xx.o(.text)
    QUADSPI_IRQHandler                       0x0800038f   Thumb Code     0  startup_stm32h750xx.o(.text)
    RCC_IRQHandler                           0x0800038f   Thumb Code     0  startup_stm32h750xx.o(.text)
    RTC_Alarm_IRQHandler                     0x0800038f   Thumb Code     0  startup_stm32h750xx.o(.text)
    RTC_WKUP_IRQHandler                      0x0800038f   Thumb Code     0  startup_stm32h750xx.o(.text)
    SAI1_IRQHandler                          0x0800038f   Thumb Code     0  startup_stm32h750xx.o(.text)
    SAI2_IRQHandler                          0x0800038f   Thumb Code     0  startup_stm32h750xx.o(.text)
    SAI3_IRQHandler                          0x0800038f   Thumb Code     0  startup_stm32h750xx.o(.text)
    SAI4_IRQHandler                          0x0800038f   Thumb Code     0  startup_stm32h750xx.o(.text)
    SDMMC1_IRQHandler                        0x0800038f   Thumb Code     0  startup_stm32h750xx.o(.text)
    SDMMC2_IRQHandler                        0x0800038f   Thumb Code     0  startup_stm32h750xx.o(.text)
    SPDIF_RX_IRQHandler                      0x0800038f   Thumb Code     0  startup_stm32h750xx.o(.text)
    SPI1_IRQHandler                          0x0800038f   Thumb Code     0  startup_stm32h750xx.o(.text)
    SPI2_IRQHandler                          0x0800038f   Thumb Code     0  startup_stm32h750xx.o(.text)
    SPI3_IRQHandler                          0x0800038f   Thumb Code     0  startup_stm32h750xx.o(.text)
    SPI4_IRQHandler                          0x0800038f   Thumb Code     0  startup_stm32h750xx.o(.text)
    SPI5_IRQHandler                          0x0800038f   Thumb Code     0  startup_stm32h750xx.o(.text)
    SPI6_IRQHandler                          0x0800038f   Thumb Code     0  startup_stm32h750xx.o(.text)
    SWPMI1_IRQHandler                        0x0800038f   Thumb Code     0  startup_stm32h750xx.o(.text)
    TAMP_STAMP_IRQHandler                    0x0800038f   Thumb Code     0  startup_stm32h750xx.o(.text)
    TIM15_IRQHandler                         0x0800038f   Thumb Code     0  startup_stm32h750xx.o(.text)
    TIM16_IRQHandler                         0x0800038f   Thumb Code     0  startup_stm32h750xx.o(.text)
    TIM17_IRQHandler                         0x0800038f   Thumb Code     0  startup_stm32h750xx.o(.text)
    TIM1_BRK_IRQHandler                      0x0800038f   Thumb Code     0  startup_stm32h750xx.o(.text)
    TIM1_CC_IRQHandler                       0x0800038f   Thumb Code     0  startup_stm32h750xx.o(.text)
    TIM1_TRG_COM_IRQHandler                  0x0800038f   Thumb Code     0  startup_stm32h750xx.o(.text)
    TIM1_UP_IRQHandler                       0x0800038f   Thumb Code     0  startup_stm32h750xx.o(.text)
    TIM2_IRQHandler                          0x0800038f   Thumb Code     0  startup_stm32h750xx.o(.text)
    TIM3_IRQHandler                          0x0800038f   Thumb Code     0  startup_stm32h750xx.o(.text)
    TIM4_IRQHandler                          0x0800038f   Thumb Code     0  startup_stm32h750xx.o(.text)
    TIM5_IRQHandler                          0x0800038f   Thumb Code     0  startup_stm32h750xx.o(.text)
    TIM6_DAC_IRQHandler                      0x0800038f   Thumb Code     0  startup_stm32h750xx.o(.text)
    TIM7_IRQHandler                          0x0800038f   Thumb Code     0  startup_stm32h750xx.o(.text)
    TIM8_BRK_TIM12_IRQHandler                0x0800038f   Thumb Code     0  startup_stm32h750xx.o(.text)
    TIM8_CC_IRQHandler                       0x0800038f   Thumb Code     0  startup_stm32h750xx.o(.text)
    TIM8_TRG_COM_TIM14_IRQHandler            0x0800038f   Thumb Code     0  startup_stm32h750xx.o(.text)
    TIM8_UP_TIM13_IRQHandler                 0x0800038f   Thumb Code     0  startup_stm32h750xx.o(.text)
    UART4_IRQHandler                         0x0800038f   Thumb Code     0  startup_stm32h750xx.o(.text)
    UART5_IRQHandler                         0x0800038f   Thumb Code     0  startup_stm32h750xx.o(.text)
    UART7_IRQHandler                         0x0800038f   Thumb Code     0  startup_stm32h750xx.o(.text)
    UART8_IRQHandler                         0x0800038f   Thumb Code     0  startup_stm32h750xx.o(.text)
    USART2_IRQHandler                        0x0800038f   Thumb Code     0  startup_stm32h750xx.o(.text)
    USART3_IRQHandler                        0x0800038f   Thumb Code     0  startup_stm32h750xx.o(.text)
    USART6_IRQHandler                        0x0800038f   Thumb Code     0  startup_stm32h750xx.o(.text)
    WAKEUP_PIN_IRQHandler                    0x0800038f   Thumb Code     0  startup_stm32h750xx.o(.text)
    WWDG_IRQHandler                          0x0800038f   Thumb Code     0  startup_stm32h750xx.o(.text)
    __rt_ctype_table                         0x08000399   Thumb Code     4  ctype_o.o(.text)
    __aeabi_memcpy                           0x080003a1   Thumb Code    36  memcpya.o(.text)
    __aeabi_memcpy4                          0x080003a1   Thumb Code     0  memcpya.o(.text)
    __aeabi_memcpy8                          0x080003a1   Thumb Code     0  memcpya.o(.text)
    __aeabi_memset                           0x080003c5   Thumb Code    14  memseta.o(.text)
    __aeabi_memset4                          0x080003c5   Thumb Code     0  memseta.o(.text)
    __aeabi_memset8                          0x080003c5   Thumb Code     0  memseta.o(.text)
    __aeabi_memclr                           0x080003d3   Thumb Code     4  memseta.o(.text)
    __aeabi_memclr4                          0x080003d3   Thumb Code     0  memseta.o(.text)
    __aeabi_memclr8                          0x080003d3   Thumb Code     0  memseta.o(.text)
    _memset$wrapper                          0x080003d7   Thumb Code    18  memseta.o(.text)
    strstr                                   0x080003e9   Thumb Code    36  strstr.o(.text)
    strlen                                   0x0800040d   Thumb Code    14  strlen.o(.text)
    strcmp                                   0x0800041b   Thumb Code    28  strcmp.o(.text)
    strcpy                                   0x08000437   Thumb Code    18  strcpy.o(.text)
    __aeabi_uidiv                            0x08000449   Thumb Code     0  uidiv.o(.text)
    __aeabi_uidivmod                         0x08000449   Thumb Code    44  uidiv.o(.text)
    __scatterload                            0x08000475   Thumb Code    28  init.o(.text)
    __scatterload_rt2                        0x08000475   Thumb Code     0  init.o(.text)
    __decompress                             0x08000499   Thumb Code     0  __dczerorl.o(.text)
    __decompress0                            0x08000499   Thumb Code    58  __dczerorl.o(.text)
    BusFault_Handler                         0x080004d3   Thumb Code     2  stm32h7xx_it.o(i.BusFault_Handler)
    DebugMon_Handler                         0x080004d5   Thumb Code     2  stm32h7xx_it.o(i.DebugMon_Handler)
    Get_Usart_Char                           0x080004d9   Thumb Code    32  my_shell_func.o(i.Get_Usart_Char)
    HardFault_Handler                        0x080004fd   Thumb Code     2  stm32h7xx_it.o(i.HardFault_Handler)
    LCD_Address_Set                          0x080004ff   Thumb Code    60  lcd.o(i.LCD_Address_Set)
    LCD_Clear                                0x0800053b   Thumb Code    18  lcd.o(i.LCD_Clear)
    LCD_Fill                                 0x0800054d   Thumb Code   102  lcd.o(i.LCD_Fill)
    LCD_Init                                 0x080005bd   Thumb Code     4  lcd.o(i.LCD_Init)
    LCD_Show                                 0x080005c1   Thumb Code    68  lcd.o(i.LCD_Show)
    LCD_ShowChar                             0x08000611   Thumb Code   318  lcd.o(i.LCD_ShowChar)
    LCD_ShowString                           0x08000761   Thumb Code    74  lcd.o(i.LCD_ShowString)
    LCD_Software_Init                        0x080007ad   Thumb Code   488  lcd.o(i.LCD_Software_Init)
    LCD_Write_Cmd                            0x08000999   Thumb Code    12  lcd.o(i.LCD_Write_Cmd)
    LCD_Write_Data                           0x080009a9   Thumb Code    10  lcd.o(i.LCD_Write_Data)
    LCD_Write_Data_16bit                     0x080009b9   Thumb Code    28  lcd.o(i.LCD_Write_Data_16bit)
    LCD_Write_Data_16bits                    0x080009d9   Thumb Code    26  lcd.o(i.LCD_Write_Data_16bits)
    LCD_Write_Data_8bit                      0x080009f5   Thumb Code    74  lcd.o(i.LCD_Write_Data_8bit)
    LL_GPIO_Init                             0x08000a5d   Thumb Code   442  stm32h7xx_ll_gpio.o(i.LL_GPIO_Init)
    LL_Init1msTick                           0x08000c7d   Thumb Code    26  stm32h7xx_ll_utils.o(i.LL_Init1msTick)
    LL_RCC_CalcPLLClockFreq                  0x08000ca9   Thumb Code    70  stm32h7xx_ll_rcc.o(i.LL_RCC_CalcPLLClockFreq)
    LL_RCC_GetPLL1ClockFreq                  0x08000d15   Thumb Code   224  stm32h7xx_ll_rcc.o(i.LL_RCC_GetPLL1ClockFreq)
    LL_RCC_GetPLL2ClockFreq                  0x08000e05   Thumb Code   226  stm32h7xx_ll_rcc.o(i.LL_RCC_GetPLL2ClockFreq)
    LL_RCC_GetPLL3ClockFreq                  0x08000ef9   Thumb Code   232  stm32h7xx_ll_rcc.o(i.LL_RCC_GetPLL3ClockFreq)
    LL_RCC_GetUSARTClockFreq                 0x08001001   Thumb Code   268  stm32h7xx_ll_rcc.o(i.LL_RCC_GetUSARTClockFreq)
    LL_SPI_Init                              0x080011d5   Thumb Code   568  stm32h7xx_ll_spi.o(i.LL_SPI_Init)
    LL_SetSystemCoreClock                    0x08001465   Thumb Code     6  stm32h7xx_ll_utils.o(i.LL_SetSystemCoreClock)
    LL_USART_Init                            0x08001471   Thumb Code   534  stm32h7xx_ll_usart.o(i.LL_USART_Init)
    LL_mDelay                                0x080016f9   Thumb Code    30  stm32h7xx_ll_utils.o(i.LL_mDelay)
    Led_Off                                  0x08001719   Thumb Code     8  led.o(i.Led_Off)
    Led_On                                   0x08001725   Thumb Code    10  led.o(i.Led_On)
    Led_Shell_Cmd                            0x08001735   Thumb Code    62  my_shell_func.o(i.Led_Shell_Cmd)
    MX_GPIO_Init                             0x080017b1   Thumb Code   126  gpio.o(i.MX_GPIO_Init)
    MX_SPI6_Init                             0x0800183d   Thumb Code   182  spi.o(i.MX_SPI6_Init)
    MX_USART1_UART_Init                      0x08001905   Thumb Code   348  usart.o(i.MX_USART1_UART_Init)
    MemManage_Handler                        0x08001a79   Thumb Code     2  stm32h7xx_it.o(i.MemManage_Handler)
    NMI_Handler                              0x08001a7b   Thumb Code     2  stm32h7xx_it.o(i.NMI_Handler)
    Shell_Init                               0x08001b21   Thumb Code    58  my_shell_func.o(i.Shell_Init)
    SysTick_Handler                          0x08001b65   Thumb Code    42  port.o(i.SysTick_Handler)
    SystemClock_Config                       0x08001b95   Thumb Code   338  main.o(i.SystemClock_Config)
    SystemInit                               0x08001cfd   Thumb Code   180  system_stm32h7xx.o(i.SystemInit)
    USART1_IRQHandler                        0x08001dd9   Thumb Code    14  stm32h7xx_it.o(i.USART1_IRQHandler)
    USART_Data_Array_Struc_GetDataArrayLength 0x08001df1   Thumb Code    20  usart1.o(i.USART_Data_Array_Struc_GetDataArrayLength)
    USART_Data_Array_Struc_Initialize        0x08001e05   Thumb Code    30  usart1.o(i.USART_Data_Array_Struc_Initialize)
    USART_Data_Array_Struc_Pop               0x08001e23   Thumb Code    38  usart1.o(i.USART_Data_Array_Struc_Pop)
    USART_Data_Array_Struc_Push              0x08001e49   Thumb Code    52  usart1.o(i.USART_Data_Array_Struc_Push)
    USART_Readonebyte                        0x08001e7d   Thumb Code    20  usart1.o(i.USART_Readonebyte)
    USART_Writeonebyte                       0x08001e9d   Thumb Code    22  usart1.o(i.USART_Writeonebyte)
    UsageFault_Handler                       0x08001ec1   Thumb Code     2  stm32h7xx_it.o(i.UsageFault_Handler)
    __0printf$3                              0x08001ec5   Thumb Code    22  printf3.o(i.__0printf$3)
    __1printf$3                              0x08001ec5   Thumb Code     0  printf3.o(i.__0printf$3)
    __2printf                                0x08001ec5   Thumb Code     0  printf3.o(i.__0printf$3)
    __0sprintf$3                             0x08001ee5   Thumb Code    34  printf3.o(i.__0sprintf$3)
    __1sprintf$3                             0x08001ee5   Thumb Code     0  printf3.o(i.__0sprintf$3)
    __2sprintf                               0x08001ee5   Thumb Code     0  printf3.o(i.__0sprintf$3)
    __scatterload_copy                       0x08001f0d   Thumb Code    14  handlers.o(i.__scatterload_copy)
    __scatterload_null                       0x08001f1b   Thumb Code     2  handlers.o(i.__scatterload_null)
    __scatterload_zeroinit                   0x08001f1d   Thumb Code    14  handlers.o(i.__scatterload_zeroinit)
    _shell_init                              0x080020e5   Thumb Code    72  nr_micro_shell.o(i._shell_init)
    ansi_clear_current_line                  0x0800215b   Thumb Code    14  ansi.o(i.ansi_clear_current_line)
    ansi_get_char                            0x08002169   Thumb Code   178  ansi.o(i.ansi_get_char)
    ansi_init                                0x08002221   Thumb Code    24  ansi.o(i.ansi_init)
    ansi_search_char                         0x08002239   Thumb Code    32  ansi.o(i.ansi_search_char)
    ansi_show_str                            0x08002259   Thumb Code    26  ansi_port.o(i.ansi_show_str)
    assert_failed                            0x08002279   Thumb Code     2  main.o(i.assert_failed)
    fputc                                    0x0800227d   Thumb Code    18  usart1.o(i.fputc)
    main                                     0x08002295   Thumb Code   184  main.o(i.main)
    nr_ansi_common_char_slover               0x08002381   Thumb Code    98  ansi_port.o(i.nr_ansi_common_char_slover)
    nr_ansi_ctrl_common_slover               0x080023ed   Thumb Code    32  ansi_port.o(i.nr_ansi_ctrl_common_slover)
    nr_ansi_in__                             0x08002411   Thumb Code    54  ansi_port.o(i.nr_ansi_in__)
    nr_ansi_in_backspace                     0x08002451   Thumb Code    54  ansi_port.o(i.nr_ansi_in_backspace)
    nr_ansi_in_down                          0x08002495   Thumb Code    86  ansi_port.o(i.nr_ansi_in_down)
    nr_ansi_in_enter                         0x080024fd   Thumb Code    38  ansi_port.o(i.nr_ansi_in_enter)
    nr_ansi_in_left                          0x0800252d   Thumb Code    20  ansi_port.o(i.nr_ansi_in_left)
    nr_ansi_in_newline                       0x08002549   Thumb Code    18  ansi_port.o(i.nr_ansi_in_newline)
    nr_ansi_in_right                         0x08002561   Thumb Code    24  ansi_port.o(i.nr_ansi_in_right)
    nr_ansi_in_tab                           0x08002581   Thumb Code   138  ansi_port.o(i.nr_ansi_in_tab)
    nr_ansi_in_up                            0x08002625   Thumb Code    84  ansi_port.o(i.nr_ansi_in_up)
    putc                                     0x08002e5b   Thumb Code     4  putc.o(i.putc)
    pvPortMalloc                             0x08002e61   Thumb Code   146  heap_4.o(i.pvPortMalloc)
    pxPortInitialiseStack                    0x08002ef9   Thumb Code    40  port.o(i.pxPortInitialiseStack)
    shell_cmd_complete                       0x08002f25   Thumb Code    74  nr_micro_shell.o(i.shell_cmd_complete)
    shell_his_copy_queue_item                0x08002f6f   Thumb Code   124  nr_micro_shell.o(i.shell_his_copy_queue_item)
    shell_his_queue_add_cmd                  0x08002feb   Thumb Code   170  nr_micro_shell.o(i.shell_his_queue_add_cmd)
    shell_his_queue_init                     0x08003095   Thumb Code    16  nr_micro_shell.o(i.shell_his_queue_init)
    shell_his_queue_search_cmd               0x080030a5   Thumb Code   134  nr_micro_shell.o(i.shell_his_queue_search_cmd)
    shell_ls_cmd                             0x0800312d   Thumb Code   136  nr_micro_shell_commands.o(i.shell_ls_cmd)
    shell_parser                             0x08003269   Thumb Code   194  nr_micro_shell.o(i.shell_parser)
    shell_search_cmd                         0x08003369   Thumb Code    64  nr_micro_shell.o(i.shell_search_cmd)
    shell_test_cmd                           0x080033a9   Thumb Code    36  nr_micro_shell_commands.o(i.shell_test_cmd)
    task_initial                             0x080033ed   Thumb Code    60  main.o(i.task_initial)
    uxListRemove                             0x08003451   Thumb Code    38  list.o(i.uxListRemove)
    uxTaskGetNumberOfTasks                   0x08003479   Thumb Code     6  tasks.o(i.uxTaskGetNumberOfTasks)
    vListInitialise                          0x08003485   Thumb Code    22  list.o(i.vListInitialise)
    vListInitialiseItem                      0x0800349b   Thumb Code     6  list.o(i.vListInitialiseItem)
    vListInsert                              0x080034a1   Thumb Code    48  list.o(i.vListInsert)
    vListInsertEnd                           0x080034d1   Thumb Code    24  list.o(i.vListInsertEnd)
    vPortEnterCritical                       0x080034e9   Thumb Code    28  port.o(i.vPortEnterCritical)
    vPortExitCritical                        0x08003509   Thumb Code    16  port.o(i.vPortExitCritical)
    vPortFree                                0x0800351d   Thumb Code    64  heap_4.o(i.vPortFree)
    vPortSetupTimerInterrupt                 0x08003561   Thumb Code    32  port.o(i.vPortSetupTimerInterrupt)
    vQueueAddToRegistry                      0x08003585   Thumb Code    54  queue.o(i.vQueueAddToRegistry)
    vQueueWaitForMessageRestricted           0x080035c1   Thumb Code    68  queue.o(i.vQueueWaitForMessageRestricted)
    vTaskDelay                               0x08003605   Thumb Code    44  tasks.o(i.vTaskDelay)
    vTaskDelete                              0x08003635   Thumb Code   144  tasks.o(i.vTaskDelete)
    vTaskInternalSetTimeOutState             0x080036d1   Thumb Code    12  tasks.o(i.vTaskInternalSetTimeOutState)
    vTaskMissedYield                         0x080036e1   Thumb Code     8  tasks.o(i.vTaskMissedYield)
    vTaskPlaceOnEventList                    0x080036ed   Thumb Code    30  tasks.o(i.vTaskPlaceOnEventList)
    vTaskPlaceOnEventListRestricted          0x08003711   Thumb Code    58  tasks.o(i.vTaskPlaceOnEventListRestricted)
    vTaskStartScheduler                      0x08003751   Thumb Code    76  tasks.o(i.vTaskStartScheduler)
    vTaskSuspendAll                          0x080037ad   Thumb Code    10  tasks.o(i.vTaskSuspendAll)
    vTaskSwitchContext                       0x080037bd   Thumb Code    60  tasks.o(i.vTaskSwitchContext)
    xPortStartScheduler                      0x08003801   Thumb Code    52  port.o(i.xPortStartScheduler)
    xQueueGenericCreate                      0x08003841   Thumb Code    84  queue.o(i.xQueueGenericCreate)
    xQueueGenericReset                       0x08003895   Thumb Code   142  queue.o(i.xQueueGenericReset)
    xQueueReceive                            0x08003929   Thumb Code   234  queue.o(i.xQueueReceive)
    xTaskCheckForTimeOut                     0x08003a19   Thumb Code    82  tasks.o(i.xTaskCheckForTimeOut)
    xTaskCreate                              0x08003a71   Thumb Code    92  tasks.o(i.xTaskCreate)
    xTaskDelayUntil                          0x08003acd   Thumb Code    78  tasks.o(i.xTaskDelayUntil)
    xTaskGetTickCount                        0x08003b25   Thumb Code     6  tasks.o(i.xTaskGetTickCount)
    xTaskIncrementTick                       0x08003b31   Thumb Code   264  tasks.o(i.xTaskIncrementTick)
    xTaskPriorityDisinherit                  0x08003c41   Thumb Code   132  tasks.o(i.xTaskPriorityDisinherit)
    xTaskRemoveFromEventList                 0x08003ccd   Thumb Code   192  tasks.o(i.xTaskRemoveFromEventList)
    xTaskResumeAll                           0x08003d95   Thumb Code   264  tasks.o(i.xTaskResumeAll)
    xTimerCreateTimerTask                    0x08003ea9   Thumb Code    44  timers.o(i.xTimerCreateTimerTask)
    asc2_1206                                0x08003ee4   Data        1140  lcd.o(.constdata)
    asc2_1608                                0x08004358   Data        1520  lcd.o(.constdata)
    asc2_2412                                0x08004948   Data        4560  lcd.o(.constdata)
    asc2_3216                                0x08005b18   Data       12160  lcd.o(.constdata)
    chinese_1616                             0x08008a98   Data         128  lcd.o(.constdata)
    LL_RCC_PrescTable                        0x08008b18   Data          16  stm32h7xx_ll_rcc.o(.constdata)
    nr_ansi_in_special_symbol                0x08008b58   Data           5  ansi.o(.constdata)
    nr_ansi_in_cmd                           0x08008b5d   Data          21  ansi.o(.constdata)
    nr_ansi_in_cmd_fun                       0x08008b74   Data          80  ansi.o(.constdata)
    nr_ansi_in_special_symbol_fun            0x08008bc4   Data          16  ansi.o(.constdata)
    static_cmd                               0x08008bd4   Data          80  nr_micro_shell_commands.o(.constdata)
    __ctype_table                            0x08008c24   Data         129  ctype_o.o(.constdata)
    _nr_cmd_start_                           0x08008e44   Data          20  nr_micro_shell.o(.rodata.nr_shell_cmd0.end)
    _nr_cmd_end_                             0x08008e58   Data          20  nr_micro_shell.o(.rodata.nr_shell_cmd1.end)
    Region$$Table$$Base                      0x08008e6c   Number         0  anon$$obj.o(Region$$Table)
    Region$$Table$$Limit                     0x08008e8c   Number         0  anon$$obj.o(Region$$Table)
    __stdout                                 0x24000000   Data           4  usart1.o(.data)
    USART1_Data_Array                        0x24000004   Data           4  usart1.o(.data)
    LCD_Show_handle                          0x24000008   Data           4  lcd.o(.data)
    task_initial_handle                      0x2400000c   Data           4  main.o(.data)
    SystemCoreClock                          0x24000010   Data           4  system_stm32h7xx.o(.data)
    SystemD2Clock                            0x24000014   Data           4  system_stm32h7xx.o(.data)
    pxCurrentTCB                             0x24000034   Data           4  tasks.o(.data)
    uxTopUsedPriority                        0x24000064   Data           4  tasks.o(.data)
    nr_shell                                 0x2400008c   Data         308  nr_micro_shell.o(.data)
    Shell_Init_handle                        0x240001c4   Data           4  my_shell_func.o(.data)
    xQueueRegistry                           0x24011dc8   Data          64  queue.o(.bss)
    nr_ansi                                  0x24011ef8   Data         132  ansi.o(.bss)
    __initial_sp                             0x24012380   Data           0  startup_stm32h750xx.o(STACK)



==============================================================================

Memory Map of the image

  Image Entry point : 0x08000299

  Load Region LR_IROM1 (Base: 0x08000000, Size: 0x00009054, Max: 0x00020000, ABSOLUTE, COMPRESSED[0x00008eb0])

    Execution Region ER_IROM1 (Exec base: 0x08000000, Load base: 0x08000000, Size: 0x00008e8c, Max: 0x00020000, ABSOLUTE)

    Exec Addr    Load Addr    Size         Type   Attr      Idx    E Section Name        Object

    0x08000000   0x08000000   0x00000298   Data   RO            3    RESET               startup_stm32h750xx.o
    0x08000298   0x08000298   0x00000000   Code   RO         2867  * .ARM.Collect$$$$00000000  mc_w.l(entry.o)
    0x08000298   0x08000298   0x00000004   Code   RO         3175    .ARM.Collect$$$$00000001  mc_w.l(entry2.o)
    0x0800029c   0x0800029c   0x00000004   Code   RO         3178    .ARM.Collect$$$$00000004  mc_w.l(entry5.o)
    0x080002a0   0x080002a0   0x00000000   Code   RO         3180    .ARM.Collect$$$$00000008  mc_w.l(entry7b.o)
    0x080002a0   0x080002a0   0x00000000   Code   RO         3182    .ARM.Collect$$$$0000000A  mc_w.l(entry8b.o)
    0x080002a0   0x080002a0   0x00000008   Code   RO         3183    .ARM.Collect$$$$0000000B  mc_w.l(entry9a.o)
    0x080002a8   0x080002a8   0x00000004   Code   RO         3190    .ARM.Collect$$$$0000000E  mc_w.l(entry12b.o)
    0x080002ac   0x080002ac   0x00000000   Code   RO         3185    .ARM.Collect$$$$0000000F  mc_w.l(entry10a.o)
    0x080002ac   0x080002ac   0x00000000   Code   RO         3187    .ARM.Collect$$$$00000011  mc_w.l(entry11a.o)
    0x080002ac   0x080002ac   0x00000004   Code   RO         3176    .ARM.Collect$$$$00002712  mc_w.l(entry2.o)
    0x080002b0   0x080002b0   0x000000c2   Code   RO         2463    .emb_text           port.o
    0x08000372   0x08000372   0x00000002   PAD
    0x08000374   0x08000374   0x00000024   Code   RO            4    .text               startup_stm32h750xx.o
    0x08000398   0x08000398   0x00000008   Code   RO         2872    .text               mc_w.l(ctype_o.o)
    0x080003a0   0x080003a0   0x00000024   Code   RO         2900    .text               mc_w.l(memcpya.o)
    0x080003c4   0x080003c4   0x00000024   Code   RO         2902    .text               mc_w.l(memseta.o)
    0x080003e8   0x080003e8   0x00000024   Code   RO         2904    .text               mc_w.l(strstr.o)
    0x0800040c   0x0800040c   0x0000000e   Code   RO         2906    .text               mc_w.l(strlen.o)
    0x0800041a   0x0800041a   0x0000001c   Code   RO         2908    .text               mc_w.l(strcmp.o)
    0x08000436   0x08000436   0x00000012   Code   RO         2910    .text               mc_w.l(strcpy.o)
    0x08000448   0x08000448   0x0000002c   Code   RO         3191    .text               mc_w.l(uidiv.o)
    0x08000474   0x08000474   0x00000024   Code   RO         3206    .text               mc_w.l(init.o)
    0x08000498   0x08000498   0x0000003a   Code   RO         3224    .text               mc_w.l(__dczerorl.o)
    0x080004d2   0x080004d2   0x00000002   Code   RO          665    i.BusFault_Handler  stm32h7xx_it.o
    0x080004d4   0x080004d4   0x00000002   Code   RO          666    i.DebugMon_Handler  stm32h7xx_it.o
    0x080004d6   0x080004d6   0x00000002   PAD
    0x080004d8   0x080004d8   0x00000024   Code   RO         2757    i.Get_Usart_Char    my_shell_func.o
    0x080004fc   0x080004fc   0x00000002   Code   RO          667    i.HardFault_Handler  stm32h7xx_it.o
    0x080004fe   0x080004fe   0x0000003c   Code   RO          290    i.LCD_Address_Set   lcd.o
    0x0800053a   0x0800053a   0x00000012   Code   RO          291    i.LCD_Clear         lcd.o
    0x0800054c   0x0800054c   0x00000070   Code   RO          294    i.LCD_Fill          lcd.o
    0x080005bc   0x080005bc   0x00000004   Code   RO          295    i.LCD_Init          lcd.o
    0x080005c0   0x080005c0   0x00000050   Code   RO          296    i.LCD_Show          lcd.o
    0x08000610   0x08000610   0x00000150   Code   RO          297    i.LCD_ShowChar      lcd.o
    0x08000760   0x08000760   0x0000004a   Code   RO          300    i.LCD_ShowString    lcd.o
    0x080007aa   0x080007aa   0x00000002   PAD
    0x080007ac   0x080007ac   0x000001ec   Code   RO          302    i.LCD_Software_Init  lcd.o
    0x08000998   0x08000998   0x00000010   Code   RO          303    i.LCD_Write_Cmd     lcd.o
    0x080009a8   0x080009a8   0x00000010   Code   RO          304    i.LCD_Write_Data    lcd.o
    0x080009b8   0x080009b8   0x00000020   Code   RO          305    i.LCD_Write_Data_16bit  lcd.o
    0x080009d8   0x080009d8   0x0000001a   Code   RO          306    i.LCD_Write_Data_16bits  lcd.o
    0x080009f2   0x080009f2   0x00000002   PAD
    0x080009f4   0x080009f4   0x00000050   Code   RO          307    i.LCD_Write_Data_8bit  lcd.o
    0x08000a44   0x08000a44   0x00000018   Code   RO          558    i.LL_AHB4_GRP1_EnableClock  gpio.o
    0x08000a5c   0x08000a5c   0x00000220   Code   RO          811    i.LL_GPIO_Init      stm32h7xx_ll_gpio.o
    0x08000c7c   0x08000c7c   0x0000001a   Code   RO         1103    i.LL_Init1msTick    stm32h7xx_ll_utils.o
    0x08000c96   0x08000c96   0x00000002   PAD
    0x08000c98   0x08000c98   0x00000010   Code   RO          860    i.LL_RCC_CSI_IsReady  stm32h7xx_ll_rcc.o
    0x08000ca8   0x08000ca8   0x0000004c   Code   RO          861    i.LL_RCC_CalcPLLClockFreq  stm32h7xx_ll_rcc.o
    0x08000cf4   0x08000cf4   0x00000020   Code   RO          866    i.LL_RCC_GetClockSource  stm32h7xx_ll_rcc.o
    0x08000d14   0x08000d14   0x000000f0   Code   RO          873    i.LL_RCC_GetPLL1ClockFreq  stm32h7xx_ll_rcc.o
    0x08000e04   0x08000e04   0x000000f4   Code   RO          874    i.LL_RCC_GetPLL2ClockFreq  stm32h7xx_ll_rcc.o
    0x08000ef8   0x08000ef8   0x000000f8   Code   RO          875    i.LL_RCC_GetPLL3ClockFreq  stm32h7xx_ll_rcc.o
    0x08000ff0   0x08000ff0   0x00000010   Code   RO          883    i.LL_RCC_GetSysPrescaler  stm32h7xx_ll_rcc.o
    0x08001000   0x08001000   0x00000160   Code   RO          885    i.LL_RCC_GetUSARTClockFreq  stm32h7xx_ll_rcc.o
    0x08001160   0x08001160   0x00000010   Code   RO          887    i.LL_RCC_HSE_IsReady  stm32h7xx_ll_rcc.o
    0x08001170   0x08001170   0x00000010   Code   RO          888    i.LL_RCC_HSI_GetDivider  stm32h7xx_ll_rcc.o
    0x08001180   0x08001180   0x00000010   Code   RO          889    i.LL_RCC_HSI_IsReady  stm32h7xx_ll_rcc.o
    0x08001190   0x08001190   0x00000010   Code   RO          890    i.LL_RCC_LSE_IsReady  stm32h7xx_ll_rcc.o
    0x080011a0   0x080011a0   0x00000010   Code   RO          892    i.LL_RCC_PLL2_IsReady  stm32h7xx_ll_rcc.o
    0x080011b0   0x080011b0   0x00000010   Code   RO          893    i.LL_RCC_PLL3_IsReady  stm32h7xx_ll_rcc.o
    0x080011c0   0x080011c0   0x00000014   Code   RO          440    i.LL_RCC_SetAHBPrescaler  main.o
    0x080011d4   0x080011d4   0x00000290   Code   RO         1242    i.LL_SPI_Init       stm32h7xx_ll_spi.o
    0x08001464   0x08001464   0x0000000c   Code   RO         1118    i.LL_SetSystemCoreClock  stm32h7xx_ll_utils.o
    0x08001470   0x08001470   0x00000288   Code   RO         1352    i.LL_USART_Init     stm32h7xx_ll_usart.o
    0x080016f8   0x080016f8   0x0000001e   Code   RO         1119    i.LL_mDelay         stm32h7xx_ll_utils.o
    0x08001716   0x08001716   0x00000002   PAD
    0x08001718   0x08001718   0x0000000c   Code   RO           13    i.Led_Off           led.o
    0x08001724   0x08001724   0x00000010   Code   RO           14    i.Led_On            led.o
    0x08001734   0x08001734   0x0000007c   Code   RO         2758    i.Led_Shell_Cmd     my_shell_func.o
    0x080017b0   0x080017b0   0x0000008c   Code   RO          559    i.MX_GPIO_Init      gpio.o
    0x0800183c   0x0800183c   0x000000c8   Code   RO          593    i.MX_SPI6_Init      spi.o
    0x08001904   0x08001904   0x00000174   Code   RO          627    i.MX_USART1_UART_Init  usart.o
    0x08001a78   0x08001a78   0x00000002   Code   RO          668    i.MemManage_Handler  stm32h7xx_it.o
    0x08001a7a   0x08001a7a   0x00000002   Code   RO          669    i.NMI_Handler       stm32h7xx_it.o
    0x08001a7c   0x08001a7c   0x0000001c   Code   RO          894    i.RCC_GetHCLKClockFreq  stm32h7xx_ll_rcc.o
    0x08001a98   0x08001a98   0x00000020   Code   RO          895    i.RCC_GetPCLK1ClockFreq  stm32h7xx_ll_rcc.o
    0x08001ab8   0x08001ab8   0x00000020   Code   RO          896    i.RCC_GetPCLK2ClockFreq  stm32h7xx_ll_rcc.o
    0x08001ad8   0x08001ad8   0x00000048   Code   RO          898    i.RCC_GetSystemClockFreq  stm32h7xx_ll_rcc.o
    0x08001b20   0x08001b20   0x00000044   Code   RO         2759    i.Shell_Init        my_shell_func.o
    0x08001b64   0x08001b64   0x00000030   Code   RO         2464    i.SysTick_Handler   port.o
    0x08001b94   0x08001b94   0x00000168   Code   RO          441    i.SystemClock_Config  main.o
    0x08001cfc   0x08001cfc   0x000000dc   Code   RO          733    i.SystemInit        system_stm32h7xx.o
    0x08001dd8   0x08001dd8   0x00000018   Code   RO          670    i.USART1_IRQHandler  stm32h7xx_it.o
    0x08001df0   0x08001df0   0x00000014   Code   RO          165    i.USART_Data_Array_Struc_GetDataArrayLength  usart1.o
    0x08001e04   0x08001e04   0x0000001e   Code   RO          166    i.USART_Data_Array_Struc_Initialize  usart1.o
    0x08001e22   0x08001e22   0x00000026   Code   RO          167    i.USART_Data_Array_Struc_Pop  usart1.o
    0x08001e48   0x08001e48   0x00000034   Code   RO          168    i.USART_Data_Array_Struc_Push  usart1.o
    0x08001e7c   0x08001e7c   0x00000020   Code   RO          170    i.USART_Readonebyte  usart1.o
    0x08001e9c   0x08001e9c   0x00000024   Code   RO          174    i.USART_Writeonebyte  usart1.o
    0x08001ec0   0x08001ec0   0x00000002   Code   RO          671    i.UsageFault_Handler  stm32h7xx_it.o
    0x08001ec2   0x08001ec2   0x00000002   PAD
    0x08001ec4   0x08001ec4   0x00000020   Code   RO         3003    i.__0printf$3       mc_w.l(printf3.o)
    0x08001ee4   0x08001ee4   0x00000028   Code   RO         3005    i.__0sprintf$3      mc_w.l(printf3.o)
    0x08001f0c   0x08001f0c   0x0000000e   Code   RO         3218    i.__scatterload_copy  mc_w.l(handlers.o)
    0x08001f1a   0x08001f1a   0x00000002   Code   RO         3219    i.__scatterload_null  mc_w.l(handlers.o)
    0x08001f1c   0x08001f1c   0x0000000e   Code   RO         3220    i.__scatterload_zeroinit  mc_w.l(handlers.o)
    0x08001f2a   0x08001f2a   0x00000002   PAD
    0x08001f2c   0x08001f2c   0x000001b8   Code   RO         3010    i._printf_core      mc_w.l(printf3.o)
    0x080020e4   0x080020e4   0x0000006c   Code   RO         2677    i._shell_init       nr_micro_shell.o
    0x08002150   0x08002150   0x0000000a   Code   RO         3012    i._sputc            mc_w.l(printf3.o)
    0x0800215a   0x0800215a   0x0000000e   Code   RO         2534    i.ansi_clear_current_line  ansi.o
    0x08002168   0x08002168   0x000000b8   Code   RO         2535    i.ansi_get_char     ansi.o
    0x08002220   0x08002220   0x00000018   Code   RO         2536    i.ansi_init         ansi.o
    0x08002238   0x08002238   0x00000020   Code   RO         2537    i.ansi_search_char  ansi.o
    0x08002258   0x08002258   0x00000020   Code   RO         2584    i.ansi_show_str     ansi_port.o
    0x08002278   0x08002278   0x00000002   Code   RO          442    i.assert_failed     main.o
    0x0800227a   0x0800227a   0x00000002   PAD
    0x0800227c   0x0800227c   0x00000018   Code   RO          175    i.fputc             usart1.o
    0x08002294   0x08002294   0x000000ec   Code   RO          443    i.main              main.o
    0x08002380   0x08002380   0x0000006c   Code   RO         2585    i.nr_ansi_common_char_slover  ansi_port.o
    0x080023ec   0x080023ec   0x00000024   Code   RO         2586    i.nr_ansi_ctrl_common_slover  ansi_port.o
    0x08002410   0x08002410   0x00000040   Code   RO         2587    i.nr_ansi_in__      ansi_port.o
    0x08002450   0x08002450   0x00000044   Code   RO         2588    i.nr_ansi_in_backspace  ansi_port.o
    0x08002494   0x08002494   0x00000068   Code   RO         2589    i.nr_ansi_in_down   ansi_port.o
    0x080024fc   0x080024fc   0x00000030   Code   RO         2590    i.nr_ansi_in_enter  ansi_port.o
    0x0800252c   0x0800252c   0x0000001c   Code   RO         2591    i.nr_ansi_in_left   ansi_port.o
    0x08002548   0x08002548   0x00000018   Code   RO         2592    i.nr_ansi_in_newline  ansi_port.o
    0x08002560   0x08002560   0x00000020   Code   RO         2593    i.nr_ansi_in_right  ansi_port.o
    0x08002580   0x08002580   0x000000a4   Code   RO         2594    i.nr_ansi_in_tab    ansi_port.o
    0x08002624   0x08002624   0x00000064   Code   RO         2595    i.nr_ansi_in_up     ansi_port.o
    0x08002688   0x08002688   0x0000008c   Code   RO         2678    i.nr_shell_strtok   nr_micro_shell.o
    0x08002714   0x08002714   0x00000088   Code   RO         1934    i.prvAddCurrentTaskToDelayedList  tasks.o
    0x0800279c   0x0800279c   0x000000f0   Code   RO         1935    i.prvAddNewTaskToReadyList  tasks.o
    0x0800288c   0x0800288c   0x00000050   Code   RO         2301    i.prvCheckForValidListAndQueue  timers.o
    0x080028dc   0x080028dc   0x00000026   Code   RO         1704    i.prvCopyDataFromQueue  queue.o
    0x08002902   0x08002902   0x0000006c   Code   RO         1705    i.prvCopyDataToQueue  queue.o
    0x0800296e   0x0800296e   0x00000014   Code   RO         1936    i.prvDeleteTCB      tasks.o
    0x08002982   0x08002982   0x00000002   PAD
    0x08002984   0x08002984   0x00000044   Code   RO         1600    i.prvHeapInit       heap_4.o
    0x080029c8   0x080029c8   0x0000005c   Code   RO         1937    i.prvIdleTask       tasks.o
    0x08002a24   0x08002a24   0x00000084   Code   RO         1938    i.prvInitialiseNewTask  tasks.o
    0x08002aa8   0x08002aa8   0x0000004c   Code   RO         1601    i.prvInsertBlockIntoFreeList  heap_4.o
    0x08002af4   0x08002af4   0x00000038   Code   RO         2302    i.prvInsertTimerInActiveList  timers.o
    0x08002b2c   0x08002b2c   0x0000001a   Code   RO         1706    i.prvIsQueueEmpty   queue.o
    0x08002b46   0x08002b46   0x0000004c   Code   RO         1707    i.prvNotifyQueueSetContainer  queue.o
    0x08002b92   0x08002b92   0x00000002   PAD
    0x08002b94   0x08002b94   0x00000040   Code   RO         2303    i.prvProcessExpiredTimer  timers.o
    0x08002bd4   0x08002bd4   0x000000dc   Code   RO         2304    i.prvProcessReceivedCommands  timers.o
    0x08002cb0   0x08002cb0   0x0000006c   Code   RO         2305    i.prvProcessTimerOrBlockTask  timers.o
    0x08002d1c   0x08002d1c   0x00000028   Code   RO         2306    i.prvReloadTimer    timers.o
    0x08002d44   0x08002d44   0x0000001c   Code   RO         1940    i.prvResetNextTaskUnblockTime  tasks.o
    0x08002d60   0x08002d60   0x00000048   Code   RO         2307    i.prvSampleTimeNow  timers.o
    0x08002da8   0x08002da8   0x00000014   Code   RO         2465    i.prvTaskExitError  port.o
    0x08002dbc   0x08002dbc   0x00000028   Code   RO         2308    i.prvTimerTask      timers.o
    0x08002de4   0x08002de4   0x00000076   Code   RO         1708    i.prvUnlockQueue    queue.o
    0x08002e5a   0x08002e5a   0x00000004   Code   RO         2870    i.putc              mc_w.l(putc.o)
    0x08002e5e   0x08002e5e   0x00000002   PAD
    0x08002e60   0x08002e60   0x00000098   Code   RO         1603    i.pvPortMalloc      heap_4.o
    0x08002ef8   0x08002ef8   0x0000002c   Code   RO         2466    i.pxPortInitialiseStack  port.o
    0x08002f24   0x08002f24   0x0000004a   Code   RO         2679    i.shell_cmd_complete  nr_micro_shell.o
    0x08002f6e   0x08002f6e   0x0000007c   Code   RO         2680    i.shell_his_copy_queue_item  nr_micro_shell.o
    0x08002fea   0x08002fea   0x000000aa   Code   RO         2681    i.shell_his_queue_add_cmd  nr_micro_shell.o
    0x08003094   0x08003094   0x00000010   Code   RO         2682    i.shell_his_queue_init  nr_micro_shell.o
    0x080030a4   0x080030a4   0x00000086   Code   RO         2683    i.shell_his_queue_search_cmd  nr_micro_shell.o
    0x0800312a   0x0800312a   0x00000002   PAD
    0x0800312c   0x0800312c   0x0000013c   Code   RO         2819    i.shell_ls_cmd      nr_micro_shell_commands.o
    0x08003268   0x08003268   0x00000100   Code   RO         2684    i.shell_parser      nr_micro_shell.o
    0x08003368   0x08003368   0x00000040   Code   RO         2685    i.shell_search_cmd  nr_micro_shell.o
    0x080033a8   0x080033a8   0x00000044   Code   RO         2820    i.shell_test_cmd    nr_micro_shell_commands.o
    0x080033ec   0x080033ec   0x00000064   Code   RO          444    i.task_initial      main.o
    0x08003450   0x08003450   0x00000026   Code   RO         1667    i.uxListRemove      list.o
    0x08003476   0x08003476   0x00000002   PAD
    0x08003478   0x08003478   0x0000000c   Code   RO         1945    i.uxTaskGetNumberOfTasks  tasks.o
    0x08003484   0x08003484   0x00000016   Code   RO         1668    i.vListInitialise   list.o
    0x0800349a   0x0800349a   0x00000006   Code   RO         1669    i.vListInitialiseItem  list.o
    0x080034a0   0x080034a0   0x00000030   Code   RO         1670    i.vListInsert       list.o
    0x080034d0   0x080034d0   0x00000018   Code   RO         1671    i.vListInsertEnd    list.o
    0x080034e8   0x080034e8   0x00000020   Code   RO         2468    i.vPortEnterCritical  port.o
    0x08003508   0x08003508   0x00000014   Code   RO         2469    i.vPortExitCritical  port.o
    0x0800351c   0x0800351c   0x00000044   Code   RO         1604    i.vPortFree         heap_4.o
    0x08003560   0x08003560   0x00000024   Code   RO         2470    i.vPortSetupTimerInterrupt  port.o
    0x08003584   0x08003584   0x0000003c   Code   RO         1714    i.vQueueAddToRegistry  queue.o
    0x080035c0   0x080035c0   0x00000044   Code   RO         1718    i.vQueueWaitForMessageRestricted  queue.o
    0x08003604   0x08003604   0x00000030   Code   RO         1951    i.vTaskDelay        tasks.o
    0x08003634   0x08003634   0x0000009c   Code   RO         1952    i.vTaskDelete       tasks.o
    0x080036d0   0x080036d0   0x00000010   Code   RO         1956    i.vTaskInternalSetTimeOutState  tasks.o
    0x080036e0   0x080036e0   0x0000000c   Code   RO         1958    i.vTaskMissedYield  tasks.o
    0x080036ec   0x080036ec   0x00000024   Code   RO         1959    i.vTaskPlaceOnEventList  tasks.o
    0x08003710   0x08003710   0x00000040   Code   RO         1960    i.vTaskPlaceOnEventListRestricted  tasks.o
    0x08003750   0x08003750   0x0000005c   Code   RO         1968    i.vTaskStartScheduler  tasks.o
    0x080037ac   0x080037ac   0x00000010   Code   RO         1970    i.vTaskSuspendAll   tasks.o
    0x080037bc   0x080037bc   0x00000044   Code   RO         1971    i.vTaskSwitchContext  tasks.o
    0x08003800   0x08003800   0x00000040   Code   RO         2471    i.xPortStartScheduler  port.o
    0x08003840   0x08003840   0x00000054   Code   RO         1723    i.xQueueGenericCreate  queue.o
    0x08003894   0x08003894   0x00000094   Code   RO         1724    i.xQueueGenericReset  queue.o
    0x08003928   0x08003928   0x000000f0   Code   RO         1733    i.xQueueReceive     queue.o
    0x08003a18   0x08003a18   0x00000058   Code   RO         1973    i.xTaskCheckForTimeOut  tasks.o
    0x08003a70   0x08003a70   0x0000005c   Code   RO         1974    i.xTaskCreate       tasks.o
    0x08003acc   0x08003acc   0x00000058   Code   RO         1975    i.xTaskDelayUntil   tasks.o
    0x08003b24   0x08003b24   0x0000000c   Code   RO         1982    i.xTaskGetTickCount  tasks.o
    0x08003b30   0x08003b30   0x00000110   Code   RO         1984    i.xTaskIncrementTick  tasks.o
    0x08003c40   0x08003c40   0x0000008c   Code   RO         1985    i.xTaskPriorityDisinherit  tasks.o
    0x08003ccc   0x08003ccc   0x000000c8   Code   RO         1987    i.xTaskRemoveFromEventList  tasks.o
    0x08003d94   0x08003d94   0x00000114   Code   RO         1988    i.xTaskResumeAll    tasks.o
    0x08003ea8   0x08003ea8   0x0000003c   Code   RO         2316    i.xTimerCreateTimerTask  timers.o
    0x08003ee4   0x08003ee4   0x00004c34   Data   RO          310    .constdata          lcd.o
    0x08008b18   0x08008b18   0x00000010   Data   RO          899    .constdata          stm32h7xx_ll_rcc.o
    0x08008b28   0x08008b28   0x00000030   Data   RO         1354    .constdata          stm32h7xx_ll_usart.o
    0x08008b58   0x08008b58   0x0000007c   Data   RO         2539    .constdata          ansi.o
    0x08008bd4   0x08008bd4   0x00000050   Data   RO         2821    .constdata          nr_micro_shell_commands.o
    0x08008c24   0x08008c24   0x00000081   Data   RO         2873    .constdata          mc_w.l(ctype_o.o)
    0x08008ca5   0x08008ca5   0x00000003   PAD
    0x08008ca8   0x08008ca8   0x00000004   Data   RO         2874    .constdata          mc_w.l(ctype_o.o)
    0x08008cac   0x08008cac   0x00000195   Data   RO         2686    .conststring        nr_micro_shell.o
    0x08008e41   0x08008e41   0x00000003   PAD
    0x08008e44   0x08008e44   0x00000014   Data   RO         2689    .rodata.nr_shell_cmd0.end  nr_micro_shell.o
    0x08008e58   0x08008e58   0x00000014   Data   RO         2690    .rodata.nr_shell_cmd1.end  nr_micro_shell.o
    0x08008e6c   0x08008e6c   0x00000020   Data   RO         3216    Region$$Table       anon$$obj.o


    Execution Region RW_IRAM1 (Exec base: 0x20000000, Load base: 0x08008e8c, Size: 0x00000000, Max: 0x00020000, ABSOLUTE)

    **** No section assigned to this execution region ****


    Execution Region RW_IRAM2 (Exec base: 0x24000000, Load base: 0x08008e8c, Size: 0x00012380, Max: 0x00080000, ABSOLUTE, COMPRESSED[0x00000024])

    Exec Addr    Load Addr    Size         Type   Attr      Idx    E Section Name        Object

    0x24000000   COMPRESSED   0x00000004   Data   RW          176    .data               usart1.o
    0x24000004   COMPRESSED   0x00000004   Data   RW          177    .data               usart1.o
    0x24000008   COMPRESSED   0x00000004   Data   RW          312    .data               lcd.o
    0x2400000c   COMPRESSED   0x00000004   Data   RW          445    .data               main.o
    0x24000010   COMPRESSED   0x00000008   Data   RW          735    .data               system_stm32h7xx.o
    0x24000018   COMPRESSED   0x0000001c   Data   RW         1610    .data               heap_4.o
    0x24000034   COMPRESSED   0x00000040   Data   RW         1991    .data               tasks.o
    0x24000074   COMPRESSED   0x00000014   Data   RW         2326    .data               timers.o
    0x24000088   COMPRESSED   0x00000004   Data   RW         2472    .data               port.o
    0x2400008c   COMPRESSED   0x00000134   Data   RW         2687    .data               nr_micro_shell.o
    0x240001c0   COMPRESSED   0x00000004   Data   RW         2688    .data               nr_micro_shell.o
    0x240001c4   COMPRESSED   0x00000004   Data   RW         2760    .data               my_shell_func.o
    0x240001c8        -       0x00006400   Zero   RW          309    .bss                lcd.o
    0x240065c8        -       0x0000b800   Zero   RW         1609    .bss                heap_4.o
    0x24011dc8        -       0x00000040   Zero   RW         1740    .bss                queue.o
    0x24011e08        -       0x000000c8   Zero   RW         1990    .bss                tasks.o
    0x24011ed0        -       0x00000028   Zero   RW         2325    .bss                timers.o
    0x24011ef8        -       0x00000084   Zero   RW         2538    .bss                ansi.o
    0x24011f7c   COMPRESSED   0x00000004   PAD
    0x24011f80        -       0x00000400   Zero   RW            1    STACK               startup_stm32h750xx.o


==============================================================================

Image component sizes


      Code (inc. data)   RO Data    RW Data    ZI Data      Debug   Object Name

       254          6        124          0        132       5329   ansi.o
       808        136          0          0          0       8032   ansi_port.o
         0          0          0          0          0      14388   event_groups.o
       164         20          0          0          0      15455   gpio.o
       364         22          0         28      47104       4835   heap_4.o
      1346         64      19508          4      25600      37032   lcd.o
        28         10          0          0          0    1027484   led.o
       138          0          0          0          0       3430   list.o
       718        120          0          4          0     115000   main.o
       228         76          0          4          0       2787   my_shell_func.o
      1086        102        445        312          0      10307   nr_micro_shell.o
       384        212         80          0          0       3988   nr_micro_shell_commands.o
       458         50          0          4          0       9420   port.o
       966         18          0          0         64      13651   queue.o
       200         18          0          0          0      80603   spi.o
        36          8        664          0       1024        840   startup_stm32h750xx.o
        36         10          0          0          0       3217   stm32h7xx_it.o
       544        102          0          0          0       7599   stm32h7xx_ll_gpio.o
      1484        238         16          0          0      59155   stm32h7xx_ll_rcc.o
       656         88          0          0          0      36946   stm32h7xx_ll_spi.o
       648        114         48          0          0      27596   stm32h7xx_ll_usart.o
        68          6          0          0          0       8933   stm32h7xx_ll_utils.o
       220         40          0          8          0       1486   system_stm32h7xx.o
      2336        166          0         64        200      33578   tasks.o
       740         80          0         20         40      10906   timers.o
       372         24          0          0          0     114357   usart.o
       232         32          0          8          0      36309   usart1.o

    ----------------------------------------------------------------------
     14538       1762      20920        456      74168    1692663   Object Totals
         0          0         32          0          0          0   (incl. Generated)
        24          0          3          0          4          0   (incl. Padding)

    ----------------------------------------------------------------------

      Code (inc. data)   RO Data    RW Data    ZI Data      Debug   Library Member Name

        58          0          0          0          0          0   __dczerorl.o
         8          4        133          0          0         68   ctype_o.o
         0          0          0          0          0          0   entry.o
         0          0          0          0          0          0   entry10a.o
         0          0          0          0          0          0   entry11a.o
         4          0          0          0          0          0   entry12b.o
         8          4          0          0          0          0   entry2.o
         4          0          0          0          0          0   entry5.o
         0          0          0          0          0          0   entry7b.o
         0          0          0          0          0          0   entry8b.o
         8          4          0          0          0          0   entry9a.o
        30          0          0          0          0          0   handlers.o
        36          8          0          0          0         68   init.o
        36          0          0          0          0         68   memcpya.o
        36          0          0          0          0        108   memseta.o
       522         20          0          0          0        336   printf3.o
         4          0          0          0          0         68   putc.o
        28          0          0          0          0         76   strcmp.o
        18          0          0          0          0         68   strcpy.o
        14          0          0          0          0         68   strlen.o
        36          0          0          0          0         80   strstr.o
        44          0          0          0          0         80   uidiv.o

    ----------------------------------------------------------------------
       898         40        136          0          0       1088   Library Totals
         4          0          3          0          0          0   (incl. Padding)

    ----------------------------------------------------------------------

      Code (inc. data)   RO Data    RW Data    ZI Data      Debug   Library Name

       894         40        133          0          0       1088   mc_w.l

    ----------------------------------------------------------------------
       898         40        136          0          0       1088   Library Totals

    ----------------------------------------------------------------------

==============================================================================


      Code (inc. data)   RO Data    RW Data    ZI Data      Debug   

     15436       1802      21056        456      74168    1679167   Grand Totals
     15436       1802      21056         36      74168    1679167   ELF Image Totals (compressed)
     15436       1802      21056         36          0          0   ROM Totals

==============================================================================

    Total RO  Size (Code + RO Data)                36492 (  35.64kB)
    Total RW  Size (RW Data + ZI Data)             74624 (  72.88kB)
    Total ROM Size (Code + RO Data + RW Data)      36528 (  35.67kB)

==============================================================================

