Component: ARM Compiler 5.06 update 7 (build 960) Tool: armlink [4d3601]

==============================================================================

Section Cross References

    startup_stm32h750xx.o(STACK) refers (Special) to heapauxi.o(.text) for __use_two_region_memory
    startup_stm32h750xx.o(HEAP) refers (Special) to heapauxi.o(.text) for __use_two_region_memory
    startup_stm32h750xx.o(RESET) refers (Special) to heapauxi.o(.text) for __use_two_region_memory
    startup_stm32h750xx.o(RESET) refers to startup_stm32h750xx.o(STACK) for __initial_sp
    startup_stm32h750xx.o(RESET) refers to startup_stm32h750xx.o(.text) for Reset_Handler
    startup_stm32h750xx.o(RESET) refers to stm32h7xx_it.o(i.NMI_Handler) for NMI_Handler
    startup_stm32h750xx.o(RESET) refers to stm32h7xx_it.o(i.HardFault_Handler) for HardFault_Handler
    startup_stm32h750xx.o(RESET) refers to stm32h7xx_it.o(i.MemManage_Handler) for MemManage_Handler
    startup_stm32h750xx.o(RESET) refers to stm32h7xx_it.o(i.BusFault_Handler) for BusFault_Handler
    startup_stm32h750xx.o(RESET) refers to stm32h7xx_it.o(i.UsageFault_Handler) for UsageFault_Handler
    startup_stm32h750xx.o(RESET) refers to stm32h7xx_it.o(i.SVC_Handler) for SVC_Handler
    startup_stm32h750xx.o(RESET) refers to stm32h7xx_it.o(i.DebugMon_Handler) for DebugMon_Handler
    startup_stm32h750xx.o(RESET) refers to stm32h7xx_it.o(i.PendSV_Handler) for PendSV_Handler
    startup_stm32h750xx.o(RESET) refers to stm32h7xx_it.o(i.SysTick_Handler) for SysTick_Handler
    startup_stm32h750xx.o(RESET) refers to stm32h7xx_it.o(i.USART1_IRQHandler) for USART1_IRQHandler
    startup_stm32h750xx.o(.text) refers (Special) to heapauxi.o(.text) for __use_two_region_memory
    startup_stm32h750xx.o(.text) refers to system_stm32h7xx.o(i.SystemInit) for SystemInit
    startup_stm32h750xx.o(.text) refers to __main.o(!!!main) for __main
    startup_stm32h750xx.o(.text) refers to startup_stm32h750xx.o(HEAP) for Heap_Mem
    startup_stm32h750xx.o(.text) refers to startup_stm32h750xx.o(STACK) for Stack_Mem
    usart1.o(i.USART_Read_Newest_Byte) refers to usart1.o(.data) for .data
    usart1.o(i.USART_Read_Newest_Byte) refers to usart1.o(.bss) for .bss
    usart1.o(i.USART_Recv_DataArray_Clear) refers to usart1.o(.bss) for .bss
    usart1.o(i.USART_Recv_DataArray_Clear) refers to usart1.o(.data) for .data
    usart1.o(i.USART_SendBytes) refers to usart1.o(i.USART_SendByte) for USART_SendByte
    usart1.o(i.USART_Send_Nbit_Data) refers to usart1.o(i.USART_SendByte) for USART_SendByte
    lcd.o(i.LCD_Address_Set) refers to lcd.o(i.LCD_Write_Cmd) for LCD_Write_Cmd
    lcd.o(i.LCD_Address_Set) refers to lcd.o(i.LCD_Write_Data_16bit) for LCD_Write_Data_16bit
    lcd.o(i.LCD_Clear) refers to lcd.o(i.LCD_Fill) for LCD_Fill
    lcd.o(i.LCD_Fill) refers to lcd.o(i.LCD_Address_Set) for LCD_Address_Set
    lcd.o(i.LCD_Fill) refers to lcd.o(i.LCD_Write_Data_16bits) for LCD_Write_Data_16bits
    lcd.o(i.LCD_Fill) refers to lcd.o(.bss) for .bss
    lcd.o(i.LCD_Init) refers to lcd.o(i.LCD_Software_Init) for LCD_Software_Init
    lcd.o(i.LCD_ShowChar) refers to lcd.o(i.LCD_Address_Set) for LCD_Address_Set
    lcd.o(i.LCD_ShowChar) refers to lcd.o(i.LCD_Write_Data_16bit) for LCD_Write_Data_16bit
    lcd.o(i.LCD_ShowChar) refers to lcd.o(.constdata) for .constdata
    lcd.o(i.LCD_ShowChineseString) refers to lcd.o(i.LCD_ShowChineseword) for LCD_ShowChineseword
    lcd.o(i.LCD_ShowChineseword) refers to lcd.o(i.LCD_Address_Set) for LCD_Address_Set
    lcd.o(i.LCD_ShowChineseword) refers to lcd.o(i.LCD_Write_Data_16bit) for LCD_Write_Data_16bit
    lcd.o(i.LCD_ShowChineseword) refers to lcd.o(.constdata) for .constdata
    lcd.o(i.LCD_ShowString) refers to lcd.o(i.LCD_ShowChar) for LCD_ShowChar
    lcd.o(i.LCD_Show_Image) refers to lcd.o(i.LCD_Address_Set) for LCD_Address_Set
    lcd.o(i.LCD_Show_Image) refers to lcd.o(i.LCD_Write_Data_8bits) for LCD_Write_Data_8bits
    lcd.o(i.LCD_Software_Init) refers to stm32h7xx_ll_utils.o(i.LL_mDelay) for LL_mDelay
    lcd.o(i.LCD_Software_Init) refers to lcd.o(i.LCD_Write_Cmd) for LCD_Write_Cmd
    lcd.o(i.LCD_Software_Init) refers to lcd.o(i.LCD_Write_Data) for LCD_Write_Data
    lcd.o(i.LCD_Write_Cmd) refers to lcd.o(i.LCD_Write_Data_8bit) for LCD_Write_Data_8bit
    lcd.o(i.LCD_Write_Data) refers to lcd.o(i.LCD_Write_Data_8bit) for LCD_Write_Data_8bit
    lcd.o(i.LCD_Write_Data_16bit) refers to lcd.o(i.LCD_Write_Data) for LCD_Write_Data
    lcd.o(i.LCD_Write_Data_16bits) refers to lcd.o(i.LCD_Write_Data_16bit) for LCD_Write_Data_16bit
    lcd.o(i.LCD_Write_Data_8bits) refers to lcd.o(i.LCD_Write_Data) for LCD_Write_Data
    main.o(i.SystemClock_Config) refers to main.o(i.LL_RCC_SetAHBPrescaler) for LL_RCC_SetAHBPrescaler
    main.o(i.SystemClock_Config) refers to stm32h7xx_ll_utils.o(i.LL_Init1msTick) for LL_Init1msTick
    main.o(i.SystemClock_Config) refers to stm32h7xx_ll_utils.o(i.LL_SetSystemCoreClock) for LL_SetSystemCoreClock
[...]
    __rtentry2.o(.ARM.exidx) refers to __rtentry2.o(.ARM.Collect$$rtentry$$0000000B) for .ARM.Collect$$rtentry$$0000000B
    __rtentry2.o(.ARM.exidx) refers to __rtentry2.o(.ARM.Collect$$rtentry$$0000000D) for .ARM.Collect$$rtentry$$0000000D
    __rtentry4.o(.ARM.Collect$$rtentry$$00000004) refers to sys_stackheap_outer.o(.text) for __user_setup_stackheap
    __rtentry4.o(.ARM.exidx) refers to __rtentry4.o(.ARM.Collect$$rtentry$$00000004) for .ARM.Collect$$rtentry$$00000004
    sys_stackheap_outer.o(.text) refers to libspace.o(.text) for __user_perproc_libspace
    sys_stackheap_outer.o(.text) refers to startup_stm32h750xx.o(.text) for __user_initial_stackheap
    exit.o(.text) refers to rtexit.o(.ARM.Collect$$rtexit$$00000000) for __rt_exit
    libinit.o(.ARM.Collect$$libinit$$00000000) refers (Special) to libinit2.o(.ARM.Collect$$libinit$$0000002E) for __rt_lib_init_alloca_1
    libinit.o(.ARM.Collect$$libinit$$00000000) refers (Special) to libinit2.o(.ARM.Collect$$libinit$$0000002C) for __rt_lib_init_argv_1
    libinit.o(.ARM.Collect$$libinit$$00000000) refers (Special) to libinit2.o(.ARM.Collect$$libinit$$0000001B) for __rt_lib_init_atexit_1
    libinit.o(.ARM.Collect$$libinit$$00000000) refers (Special) to libinit2.o(.ARM.Collect$$libinit$$00000021) for __rt_lib_init_clock_1
    libinit.o(.ARM.Collect$$libinit$$00000000) refers (Special) to libinit2.o(.ARM.Collect$$libinit$$00000032) for __rt_lib_init_cpp_1
    libinit.o(.ARM.Collect$$libinit$$00000000) refers (Special) to libinit2.o(.ARM.Collect$$libinit$$00000030) for __rt_lib_init_exceptions_1
    libinit.o(.ARM.Collect$$libinit$$00000000) refers (Special) to libinit2.o(.ARM.Collect$$libinit$$00000001) for __rt_lib_init_fp_1
    libinit.o(.ARM.Collect$$libinit$$00000000) refers (Special) to libinit2.o(.ARM.Collect$$libinit$$0000001F) for __rt_lib_init_fp_trap_1
    libinit.o(.ARM.Collect$$libinit$$00000000) refers (Special) to libinit2.o(.ARM.Collect$$libinit$$00000023) for __rt_lib_init_getenv_1
    libinit.o(.ARM.Collect$$libinit$$00000000) refers (Special) to libinit2.o(.ARM.Collect$$libinit$$0000000A) for __rt_lib_init_heap_1
    libinit.o(.ARM.Collect$$libinit$$00000000) refers (Special) to libinit2.o(.ARM.Collect$$libinit$$00000011) for __rt_lib_init_lc_collate_1
    libinit.o(.ARM.Collect$$libinit$$00000000) refers (Special) to libinit2.o(.ARM.Collect$$libinit$$00000013) for __rt_lib_init_lc_ctype_1
    libinit.o(.ARM.Collect$$libinit$$00000000) refers (Special) to libinit2.o(.ARM.Collect$$libinit$$00000015) for __rt_lib_init_lc_monetary_1
    libinit.o(.ARM.Collect$$libinit$$00000000) refers (Special) to libinit2.o(.ARM.Collect$$libinit$$00000017) for __rt_lib_init_lc_numeric_1
    libinit.o(.ARM.Collect$$libinit$$00000000) refers (Special) to libinit2.o(.ARM.Collect$$libinit$$00000019) for __rt_lib_init_lc_time_1
    libinit.o(.ARM.Collect$$libinit$$00000000) refers (Special) to libinit2.o(.ARM.Collect$$libinit$$00000004) for __rt_lib_init_preinit_1
    libinit.o(.ARM.Collect$$libinit$$00000000) refers (Special) to libinit2.o(.ARM.Collect$$libinit$$0000000E) for __rt_lib_init_rand_1
    libinit.o(.ARM.Collect$$libinit$$00000000) refers (Special) to libinit2.o(.ARM.Collect$$libinit$$00000033) for __rt_lib_init_return
    libinit.o(.ARM.Collect$$libinit$$00000000) refers (Special) to libinit2.o(.ARM.Collect$$libinit$$0000001D) for __rt_lib_init_signal_1
    libinit.o(.ARM.Collect$$libinit$$00000000) refers (Special) to libinit2.o(.ARM.Collect$$libinit$$00000025) for __rt_lib_init_stdio_1
    libinit.o(.ARM.Collect$$libinit$$00000000) refers (Special) to libinit2.o(.ARM.Collect$$libinit$$0000000C) for __rt_lib_init_user_alloc_1
    libspace.o(.text) refers to libspace.o(.bss) for __libspace_start
    rtexit.o(.ARM.Collect$$rtexit$$00000000) refers (Special) to rtexit2.o(.ARM.Collect$$rtexit$$00000004) for __rt_exit_exit
    rtexit.o(.ARM.Collect$$rtexit$$00000000) refers (Special) to rtexit2.o(.ARM.Collect$$rtexit$$00000003) for __rt_exit_ls
    rtexit.o(.ARM.Collect$$rtexit$$00000000) refers (Special) to rtexit2.o(.ARM.Collect$$rtexit$$00000002) for __rt_exit_prels_1
    rtexit.o(.ARM.exidx) refers (Special) to rtexit2.o(.ARM.Collect$$rtexit$$00000004) for __rt_exit_exit
    rtexit.o(.ARM.exidx) refers (Special) to rtexit2.o(.ARM.Collect$$rtexit$$00000003) for __rt_exit_ls
    rtexit.o(.ARM.exidx) refers (Special) to rtexit2.o(.ARM.Collect$$rtexit$$00000002) for __rt_exit_prels_1
    rtexit.o(.ARM.exidx) refers to rtexit.o(.ARM.Collect$$rtexit$$00000000) for .ARM.Collect$$rtexit$$00000000
    libinit2.o(.ARM.Collect$$libinit$$00000001) refers to fpinit.o(x$fpl$fpinit) for _fp_init
    libinit2.o(.ARM.Collect$$libinit$$00000010) refers to libinit2.o(.ARM.Collect$$libinit$$0000000F) for .ARM.Collect$$libinit$$0000000F
    libinit2.o(.ARM.Collect$$libinit$$00000012) refers to libinit2.o(.ARM.Collect$$libinit$$0000000F) for .ARM.Collect$$libinit$$0000000F
    libinit2.o(.ARM.Collect$$libinit$$00000014) refers to libinit2.o(.ARM.Collect$$libinit$$0000000F) for .ARM.Collect$$libinit$$0000000F
    libinit2.o(.ARM.Collect$$libinit$$00000016) refers to libinit2.o(.ARM.Collect$$libinit$$0000000F) for .ARM.Collect$$libinit$$0000000F
    libinit2.o(.ARM.Collect$$libinit$$00000018) refers to libinit2.o(.ARM.Collect$$libinit$$0000000F) for .ARM.Collect$$libinit$$0000000F
    libinit2.o(.ARM.Collect$$libinit$$00000026) refers to argv_veneer.o(.emb_text) for __ARM_argv_veneer
    libinit2.o(.ARM.Collect$$libinit$$00000027) refers to argv_veneer.o(.emb_text) for __ARM_argv_veneer
    rtexit2.o(.ARM.Collect$$rtexit$$00000003) refers to libshutdown.o(.ARM.Collect$$libshutdown$$00000000) for __rt_lib_shutdown
    rtexit2.o(.ARM.Collect$$rtexit$$00000004) refers to sys_exit.o(.text) for _sys_exit
    rtexit2.o(.ARM.exidx) refers to rtexit2.o(.ARM.Collect$$rtexit$$00000001) for .ARM.Collect$$rtexit$$00000001
    rtexit2.o(.ARM.exidx) refers to rtexit2.o(.ARM.Collect$$rtexit$$00000003) for .ARM.Collect$$rtexit$$00000003
    rtexit2.o(.ARM.exidx) refers to rtexit2.o(.ARM.Collect$$rtexit$$00000004) for .ARM.Collect$$rtexit$$00000004
    argv_veneer.o(.emb_text) refers to no_argv.o(.text) for __ARM_get_argv
    sys_exit.o(.text) refers (Special) to use_no_semi.o(.text) for __I$use$semihosting
    sys_exit.o(.text) refers (Special) to indicate_semi.o(.text) for __semihosting_library_function
    _get_argv_nomalloc.o(.text) refers (Special) to hrguard.o(.text) for __heap_region$guard
    _get_argv_nomalloc.o(.text) refers to defsig_rtmem_outer.o(.text) for __rt_SIGRTMEM
    _get_argv_nomalloc.o(.text) refers to sys_command.o(.text) for _sys_command_string
    libshutdown.o(.ARM.Collect$$libshutdown$$00000000) refers (Special) to libshutdown2.o(.ARM.Collect$$libshutdown$$00000004) for __rt_lib_shutdown_cpp_1
    libshutdown.o(.ARM.Collect$$libshutdown$$00000000) refers (Special) to libshutdown2.o(.ARM.Collect$$libshutdown$$00000002) for __rt_lib_shutdown_fini_1
    libshutdown.o(.ARM.Collect$$libshutdown$$00000000) refers (Special) to libshutdown2.o(.ARM.Collect$$libshutdown$$00000009) for __rt_lib_shutdown_fp_trap_1
    libshutdown.o(.ARM.Collect$$libshutdown$$00000000) refers (Special) to libshutdown2.o(.ARM.Collect$$libshutdown$$00000011) for __rt_lib_shutdown_heap_1
    libshutdown.o(.ARM.Collect$$libshutdown$$00000000) refers (Special) to libshutdown2.o(.ARM.Collect$$libshutdown$$00000012) for __rt_lib_shutdown_return
    libshutdown.o(.ARM.Collect$$libshutdown$$00000000) refers (Special) to libshutdown2.o(.ARM.Collect$$libshutdown$$0000000C) for __rt_lib_shutdown_signal_1
    libshutdown.o(.ARM.Collect$$libshutdown$$00000000) refers (Special) to libshutdown2.o(.ARM.Collect$$libshutdown$$00000006) for __rt_lib_shutdown_stdio_1
    libshutdown.o(.ARM.Collect$$libshutdown$$00000000) refers (Special) to libshutdown2.o(.ARM.Collect$$libshutdown$$0000000E) for __rt_lib_shutdown_user_alloc_1
    sys_command.o(.text) refers (Special) to use_no_semi.o(.text) for __I$use$semihosting
    sys_command.o(.text) refers (Special) to indicate_semi.o(.text) for __semihosting_library_function
    defsig_rtmem_outer.o(.text) refers to defsig_rtmem_inner.o(.text) for __rt_SIGRTMEM_inner
    defsig_rtmem_outer.o(.text) refers to defsig_exit.o(.text) for __sig_exit
    defsig_rtmem_formal.o(.text) refers to rt_raise.o(.text) for __rt_raise
    rt_raise.o(.text) refers to __raise.o(.text) for __raise
    rt_raise.o(.text) refers to sys_exit.o(.text) for _sys_exit
    defsig_exit.o(.text) refers to sys_exit.o(.text) for _sys_exit
    defsig_rtmem_inner.o(.text) refers to defsig_general.o(.text) for __default_signal_display
    __raise.o(.text) refers to defsig.o(CL$$defsig) for __default_signal_handler
    defsig_general.o(.text) refers to sys_wrch.o(.text) for _ttywrch
    sys_wrch.o(.text) refers (Special) to use_no_semi.o(.text) for __I$use$semihosting
    sys_wrch.o(.text) refers (Special) to indicate_semi.o(.text) for __semihosting_library_function
    defsig.o(CL$$defsig) refers to defsig_rtmem_inner.o(.text) for __rt_SIGRTMEM_inner
    defsig_abrt_inner.o(.text) refers to defsig_general.o(.text) for __default_signal_display
    defsig_fpe_inner.o(.text) refers to defsig_general.o(.text) for __default_signal_display
    defsig_rtred_inner.o(.text) refers to defsig_general.o(.text) for __default_signal_display
    defsig_stak_inner.o(.text) refers to defsig_general.o(.text) for __default_signal_display
    defsig_pvfn_inner.o(.text) refers to defsig_general.o(.text) for __default_signal_display
    defsig_cppl_inner.o(.text) refers to defsig_general.o(.text) for __default_signal_display
    defsig_segv_inner.o(.text) refers to defsig_general.o(.text) for __default_signal_display
    defsig_other.o(.text) refers to defsig_general.o(.text) for __default_signal_display


==============================================================================

Removing Unused input sections from the image.

    Removing led.o(.rev16_text), (4 bytes).
    Removing led.o(.revsh_text), (4 bytes).
    Removing led.o(.rrx_text), (6 bytes).
    Removing led.o(i.Led_Off), (12 bytes).
    Removing led.o(i.Led_On), (16 bytes).
    Removing usart1.o(.rev16_text), (4 bytes).
    Removing usart1.o(.revsh_text), (4 bytes).
    Removing usart1.o(.rrx_text), (6 bytes).
    Removing usart1.o(i.USART_Printf), (36 bytes).
    Removing usart1.o(i.USART_Read_Newest_Byte), (24 bytes).
    Removing usart1.o(i.USART_Recv_DataArray_Clear), (36 bytes).
    Removing usart1.o(i.USART_SendByte), (20 bytes).
    Removing usart1.o(i.USART_SendBytes), (24 bytes).
    Removing usart1.o(i.USART_Send_Nbit_Data), (28 bytes).
    Removing usart1.o(.data), (2 bytes).
    Removing usart1.o(.data), (4 bytes).
    Removing lcd.o(.rev16_text), (4 bytes).
    Removing lcd.o(.revsh_text), (4 bytes).
    Removing lcd.o(.rrx_text), (6 bytes).
    Removing lcd.o(i.LCD_DisplayOff), (16 bytes).
    Removing lcd.o(i.LCD_DisplayOn), (12 bytes).
    Removing lcd.o(i.LCD_ShowChar), (340 bytes).
    Removing lcd.o(i.LCD_ShowChineseString), (64 bytes).
    Removing lcd.o(i.LCD_ShowChineseword), (92 bytes).
    Removing lcd.o(i.LCD_ShowString), (70 bytes).
    Removing lcd.o(.constdata), (19508 bytes).
    Removing main.o(.rev16_text), (4 bytes).
    Removing main.o(.revsh_text), (4 bytes).
    Removing main.o(.rrx_text), (6 bytes).
    Removing main.o(i.Error_Handler), (4 bytes).
    Removing gpio.o(.rev16_text), (4 bytes).
    Removing gpio.o(.revsh_text), (4 bytes).
    Removing gpio.o(.rrx_text), (6 bytes).
    Removing spi.o(.rev16_text), (4 bytes).
    Removing spi.o(.revsh_text), (4 bytes).
    Removing spi.o(.rrx_text), (6 bytes).
    Removing usart.o(.rev16_text), (4 bytes).
    Removing usart.o(.revsh_text), (4 bytes).
    Removing usart.o(.rrx_text), (6 bytes).
    Removing stm32h7xx_it.o(.rev16_text), (4 bytes).
    Removing stm32h7xx_it.o(.revsh_text), (4 bytes).
    Removing stm32h7xx_it.o(.rrx_text), (6 bytes).
    Removing system_stm32h7xx.o(.rev16_text), (4 bytes).
    Removing system_stm32h7xx.o(.revsh_text), (4 bytes).
    Removing system_stm32h7xx.o(.rrx_text), (6 bytes).
    Removing system_stm32h7xx.o(i.SystemCoreClockUpdate), (320 bytes).
    Removing system_stm32h7xx.o(.constdata), (16 bytes).
    Removing stm32h7xx_ll_exti.o(.rev16_text), (4 bytes).
    Removing stm32h7xx_ll_exti.o(.revsh_text), (4 bytes).
    Removing stm32h7xx_ll_exti.o(.rrx_text), (6 bytes).
    Removing stm32h7xx_ll_exti.o(i.LL_EXTI_DeInit), (100 bytes).
    Removing stm32h7xx_ll_exti.o(i.LL_EXTI_Init), (576 bytes).
    Removing stm32h7xx_ll_exti.o(i.LL_EXTI_StructInit), (20 bytes).
    Removing stm32h7xx_ll_gpio.o(.rev16_text), (4 bytes).
    Removing stm32h7xx_ll_gpio.o(.revsh_text), (4 bytes).
    Removing stm32h7xx_ll_gpio.o(.rrx_text), (6 bytes).
    Removing stm32h7xx_ll_gpio.o(i.LL_AHB4_GRP1_ForceReset), (16 bytes).
    Removing stm32h7xx_ll_gpio.o(i.LL_AHB4_GRP1_ReleaseReset), (16 bytes).
    Removing stm32h7xx_ll_gpio.o(i.LL_GPIO_DeInit), (356 bytes).
    Removing stm32h7xx_ll_gpio.o(i.LL_GPIO_StructInit), (22 bytes).
    Removing stm32h7xx_ll_rcc.o(.rev16_text), (4 bytes).
    Removing stm32h7xx_ll_rcc.o(.revsh_text), (4 bytes).
    Removing stm32h7xx_ll_rcc.o(.rrx_text), (6 bytes).
    Removing stm32h7xx_ll_rcc.o(i.LL_RCC_DeInit), (232 bytes).
    Removing stm32h7xx_ll_rcc.o(i.LL_RCC_GetADCClockFreq), (80 bytes).
    Removing stm32h7xx_ll_rcc.o(i.LL_RCC_GetCECClockFreq), (76 bytes).
    Removing stm32h7xx_ll_rcc.o(i.LL_RCC_GetCLKPClockFreq), (84 bytes).
    Removing stm32h7xx_ll_rcc.o(i.LL_RCC_GetDFSDMClockFreq), (76 bytes).
    Removing stm32h7xx_ll_rcc.o(i.LL_RCC_GetFDCANClockFreq), (80 bytes).
    Removing stm32h7xx_ll_rcc.o(i.LL_RCC_GetFMCClockFreq), (116 bytes).
    Removing stm32h7xx_ll_rcc.o(i.LL_RCC_GetI2CClockFreq), (296 bytes).
    Removing stm32h7xx_ll_rcc.o(i.LL_RCC_GetLPTIMClockFreq), (440 bytes).
    Removing stm32h7xx_ll_rcc.o(i.LL_RCC_GetLPUARTClockFreq), (152 bytes).
    Removing stm32h7xx_ll_rcc.o(i.LL_RCC_GetQSPIClockFreq), (116 bytes).
    Removing stm32h7xx_ll_rcc.o(i.LL_RCC_GetRNGClockFreq), (108 bytes).
    Removing stm32h7xx_ll_rcc.o(i.LL_RCC_GetSAIClockFreq), (372 bytes).
    Removing stm32h7xx_ll_rcc.o(i.LL_RCC_GetSDMMCClockFreq), (60 bytes).
    Removing stm32h7xx_ll_rcc.o(i.LL_RCC_GetSPDIFClockFreq), (108 bytes).
    Removing stm32h7xx_ll_rcc.o(i.LL_RCC_GetSPIClockFreq), (512 bytes).
    Removing stm32h7xx_ll_rcc.o(i.LL_RCC_GetSWPClockFreq), (92 bytes).
    Removing stm32h7xx_ll_rcc.o(i.LL_RCC_GetSystemClocksFreq), (72 bytes).
    Removing stm32h7xx_ll_rcc.o(i.LL_RCC_GetUSBClockFreq), (88 bytes).
    Removing stm32h7xx_ll_rcc.o(i.LL_RCC_PLL1_IsReady), (16 bytes).
    Removing stm32h7xx_ll_rcc.o(i.RCC_GetPCLK4ClockFreq), (32 bytes).
    Removing stm32h7xx_ll_utils.o(.rev16_text), (4 bytes).
    Removing stm32h7xx_ll_utils.o(.revsh_text), (4 bytes).
    Removing stm32h7xx_ll_utils.o(.rrx_text), (6 bytes).
    Removing stm32h7xx_ll_utils.o(i.LL_PLL_ConfigSystemClock_HSE), (528 bytes).
    Removing stm32h7xx_ll_utils.o(i.LL_PLL_ConfigSystemClock_HSI), (476 bytes).
    Removing stm32h7xx_ll_utils.o(i.LL_RCC_PLL1_SetFRACN), (24 bytes).
    Removing stm32h7xx_ll_utils.o(i.LL_RCC_PLL1_SetM), (20 bytes).
    Removing stm32h7xx_ll_utils.o(i.LL_RCC_PLL1_SetN), (20 bytes).
    Removing stm32h7xx_ll_utils.o(i.LL_RCC_PLL1_SetP), (28 bytes).
    Removing stm32h7xx_ll_utils.o(i.LL_RCC_PLL1_SetVCOInputRange), (20 bytes).
    Removing stm32h7xx_ll_utils.o(i.LL_RCC_PLL1_SetVCOOutputRange), (20 bytes).
    Removing stm32h7xx_ll_utils.o(i.LL_RCC_PLL_SetSource), (20 bytes).
    Removing stm32h7xx_ll_utils.o(i.LL_RCC_SetAPB1Prescaler), (20 bytes).
    Removing stm32h7xx_ll_utils.o(i.LL_RCC_SetAPB2Prescaler), (20 bytes).
    Removing stm32h7xx_ll_utils.o(i.LL_RCC_SetAPB3Prescaler), (20 bytes).
    Removing stm32h7xx_ll_utils.o(i.LL_RCC_SetAPB4Prescaler), (20 bytes).
    Removing stm32h7xx_ll_utils.o(i.LL_SetFlashLatency), (248 bytes).
    Removing stm32h7xx_ll_utils.o(i.UTILS_EnablePLLAndSwitchSystem), (552 bytes).
    Removing stm32h7xx_ll_utils.o(i.UTILS_GetPLLOutputFrequency), (160 bytes).
    Removing stm32h7xx_ll_utils.o(i.UTILS_IsPLLsReady), (44 bytes).
    Removing stm32h7xx_ll_spi.o(.rev16_text), (4 bytes).
    Removing stm32h7xx_ll_spi.o(.revsh_text), (4 bytes).
    Removing stm32h7xx_ll_spi.o(.rrx_text), (6 bytes).
    Removing stm32h7xx_ll_spi.o(i.LL_I2S_ConfigPrescaler), (156 bytes).
    Removing stm32h7xx_ll_spi.o(i.LL_I2S_DeInit), (4 bytes).
    Removing stm32h7xx_ll_spi.o(i.LL_I2S_Init), (476 bytes).
    Removing stm32h7xx_ll_spi.o(i.LL_I2S_StructInit), (16 bytes).
    Removing stm32h7xx_ll_spi.o(i.LL_SPI_DeInit), (300 bytes).
    Removing stm32h7xx_ll_spi.o(i.LL_SPI_StructInit), (26 bytes).
    Removing stm32h7xx_ll_bdma.o(.rev16_text), (4 bytes).
    Removing stm32h7xx_ll_bdma.o(.revsh_text), (4 bytes).
    Removing stm32h7xx_ll_bdma.o(.rrx_text), (6 bytes).
    Removing stm32h7xx_ll_bdma.o(i.LL_BDMA_DeInit), (360 bytes).
    Removing stm32h7xx_ll_bdma.o(i.LL_BDMA_Init), (408 bytes).
    Removing stm32h7xx_ll_bdma.o(i.LL_BDMA_StructInit), (26 bytes).
    Removing stm32h7xx_ll_bdma.o(.constdata), (8 bytes).
    Removing stm32h7xx_ll_usart.o(.rev16_text), (4 bytes).
    Removing stm32h7xx_ll_usart.o(.revsh_text), (4 bytes).
    Removing stm32h7xx_ll_usart.o(.rrx_text), (6 bytes).
    Removing stm32h7xx_ll_usart.o(i.LL_APB1_GRP1_ForceReset), (16 bytes).
    Removing stm32h7xx_ll_usart.o(i.LL_APB1_GRP1_ReleaseReset), (16 bytes).
    Removing stm32h7xx_ll_usart.o(i.LL_USART_ClockInit), (316 bytes).
    Removing stm32h7xx_ll_usart.o(i.LL_USART_ClockStructInit), (12 bytes).
    Removing stm32h7xx_ll_usart.o(i.LL_USART_DeInit), (292 bytes).
    Removing stm32h7xx_ll_usart.o(i.LL_USART_StructInit), (26 bytes).
    Removing stm32h7xx_ll_dma.o(.rev16_text), (4 bytes).
    Removing stm32h7xx_ll_dma.o(.revsh_text), (4 bytes).
    Removing stm32h7xx_ll_dma.o(.rrx_text), (6 bytes).
    Removing stm32h7xx_ll_dma.o(i.LL_DMA_DeInit), (540 bytes).
    Removing stm32h7xx_ll_dma.o(i.LL_DMA_Init), (612 bytes).
    Removing stm32h7xx_ll_dma.o(i.LL_DMA_SetPeriphRequest), (64 bytes).
    Removing stm32h7xx_ll_dma.o(i.LL_DMA_StructInit), (34 bytes).
    Removing stm32h7xx_ll_dma.o(.constdata), (8 bytes).
    Removing stm32h7xx_ll_pwr.o(.rev16_text), (4 bytes).
    Removing stm32h7xx_ll_pwr.o(.revsh_text), (4 bytes).
    Removing stm32h7xx_ll_pwr.o(.rrx_text), (6 bytes).
    Removing stm32h7xx_ll_pwr.o(i.LL_PWR_DeInit), (16 bytes).

141 unused section(s) (total 31182 bytes) removed from the image.

==============================================================================

Image Symbol Table

    Local Symbols

    Symbol Name                              Value     Ov Type        Size  Object(Section)

    ../Drivers/STM32H7xx_HAL_Driver/Src/stm32h7xx_ll_bdma.c 0x00000000   Number         0  stm32h7xx_ll_bdma.o ABSOLUTE
    ../Drivers/STM32H7xx_HAL_Driver/Src/stm32h7xx_ll_dma.c 0x00000000   Number         0  stm32h7xx_ll_dma.o ABSOLUTE
    ../Drivers/STM32H7xx_HAL_Driver/Src/stm32h7xx_ll_exti.c 0x00000000   Number         0  stm32h7xx_ll_exti.o ABSOLUTE
    ../Drivers/STM32H7xx_HAL_Driver/Src/stm32h7xx_ll_gpio.c 0x00000000   Number         0  stm32h7xx_ll_gpio.o ABSOLUTE
    ../Drivers/STM32H7xx_HAL_Driver/Src/stm32h7xx_ll_pwr.c 0x00000000   Number         0  stm32h7xx_ll_pwr.o ABSOLUTE
    ../Drivers/STM32H7xx_HAL_Driver/Src/stm32h7xx_ll_rcc.c 0x00000000   Number         0  stm32h7xx_ll_rcc.o ABSOLUTE
    ../Drivers/STM32H7xx_HAL_Driver/Src/stm32h7xx_ll_spi.c 0x00000000   Number         0  stm32h7xx_ll_spi.o ABSOLUTE
    ../Drivers/STM32H7xx_HAL_Driver/Src/stm32h7xx_ll_usart.c 0x00000000   Number         0  stm32h7xx_ll_usart.o ABSOLUTE
    ../Drivers/STM32H7xx_HAL_Driver/Src/stm32h7xx_ll_utils.c 0x00000000   Number         0  stm32h7xx_ll_utils.o ABSOLUTE
    ../Src/gpio.c                            0x00000000   Number         0  gpio.o ABSOLUTE
    ../Src/main.c                            0x00000000   Number         0  main.o ABSOLUTE
    ../Src/spi.c                             0x00000000   Number         0  spi.o ABSOLUTE
    ../Src/stm32h7xx_it.c                    0x00000000   Number         0  stm32h7xx_it.o ABSOLUTE
    ../Src/system_stm32h7xx.c                0x00000000   Number         0  system_stm32h7xx.o ABSOLUTE
    ../Src/usart.c                           0x00000000   Number         0  usart.o ABSOLUTE
    ../clib/angel/boardlib.s                 0x00000000   Number         0  boardinit3.o ABSOLUTE
    ../clib/angel/boardlib.s                 0x00000000   Number         0  boardinit2.o ABSOLUTE
    ../clib/angel/boardlib.s                 0x00000000   Number         0  boardinit1.o ABSOLUTE
    ../clib/angel/boardlib.s                 0x00000000   Number         0  boardshut.o ABSOLUTE
    ../clib/angel/handlers.s                 0x00000000   Number         0  __scatter_copy.o ABSOLUTE
    ../clib/angel/handlers.s                 0x00000000   Number         0  __scatter_zi.o ABSOLUTE
    ../clib/angel/kernel.s                   0x00000000   Number         0  rtexit.o ABSOLUTE
    ../clib/angel/kernel.s                   0x00000000   Number         0  __rtentry4.o ABSOLUTE
    ../clib/angel/kernel.s                   0x00000000   Number         0  rtexit2.o ABSOLUTE
    ../clib/angel/kernel.s                   0x00000000   Number         0  __rtentry2.o ABSOLUTE
    ../clib/angel/kernel.s                   0x00000000   Number         0  __rtentry.o ABSOLUTE
    ../clib/angel/rt.s                       0x00000000   Number         0  rt_raise.o ABSOLUTE
    ../clib/angel/scatter.s                  0x00000000   Number         0  __scatter.o ABSOLUTE
    ../clib/angel/startup.s                  0x00000000   Number         0  __main.o ABSOLUTE
    ../clib/angel/sys.s                      0x00000000   Number         0  libspace.o ABSOLUTE
    ../clib/angel/sys.s                      0x00000000   Number         0  sys_stackheap_outer.o ABSOLUTE
    ../clib/angel/sys.s                      0x00000000   Number         0  indicate_semi.o ABSOLUTE
    ../clib/angel/sys.s                      0x00000000   Number         0  use_no_semi.o ABSOLUTE
    ../clib/angel/sysapp.c                   0x00000000   Number         0  sys_wrch.o ABSOLUTE
    ../clib/angel/sysapp.c                   0x00000000   Number         0  sys_command.o ABSOLUTE
    ../clib/angel/sysapp.c                   0x00000000   Number         0  sys_exit.o ABSOLUTE
    ../clib/armsys.c                         0x00000000   Number         0  _get_argv_nomalloc.o ABSOLUTE
    ../clib/armsys.c                         0x00000000   Number         0  no_argv.o ABSOLUTE
    ../clib/armsys.c                         0x00000000   Number         0  argv_veneer.o ABSOLUTE
    ../clib/armsys.c                         0x00000000   Number         0  argv_veneer.o ABSOLUTE
    ../clib/heapalloc.c                      0x00000000   Number         0  hrguard.o ABSOLUTE
    ../clib/heapaux.c                        0x00000000   Number         0  heapauxi.o ABSOLUTE
    ../clib/libinit.s                        0x00000000   Number         0  libshutdown.o ABSOLUTE
    ../clib/libinit.s                        0x00000000   Number         0  libinit2.o ABSOLUTE
    ../clib/libinit.s                        0x00000000   Number         0  libshutdown2.o ABSOLUTE
    ../clib/libinit.s                        0x00000000   Number         0  libinit.o ABSOLUTE
    ../clib/memcpset.s                       0x00000000   Number         0  rt_memclr_w.o ABSOLUTE
    ../clib/signal.c                         0x00000000   Number         0  defsig_segv_inner.o ABSOLUTE
    ../clib/signal.c                         0x00000000   Number         0  defsig_stak_inner.o ABSOLUTE
    ../clib/signal.c                         0x00000000   Number         0  defsig_other.o ABSOLUTE
    ../clib/signal.c                         0x00000000   Number         0  defsig_pvfn_inner.o ABSOLUTE
    ../clib/signal.c                         0x00000000   Number         0  __raise.o ABSOLUTE
    ../clib/signal.c                         0x00000000   Number         0  defsig_cppl_inner.o ABSOLUTE
    ../clib/signal.c                         0x00000000   Number         0  defsig_rtmem_outer.o ABSOLUTE
    ../clib/signal.c                         0x00000000   Number         0  defsig_rtmem_formal.o ABSOLUTE
    ../clib/signal.c                         0x00000000   Number         0  defsig_exit.o ABSOLUTE
    ../clib/signal.c                         0x00000000   Number         0  defsig_rtmem_inner.o ABSOLUTE
    ../clib/signal.c                         0x00000000   Number         0  defsig_general.o ABSOLUTE
    ../clib/signal.c                         0x00000000   Number         0  defsig_abrt_inner.o ABSOLUTE
    ../clib/signal.c                         0x00000000   Number         0  defsig_fpe_inner.o ABSOLUTE
    ../clib/signal.c                         0x00000000   Number         0  defsig_rtred_inner.o ABSOLUTE
    ../clib/signal.s                         0x00000000   Number         0  defsig.o ABSOLUTE
    ../clib/stdlib.c                         0x00000000   Number         0  exit.o ABSOLUTE
    ../fplib/fpinit.s                        0x00000000   Number         0  fpinit.o ABSOLUTE
    ..\Drivers\STM32H7xx_HAL_Driver\Src\stm32h7xx_ll_bdma.c 0x00000000   Number         0  stm32h7xx_ll_bdma.o ABSOLUTE
    ..\Drivers\STM32H7xx_HAL_Driver\Src\stm32h7xx_ll_dma.c 0x00000000   Number         0  stm32h7xx_ll_dma.o ABSOLUTE
    ..\Drivers\STM32H7xx_HAL_Driver\Src\stm32h7xx_ll_exti.c 0x00000000   Number         0  stm32h7xx_ll_exti.o ABSOLUTE
    ..\Drivers\STM32H7xx_HAL_Driver\Src\stm32h7xx_ll_gpio.c 0x00000000   Number         0  stm32h7xx_ll_gpio.o ABSOLUTE
    ..\Drivers\STM32H7xx_HAL_Driver\Src\stm32h7xx_ll_pwr.c 0x00000000   Number         0  stm32h7xx_ll_pwr.o ABSOLUTE
    ..\Drivers\STM32H7xx_HAL_Driver\Src\stm32h7xx_ll_rcc.c 0x00000000   Number         0  stm32h7xx_ll_rcc.o ABSOLUTE
    ..\Drivers\STM32H7xx_HAL_Driver\Src\stm32h7xx_ll_spi.c 0x00000000   Number         0  stm32h7xx_ll_spi.o ABSOLUTE
    ..\Drivers\STM32H7xx_HAL_Driver\Src\stm32h7xx_ll_usart.c 0x00000000   Number         0  stm32h7xx_ll_usart.o ABSOLUTE
    ..\Drivers\STM32H7xx_HAL_Driver\Src\stm32h7xx_ll_utils.c 0x00000000   Number         0  stm32h7xx_ll_utils.o ABSOLUTE
    ..\Src\Lcd.c                             0x00000000   Number         0  lcd.o ABSOLUTE
    ..\Src\Led.c                             0x00000000   Number         0  led.o ABSOLUTE
    ..\Src\Usart1.c                          0x00000000   Number         0  usart1.o ABSOLUTE
    ..\Src\gpio.c                            0x00000000   Number         0  gpio.o ABSOLUTE
    ..\Src\main.c                            0x00000000   Number         0  main.o ABSOLUTE
    ..\Src\spi.c                             0x00000000   Number         0  spi.o ABSOLUTE
    ..\Src\stm32h7xx_it.c                    0x00000000   Number         0  stm32h7xx_it.o ABSOLUTE
    ..\Src\system_stm32h7xx.c                0x00000000   Number         0  system_stm32h7xx.o ABSOLUTE
    ..\Src\usart.c                           0x00000000   Number         0  usart.o ABSOLUTE
    ..\\Src\\Lcd.c                           0x00000000   Number         0  lcd.o ABSOLUTE
    ..\\Src\\Led.c                           0x00000000   Number         0  led.o ABSOLUTE
    ..\\Src\\Usart1.c                        0x00000000   Number         0  usart1.o ABSOLUTE
    dc.s                                     0x00000000   Number         0  dc.o ABSOLUTE
    startup_stm32h750xx.s                    0x00000000   Number         0  startup_stm32h750xx.o ABSOLUTE
    RESET                                    0x08000000   Section      664  startup_stm32h750xx.o(RESET)
    !!!main                                  0x08000298   Section        8  __main.o(!!!main)
    !!!scatter                               0x080002a0   Section       52  __scatter.o(!!!scatter)
    !!handler_copy                           0x080002d4   Section       26  __scatter_copy.o(!!handler_copy)
    !!handler_zi                             0x080002f0   Section       28  __scatter_zi.o(!!handler_zi)
    .ARM.Collect$$libinit$$00000000          0x0800030c   Section        2  libinit.o(.ARM.Collect$$libinit$$00000000)
    .ARM.Collect$$libinit$$00000001          0x0800030e   Section        4  libinit2.o(.ARM.Collect$$libinit$$00000001)
    .ARM.Collect$$libinit$$00000004          0x08000312   Section        0  libinit2.o(.ARM.Collect$$libinit$$00000004)
    .ARM.Collect$$libinit$$0000000A          0x08000312   Section        0  libinit2.o(.ARM.Collect$$libinit$$0000000A)
    .ARM.Collect$$libinit$$0000000C          0x08000312   Section        0  libinit2.o(.ARM.Collect$$libinit$$0000000C)
    .ARM.Collect$$libinit$$0000000E          0x08000312   Section        0  libinit2.o(.ARM.Collect$$libinit$$0000000E)
    .ARM.Collect$$libinit$$00000011          0x08000312   Section        0  libinit2.o(.ARM.Collect$$libinit$$00000011)
    .ARM.Collect$$libinit$$00000013          0x08000312   Section        0  libinit2.o(.ARM.Collect$$libinit$$00000013)
    .ARM.Collect$$libinit$$00000015          0x08000312   Section        0  libinit2.o(.ARM.Collect$$libinit$$00000015)
    .ARM.Collect$$libinit$$00000017          0x08000312   Section        0  libinit2.o(.ARM.Collect$$libinit$$00000017)
    .ARM.Collect$$libinit$$00000019          0x08000312   Section        0  libinit2.o(.ARM.Collect$$libinit$$00000019)
    .ARM.Collect$$libinit$$0000001B          0x08000312   Section        0  libinit2.o(.ARM.Collect$$libinit$$0000001B)
    .ARM.Collect$$libinit$$0000001D          0x08000312   Section        0  libinit2.o(.ARM.Collect$$libinit$$0000001D)
    .ARM.Collect$$libinit$$0000001F          0x08000312   Section        0  libinit2.o(.ARM.Collect$$libinit$$0000001F)
    .ARM.Collect$$libinit$$00000021          0x08000312   Section        0  libinit2.o(.ARM.Collect$$libinit$$00000021)
    .ARM.Collect$$libinit$$00000023          0x08000312   Section        0  libinit2.o(.ARM.Collect$$libinit$$00000023)
    .ARM.Collect$$libinit$$00000025          0x08000312   Section        0  libinit2.o(.ARM.Collect$$libinit$$00000025)
    .ARM.Collect$$libinit$$0000002C          0x08000312   Section        0  libinit2.o(.ARM.Collect$$libinit$$0000002C)
    .ARM.Collect$$libinit$$0000002E          0x08000312   Section        0  libinit2.o(.ARM.Collect$$libinit$$0000002E)
    .ARM.Collect$$libinit$$00000030          0x08000312   Section        0  libinit2.o(.ARM.Collect$$libinit$$00000030)
    .ARM.Collect$$libinit$$00000032          0x08000312   Section        0  libinit2.o(.ARM.Collect$$libinit$$00000032)
    .ARM.Collect$$libinit$$00000033          0x08000312   Section        2  libinit2.o(.ARM.Collect$$libinit$$00000033)
    .ARM.Collect$$libshutdown$$00000000      0x08000314   Section        2  libshutdown.o(.ARM.Collect$$libshutdown$$00000000)
    .ARM.Collect$$libshutdown$$00000002      0x08000316   Section        0  libshutdown2.o(.ARM.Collect$$libshutdown$$00000002)
    .ARM.Collect$$libshutdown$$00000004      0x08000316   Section        0  libshutdown2.o(.ARM.Collect$$libshutdown$$00000004)
    .ARM.Collect$$libshutdown$$00000006      0x08000316   Section        0  libshutdown2.o(.ARM.Collect$$libshutdown$$00000006)
    .ARM.Collect$$libshutdown$$00000009      0x08000316   Section        0  libshutdown2.o(.ARM.Collect$$libshutdown$$00000009)
    .ARM.Collect$$libshutdown$$0000000C      0x08000316   Section        0  libshutdown2.o(.ARM.Collect$$libshutdown$$0000000C)
    .ARM.Collect$$libshutdown$$0000000E      0x08000316   Section        0  libshutdown2.o(.ARM.Collect$$libshutdown$$0000000E)
    .ARM.Collect$$libshutdown$$00000011      0x08000316   Section        0  libshutdown2.o(.ARM.Collect$$libshutdown$$00000011)
    .ARM.Collect$$libshutdown$$00000012      0x08000316   Section        2  libshutdown2.o(.ARM.Collect$$libshutdown$$00000012)
    .ARM.Collect$$rtentry$$00000000          0x08000318   Section        0  __rtentry.o(.ARM.Collect$$rtentry$$00000000)
    .ARM.Collect$$rtentry$$00000002          0x08000318   Section        0  __rtentry2.o(.ARM.Collect$$rtentry$$00000002)
    .ARM.Collect$$rtentry$$00000004          0x08000318   Section        6  __rtentry4.o(.ARM.Collect$$rtentry$$00000004)
    .ARM.Collect$$rtentry$$00000009          0x0800031e   Section        0  __rtentry2.o(.ARM.Collect$$rtentry$$00000009)
    .ARM.Collect$$rtentry$$0000000A          0x0800031e   Section        4  __rtentry2.o(.ARM.Collect$$rtentry$$0000000A)
    .ARM.Collect$$rtentry$$0000000C          0x08000322   Section        0  __rtentry2.o(.ARM.Collect$$rtentry$$0000000C)
    .ARM.Collect$$rtentry$$0000000D          0x08000322   Section        8  __rtentry2.o(.ARM.Collect$$rtentry$$0000000D)
    .ARM.Collect$$rtexit$$00000000           0x0800032a   Section        2  rtexit.o(.ARM.Collect$$rtexit$$00000000)
    .ARM.Collect$$rtexit$$00000002           0x0800032c   Section        0  rtexit2.o(.ARM.Collect$$rtexit$$00000002)
    .ARM.Collect$$rtexit$$00000003           0x0800032c   Section        4  rtexit2.o(.ARM.Collect$$rtexit$$00000003)
    .ARM.Collect$$rtexit$$00000004           0x08000330   Section        6  rtexit2.o(.ARM.Collect$$rtexit$$00000004)
    .text                                    0x08000338   Section       64  startup_stm32h750xx.o(.text)
    $v0                                      0x08000338   Number         0  startup_stm32h750xx.o(.text)
    .text                                    0x08000378   Section       78  rt_memclr_w.o(.text)
    .text                                    0x080003c6   Section        0  heapauxi.o(.text)
    .text                                    0x080003cc   Section       74  sys_stackheap_outer.o(.text)
    .text                                    0x08000416   Section        0  exit.o(.text)
    .text                                    0x08000428   Section        8  libspace.o(.text)
    .text                                    0x08000430   Section        0  sys_exit.o(.text)
    .text                                    0x0800043c   Section        2  use_no_semi.o(.text)
    .text                                    0x0800043e   Section        0  indicate_semi.o(.text)
    i.BusFault_Handler                       0x0800043e   Section        0  stm32h7xx_it.o(i.BusFault_Handler)
    i.DebugMon_Handler                       0x08000440   Section        0  stm32h7xx_it.o(i.DebugMon_Handler)
    i.HardFault_Handler                      0x08000442   Section        0  stm32h7xx_it.o(i.HardFault_Handler)
    i.LCD_Address_Set                        0x08000444   Section        0  lcd.o(i.LCD_Address_Set)
    i.LCD_Clear                              0x08000480   Section        0  lcd.o(i.LCD_Clear)
    i.LCD_Fill                               0x08000494   Section        0  lcd.o(i.LCD_Fill)
    i.LCD_Init                               0x08000500   Section        0  lcd.o(i.LCD_Init)
    i.LCD_Show_Image                         0x08000504   Section        0  lcd.o(i.LCD_Show_Image)
    i.LCD_Software_Init                      0x08000544   Section        0  lcd.o(i.LCD_Software_Init)
    i.LCD_Write_Cmd                          0x08000730   Section        0  lcd.o(i.LCD_Write_Cmd)
    i.LCD_Write_Data                         0x08000740   Section        0  lcd.o(i.LCD_Write_Data)
    i.LCD_Write_Data_16bit                   0x08000750   Section        0  lcd.o(i.LCD_Write_Data_16bit)
    i.LCD_Write_Data_16bits                  0x08000770   Section        0  lcd.o(i.LCD_Write_Data_16bits)
    i.LCD_Write_Data_8bit                    0x0800078c   Section        0  lcd.o(i.LCD_Write_Data_8bit)
    i.LCD_Write_Data_8bits                   0x080007dc   Section        0  lcd.o(i.LCD_Write_Data_8bits)
    i.LL_AHB4_GRP1_EnableClock               0x080007f4   Section        0  gpio.o(i.LL_AHB4_GRP1_EnableClock)
    LL_AHB4_GRP1_EnableClock                 0x080007f5   Thumb Code    18  gpio.o(i.LL_AHB4_GRP1_EnableClock)
    i.LL_GPIO_Init                           0x0800080c   Section        0  stm32h7xx_ll_gpio.o(i.LL_GPIO_Init)
    i.LL_Init1msTick                         0x08000a30   Section        0  stm32h7xx_ll_utils.o(i.LL_Init1msTick)
    i.LL_RCC_CSI_IsReady                     0x08000a4c   Section        0  stm32h7xx_ll_rcc.o(i.LL_RCC_CSI_IsReady)
    LL_RCC_CSI_IsReady                       0x08000a4d   Thumb Code    10  stm32h7xx_ll_rcc.o(i.LL_RCC_CSI_IsReady)
    i.LL_RCC_CalcPLLClockFreq                0x08000a5c   Section        0  stm32h7xx_ll_rcc.o(i.LL_RCC_CalcPLLClockFreq)
    i.LL_RCC_GetClockSource                  0x08000aa8   Section        0  stm32h7xx_ll_rcc.o(i.LL_RCC_GetClockSource)
    LL_RCC_GetClockSource                    0x08000aa9   Thumb Code    26  stm32h7xx_ll_rcc.o(i.LL_RCC_GetClockSource)
    i.LL_RCC_GetPLL1ClockFreq                0x08000ac8   Section        0  stm32h7xx_ll_rcc.o(i.LL_RCC_GetPLL1ClockFreq)
    i.LL_RCC_GetPLL2ClockFreq                0x08000bb8   Section        0  stm32h7xx_ll_rcc.o(i.LL_RCC_GetPLL2ClockFreq)
    i.LL_RCC_GetPLL3ClockFreq                0x08000cac   Section        0  stm32h7xx_ll_rcc.o(i.LL_RCC_GetPLL3ClockFreq)
    i.LL_RCC_GetSysPrescaler                 0x08000da4   Section        0  stm32h7xx_ll_rcc.o(i.LL_RCC_GetSysPrescaler)
    LL_RCC_GetSysPrescaler                   0x08000da5   Thumb Code    10  stm32h7xx_ll_rcc.o(i.LL_RCC_GetSysPrescaler)
    i.LL_RCC_GetUSARTClockFreq               0x08000db4   Section        0  stm32h7xx_ll_rcc.o(i.LL_RCC_GetUSARTClockFreq)
    i.LL_RCC_HSE_IsReady                     0x08000f18   Section        0  stm32h7xx_ll_rcc.o(i.LL_RCC_HSE_IsReady)
    LL_RCC_HSE_IsReady                       0x08000f19   Thumb Code    10  stm32h7xx_ll_rcc.o(i.LL_RCC_HSE_IsReady)
    i.LL_RCC_HSI_GetDivider                  0x08000f28   Section        0  stm32h7xx_ll_rcc.o(i.LL_RCC_HSI_GetDivider)
    LL_RCC_HSI_GetDivider                    0x08000f29   Thumb Code    10  stm32h7xx_ll_rcc.o(i.LL_RCC_HSI_GetDivider)
    i.LL_RCC_HSI_IsReady                     0x08000f38   Section        0  stm32h7xx_ll_rcc.o(i.LL_RCC_HSI_IsReady)
    LL_RCC_HSI_IsReady                       0x08000f39   Thumb Code    10  stm32h7xx_ll_rcc.o(i.LL_RCC_HSI_IsReady)
    i.LL_RCC_LSE_IsReady                     0x08000f48   Section        0  stm32h7xx_ll_rcc.o(i.LL_RCC_LSE_IsReady)
    LL_RCC_LSE_IsReady                       0x08000f49   Thumb Code    10  stm32h7xx_ll_rcc.o(i.LL_RCC_LSE_IsReady)
    i.LL_RCC_PLL2_IsReady                    0x08000f58   Section        0  stm32h7xx_ll_rcc.o(i.LL_RCC_PLL2_IsReady)
    LL_RCC_PLL2_IsReady                      0x08000f59   Thumb Code    10  stm32h7xx_ll_rcc.o(i.LL_RCC_PLL2_IsReady)
    i.LL_RCC_PLL3_IsReady                    0x08000f68   Section        0  stm32h7xx_ll_rcc.o(i.LL_RCC_PLL3_IsReady)
    LL_RCC_PLL3_IsReady                      0x08000f69   Thumb Code    10  stm32h7xx_ll_rcc.o(i.LL_RCC_PLL3_IsReady)
    i.LL_RCC_SetAHBPrescaler                 0x08000f78   Section        0  main.o(i.LL_RCC_SetAHBPrescaler)
    LL_RCC_SetAHBPrescaler                   0x08000f79   Thumb Code    14  main.o(i.LL_RCC_SetAHBPrescaler)
    i.LL_SPI_Init                            0x08000f8c   Section        0  stm32h7xx_ll_spi.o(i.LL_SPI_Init)
    i.LL_SetSystemCoreClock                  0x08001224   Section        0  stm32h7xx_ll_utils.o(i.LL_SetSystemCoreClock)
    i.LL_USART_Init                          0x08001230   Section        0  stm32h7xx_ll_usart.o(i.LL_USART_Init)
    i.LL_mDelay                              0x080014c4   Section        0  stm32h7xx_ll_utils.o(i.LL_mDelay)
    i.MX_GPIO_Init                           0x080014e4   Section        0  gpio.o(i.MX_GPIO_Init)
    i.MX_SPI6_Init                           0x0800156c   Section        0  spi.o(i.MX_SPI6_Init)
    i.MX_USART1_UART_Init                    0x08001638   Section        0  usart.o(i.MX_USART1_UART_Init)
    i.MemManage_Handler                      0x0800178c   Section        0  stm32h7xx_it.o(i.MemManage_Handler)
    i.NMI_Handler                            0x0800178e   Section        0  stm32h7xx_it.o(i.NMI_Handler)
    i.PendSV_Handler                         0x08001790   Section        0  stm32h7xx_it.o(i.PendSV_Handler)
    i.RCC_GetHCLKClockFreq                   0x08001794   Section        0  stm32h7xx_ll_rcc.o(i.RCC_GetHCLKClockFreq)
    RCC_GetHCLKClockFreq                     0x08001795   Thumb Code    20  stm32h7xx_ll_rcc.o(i.RCC_GetHCLKClockFreq)
    i.RCC_GetPCLK1ClockFreq                  0x080017b0   Section        0  stm32h7xx_ll_rcc.o(i.RCC_GetPCLK1ClockFreq)
    RCC_GetPCLK1ClockFreq                    0x080017b1   Thumb Code    22  stm32h7xx_ll_rcc.o(i.RCC_GetPCLK1ClockFreq)
    i.RCC_GetPCLK2ClockFreq                  0x080017d0   Section        0  stm32h7xx_ll_rcc.o(i.RCC_GetPCLK2ClockFreq)
    RCC_GetPCLK2ClockFreq                    0x080017d1   Thumb Code    22  stm32h7xx_ll_rcc.o(i.RCC_GetPCLK2ClockFreq)
    i.RCC_GetSystemClockFreq                 0x080017f0   Section        0  stm32h7xx_ll_rcc.o(i.RCC_GetSystemClockFreq)
    RCC_GetSystemClockFreq                   0x080017f1   Thumb Code    56  stm32h7xx_ll_rcc.o(i.RCC_GetSystemClockFreq)
    i.SVC_Handler                            0x08001838   Section        0  stm32h7xx_it.o(i.SVC_Handler)
    i.SysTick_Handler                        0x0800183a   Section        0  stm32h7xx_it.o(i.SysTick_Handler)
    i.SystemClock_Config                     0x0800183c   Section        0  main.o(i.SystemClock_Config)
    i.SystemInit                             0x080019a4   Section        0  system_stm32h7xx.o(i.SystemInit)
    i.USART1_IRQHandler                      0x08001a80   Section        0  stm32h7xx_it.o(i.USART1_IRQHandler)
    i.UsageFault_Handler                     0x08001ab4   Section        0  stm32h7xx_it.o(i.UsageFault_Handler)
    i.assert_failed                          0x08001ab6   Section        0  main.o(i.assert_failed)
    i.main                                   0x08001ab8   Section        0  main.o(i.main)
    x$fpl$fpinit                             0x08001be8   Section       10  fpinit.o(x$fpl$fpinit)
    $v0                                      0x08001be8   Number         0  fpinit.o(x$fpl$fpinit)
    .constdata                               0x08001bf2   Section    25600  lcd.o(.constdata)
    .constdata                               0x08007ff2   Section       16  stm32h7xx_ll_rcc.o(.constdata)
    .constdata                               0x08008004   Section       48  stm32h7xx_ll_usart.o(.constdata)
    USART_PRESCALER_TAB                      0x08008004   Data          48  stm32h7xx_ll_usart.o(.constdata)
    .data                                    0x24000000   Section        2  usart1.o(.data)
    .data                                    0x24000002   Section        1  usart1.o(.data)
    .data                                    0x24000004   Section        8  system_stm32h7xx.o(.data)
    .bss                                     0x2400000c   Section      200  usart1.o(.bss)
    .bss                                     0x240000d4   Section    25600  lcd.o(.bss)
    lcd_buf                                  0x240000d4   Data       25600  lcd.o(.bss)
    .bss                                     0x240064d4   Section       96  libspace.o(.bss)
    HEAP                                     0x24006538   Section      512  startup_stm32h750xx.o(HEAP)
    Heap_Mem                                 0x24006538   Data         512  startup_stm32h750xx.o(HEAP)
    STACK                                    0x24006738   Section     1024  startup_stm32h750xx.o(STACK)
    Stack_Mem                                0x24006738   Data        1024  startup_stm32h750xx.o(STACK)
    __initial_sp                             0x24006b38   Data           0  startup_stm32h750xx.o(STACK)

    Global Symbols

    Symbol Name                              Value     Ov Type        Size  Object(Section)

    BuildAttributes$$THM_ISAv4$E$P$D$K$B$S$7EM$VFPv5_D16$PE$PLD8$A:L22UL41UL21$X:L11$S22US41US21$IEEE1$IW$USESV6$~STKCKD$USESV7$~SHL$OSPACE$ROPI$EBA8$UX$STANDARDLIB$REQ8$PRES8$EABIv2 0x00000000   Number         0  anon$$obj.o ABSOLUTE
    __ARM_use_no_argv                        0x00000000   Number         0  main.o ABSOLUTE
    __ARM_exceptions_init                     - Undefined Weak Reference
    __alloca_initialize                       - Undefined Weak Reference
    __arm_fini_                               - Undefined Weak Reference
    __arm_preinit_                            - Undefined Weak Reference
    __cpp_initialize__aeabi_                  - Undefined Weak Reference
    __cxa_finalize                            - Undefined Weak Reference
    __rt_locale                               - Undefined Weak Reference
    __sigvec_lookup                           - Undefined Weak Reference
    _atexit_init                              - Undefined Weak Reference
    _call_atexit_fns                          - Undefined Weak Reference
    _clock_init                               - Undefined Weak Reference
    _fp_trap_init                             - Undefined Weak Reference
    _fp_trap_shutdown                         - Undefined Weak Reference
    _get_lc_collate                           - Undefined Weak Reference
    _get_lc_ctype                             - Undefined Weak Reference
    _get_lc_monetary                          - Undefined Weak Reference
    _get_lc_numeric                           - Undefined Weak Reference
    _get_lc_time                              - Undefined Weak Reference
    _getenv_init                              - Undefined Weak Reference
    _handle_redirection                       - Undefined Weak Reference
    _init_alloc                               - Undefined Weak Reference
    _init_user_alloc                          - Undefined Weak Reference
    _initio                                   - Undefined Weak Reference
    _rand_init                                - Undefined Weak Reference
    _signal_finish                            - Undefined Weak Reference
    _signal_init                              - Undefined Weak Reference
    _terminate_alloc                          - Undefined Weak Reference
    _terminate_user_alloc                     - Undefined Weak Reference
    _terminateio                              - Undefined Weak Reference
    __Vectors_Size                           0x00000298   Number         0  startup_stm32h750xx.o ABSOLUTE
    __Vectors                                0x08000000   Data           4  startup_stm32h750xx.o(RESET)
    __Vectors_End                            0x08000298   Data           0  startup_stm32h750xx.o(RESET)
    __main                                   0x08000299   Thumb Code     8  __main.o(!!!main)
    __scatterload                            0x080002a1   Thumb Code     0  __scatter.o(!!!scatter)
    __scatterload_rt2                        0x080002a1   Thumb Code    44  __scatter.o(!!!scatter)
    __scatterload_rt2_thumb_only             0x080002a1   Thumb Code     0  __scatter.o(!!!scatter)
    __scatterload_null                       0x080002af   Thumb Code     0  __scatter.o(!!!scatter)
    __scatterload_copy                       0x080002d5   Thumb Code    26  __scatter_copy.o(!!handler_copy)
    __scatterload_zeroinit                   0x080002f1   Thumb Code    28  __scatter_zi.o(!!handler_zi)
    __rt_lib_init                            0x0800030d   Thumb Code     0  libinit.o(.ARM.Collect$$libinit$$00000000)
    __rt_lib_init_fp_1                       0x0800030f   Thumb Code     0  libinit2.o(.ARM.Collect$$libinit$$00000001)
    __rt_lib_init_alloca_1                   0x08000313   Thumb Code     0  libinit2.o(.ARM.Collect$$libinit$$0000002E)
    __rt_lib_init_argv_1                     0x08000313   Thumb Code     0  libinit2.o(.ARM.Collect$$libinit$$0000002C)
    __rt_lib_init_atexit_1                   0x08000313   Thumb Code     0  libinit2.o(.ARM.Collect$$libinit$$0000001B)
    __rt_lib_init_clock_1                    0x08000313   Thumb Code     0  libinit2.o(.ARM.Collect$$libinit$$00000021)
    __rt_lib_init_cpp_1                      0x08000313   Thumb Code     0  libinit2.o(.ARM.Collect$$libinit$$00000032)
    __rt_lib_init_exceptions_1               0x08000313   Thumb Code     0  libinit2.o(.ARM.Collect$$libinit$$00000030)
    __rt_lib_init_fp_trap_1                  0x08000313   Thumb Code     0  libinit2.o(.ARM.Collect$$libinit$$0000001F)
    __rt_lib_init_getenv_1                   0x08000313   Thumb Code     0  libinit2.o(.ARM.Collect$$libinit$$00000023)
    __rt_lib_init_heap_1                     0x08000313   Thumb Code     0  libinit2.o(.ARM.Collect$$libinit$$0000000A)
    __rt_lib_init_lc_collate_1               0x08000313   Thumb Code     0  libinit2.o(.ARM.Collect$$libinit$$00000011)
    __rt_lib_init_lc_ctype_1                 0x08000313   Thumb Code     0  libinit2.o(.ARM.Collect$$libinit$$00000013)
    __rt_lib_init_lc_monetary_1              0x08000313   Thumb Code     0  libinit2.o(.ARM.Collect$$libinit$$00000015)
    __rt_lib_init_lc_numeric_1               0x08000313   Thumb Code     0  libinit2.o(.ARM.Collect$$libinit$$00000017)
    __rt_lib_init_lc_time_1                  0x08000313   Thumb Code     0  libinit2.o(.ARM.Collect$$libinit$$00000019)
    __rt_lib_init_preinit_1                  0x08000313   Thumb Code     0  libinit2.o(.ARM.Collect$$libinit$$00000004)
    __rt_lib_init_rand_1                     0x08000313   Thumb Code     0  libinit2.o(.ARM.Collect$$libinit$$0000000E)
    __rt_lib_init_return                     0x08000313   Thumb Code     0  libinit2.o(.ARM.Collect$$libinit$$00000033)
    __rt_lib_init_signal_1                   0x08000313   Thumb Code     0  libinit2.o(.ARM.Collect$$libinit$$0000001D)
    __rt_lib_init_stdio_1                    0x08000313   Thumb Code     0  libinit2.o(.ARM.Collect$$libinit$$00000025)
    __rt_lib_init_user_alloc_1               0x08000313   Thumb Code     0  libinit2.o(.ARM.Collect$$libinit$$0000000C)
    __rt_lib_shutdown                        0x08000315   Thumb Code     0  libshutdown.o(.ARM.Collect$$libshutdown$$00000000)
    __rt_lib_shutdown_cpp_1                  0x08000317   Thumb Code     0  libshutdown2.o(.ARM.Collect$$libshutdown$$00000004)
    __rt_lib_shutdown_fini_1                 0x08000317   Thumb Code     0  libshutdown2.o(.ARM.Collect$$libshutdown$$00000002)
    __rt_lib_shutdown_fp_trap_1              0x08000317   Thumb Code     0  libshutdown2.o(.ARM.Collect$$libshutdown$$00000009)
    __rt_lib_shutdown_heap_1                 0x08000317   Thumb Code     0  libshutdown2.o(.ARM.Collect$$libshutdown$$00000011)
    __rt_lib_shutdown_return                 0x08000317   Thumb Code     0  libshutdown2.o(.ARM.Collect$$libshutdown$$00000012)
    __rt_lib_shutdown_signal_1               0x08000317   Thumb Code     0  libshutdown2.o(.ARM.Collect$$libshutdown$$0000000C)
    __rt_lib_shutdown_stdio_1                0x08000317   Thumb Code     0  libshutdown2.o(.ARM.Collect$$libshutdown$$00000006)
    __rt_lib_shutdown_user_alloc_1           0x08000317   Thumb Code     0  libshutdown2.o(.ARM.Collect$$libshutdown$$0000000E)
    __rt_entry                               0x08000319   Thumb Code     0  __rtentry.o(.ARM.Collect$$rtentry$$00000000)
    __rt_entry_presh_1                       0x08000319   Thumb Code     0  __rtentry2.o(.ARM.Collect$$rtentry$$00000002)
    __rt_entry_sh                            0x08000319   Thumb Code     0  __rtentry4.o(.ARM.Collect$$rtentry$$00000004)
    __rt_entry_li                            0x0800031f   Thumb Code     0  __rtentry2.o(.ARM.Collect$$rtentry$$0000000A)
    __rt_entry_postsh_1                      0x0800031f   Thumb Code     0  __rtentry2.o(.ARM.Collect$$rtentry$$00000009)
    __rt_entry_main                          0x08000323   Thumb Code     0  __rtentry2.o(.ARM.Collect$$rtentry$$0000000D)
    __rt_entry_postli_1                      0x08000323   Thumb Code     0  __rtentry2.o(.ARM.Collect$$rtentry$$0000000C)
    __rt_exit                                0x0800032b   Thumb Code     0  rtexit.o(.ARM.Collect$$rtexit$$00000000)
    __rt_exit_ls                             0x0800032d   Thumb Code     0  rtexit2.o(.ARM.Collect$$rtexit$$00000003)
    __rt_exit_prels_1                        0x0800032d   Thumb Code     0  rtexit2.o(.ARM.Collect$$rtexit$$00000002)
    __rt_exit_exit                           0x08000331   Thumb Code     0  rtexit2.o(.ARM.Collect$$rtexit$$00000004)
    Reset_Handler                            0x08000339   Thumb Code     8  startup_stm32h750xx.o(.text)
    ADC3_IRQHandler                          0x08000353   Thumb Code     0  startup_stm32h750xx.o(.text)
    ADC_IRQHandler                           0x08000353   Thumb Code     0  startup_stm32h750xx.o(.text)
    BDMA_Channel0_IRQHandler                 0x08000353   Thumb Code     0  startup_stm32h750xx.o(.text)
    BDMA_Channel1_IRQHandler                 0x08000353   Thumb Code     0  startup_stm32h750xx.o(.text)
    BDMA_Channel2_IRQHandler                 0x08000353   Thumb Code     0  startup_stm32h750xx.o(.text)
    BDMA_Channel3_IRQHandler                 0x08000353   Thumb Code     0  startup_stm32h750xx.o(.text)
    BDMA_Channel4_IRQHandler                 0x08000353   Thumb Code     0  startup_stm32h750xx.o(.text)
    BDMA_Channel5_IRQHandler                 0x08000353   Thumb Code     0  startup_stm32h750xx.o(.text)
    BDMA_Channel6_IRQHandler                 0x08000353   Thumb Code     0  startup_stm32h750xx.o(.text)
    BDMA_Channel7_IRQHandler                 0x08000353   Thumb Code     0  startup_stm32h750xx.o(.text)
    CEC_IRQHandler                           0x08000353   Thumb Code     0  startup_stm32h750xx.o(.text)
    COMP1_IRQHandler                         0x08000353   Thumb Code     0  startup_stm32h750xx.o(.text)
    CRS_IRQHandler                           0x08000353   Thumb Code     0  startup_stm32h750xx.o(.text)
    CRYP_IRQHandler                          0x08000353   Thumb Code     0  startup_stm32h750xx.o(.text)
    DCMI_IRQHandler                          0x08000353   Thumb Code     0  startup_stm32h750xx.o(.text)
    DFSDM1_FLT0_IRQHandler                   0x08000353   Thumb Code     0  startup_stm32h750xx.o(.text)
    DFSDM1_FLT1_IRQHandler                   0x08000353   Thumb Code     0  startup_stm32h750xx.o(.text)
    DFSDM1_FLT2_IRQHandler                   0x08000353   Thumb Code     0  startup_stm32h750xx.o(.text)
    DFSDM1_FLT3_IRQHandler                   0x08000353   Thumb Code     0  startup_stm32h750xx.o(.text)
    DMA1_Stream0_IRQHandler                  0x08000353   Thumb Code     0  startup_stm32h750xx.o(.text)
    DMA1_Stream1_IRQHandler                  0x08000353   Thumb Code     0  startup_stm32h750xx.o(.text)
    DMA1_Stream2_IRQHandler                  0x08000353   Thumb Code     0  startup_stm32h750xx.o(.text)
    DMA1_Stream3_IRQHandler                  0x08000353   Thumb Code     0  startup_stm32h750xx.o(.text)
    DMA1_Stream4_IRQHandler                  0x08000353   Thumb Code     0  startup_stm32h750xx.o(.text)
    DMA1_Stream5_IRQHandler                  0x08000353   Thumb Code     0  startup_stm32h750xx.o(.text)
    DMA1_Stream6_IRQHandler                  0x08000353   Thumb Code     0  startup_stm32h750xx.o(.text)
    DMA1_Stream7_IRQHandler                  0x08000353   Thumb Code     0  startup_stm32h750xx.o(.text)
    DMA2D_IRQHandler                         0x08000353   Thumb Code     0  startup_stm32h750xx.o(.text)
    DMA2_Stream0_IRQHandler                  0x08000353   Thumb Code     0  startup_stm32h750xx.o(.text)
    DMA2_Stream1_IRQHandler                  0x08000353   Thumb Code     0  startup_stm32h750xx.o(.text)
    DMA2_Stream2_IRQHandler                  0x08000353   Thumb Code     0  startup_stm32h750xx.o(.text)
    DMA2_Stream3_IRQHandler                  0x08000353   Thumb Code     0  startup_stm32h750xx.o(.text)
    DMA2_Stream4_IRQHandler                  0x08000353   Thumb Code     0  startup_stm32h750xx.o(.text)
    DMA2_Stream5_IRQHandler                  0x08000353   Thumb Code     0  startup_stm32h750xx.o(.text)
    DMA2_Stream6_IRQHandler                  0x08000353   Thumb Code     0  startup_stm32h750xx.o(.text)
    DMA2_Stream7_IRQHandler                  0x08000353   Thumb Code     0  startup_stm32h750xx.o(.text)
    DMAMUX1_OVR_IRQHandler                   0x08000353   Thumb Code     0  startup_stm32h750xx.o(.text)
    DMAMUX2_OVR_IRQHandler                   0x08000353   Thumb Code     0  startup_stm32h750xx.o(.text)
    ECC_IRQHandler                           0x08000353   Thumb Code     0  startup_stm32h750xx.o(.text)
    ETH_IRQHandler                           0x08000353   Thumb Code     0  startup_stm32h750xx.o(.text)
    ETH_WKUP_IRQHandler                      0x08000353   Thumb Code     0  startup_stm32h750xx.o(.text)
    EXTI0_IRQHandler                         0x08000353   Thumb Code     0  startup_stm32h750xx.o(.text)
    EXTI15_10_IRQHandler                     0x08000353   Thumb Code     0  startup_stm32h750xx.o(.text)
    EXTI1_IRQHandler                         0x08000353   Thumb Code     0  startup_stm32h750xx.o(.text)
    EXTI2_IRQHandler                         0x08000353   Thumb Code     0  startup_stm32h750xx.o(.text)
    EXTI3_IRQHandler                         0x08000353   Thumb Code     0  startup_stm32h750xx.o(.text)
    EXTI4_IRQHandler                         0x08000353   Thumb Code     0  startup_stm32h750xx.o(.text)
    EXTI9_5_IRQHandler                       0x08000353   Thumb Code     0  startup_stm32h750xx.o(.text)
    FDCAN1_IT0_IRQHandler                    0x08000353   Thumb Code     0  startup_stm32h750xx.o(.text)
    FDCAN1_IT1_IRQHandler                    0x08000353   Thumb Code     0  startup_stm32h750xx.o(.text)
    FDCAN2_IT0_IRQHandler                    0x08000353   Thumb Code     0  startup_stm32h750xx.o(.text)
    FDCAN2_IT1_IRQHandler                    0x08000353   Thumb Code     0  startup_stm32h750xx.o(.text)
    FDCAN_CAL_IRQHandler                     0x08000353   Thumb Code     0  startup_stm32h750xx.o(.text)
    FLASH_IRQHandler                         0x08000353   Thumb Code     0  startup_stm32h750xx.o(.text)
    FMC_IRQHandler                           0x08000353   Thumb Code     0  startup_stm32h750xx.o(.text)
    FPU_IRQHandler                           0x08000353   Thumb Code     0  startup_stm32h750xx.o(.text)
    HASH_RNG_IRQHandler                      0x08000353   Thumb Code     0  startup_stm32h750xx.o(.text)
    HRTIM1_FLT_IRQHandler                    0x08000353   Thumb Code     0  startup_stm32h750xx.o(.text)
    HRTIM1_Master_IRQHandler                 0x08000353   Thumb Code     0  startup_stm32h750xx.o(.text)
    HRTIM1_TIMA_IRQHandler                   0x08000353   Thumb Code     0  startup_stm32h750xx.o(.text)
    HRTIM1_TIMB_IRQHandler                   0x08000353   Thumb Code     0  startup_stm32h750xx.o(.text)
    HRTIM1_TIMC_IRQHandler                   0x08000353   Thumb Code     0  startup_stm32h750xx.o(.text)
    HRTIM1_TIMD_IRQHandler                   0x08000353   Thumb Code     0  startup_stm32h750xx.o(.text)
    HRTIM1_TIME_IRQHandler                   0x08000353   Thumb Code     0  startup_stm32h750xx.o(.text)
    HSEM1_IRQHandler                         0x08000353   Thumb Code     0  startup_stm32h750xx.o(.text)
    I2C1_ER_IRQHandler                       0x08000353   Thumb Code     0  startup_stm32h750xx.o(.text)
    I2C1_EV_IRQHandler                       0x08000353   Thumb Code     0  startup_stm32h750xx.o(.text)
    I2C2_ER_IRQHandler                       0x08000353   Thumb Code     0  startup_stm32h750xx.o(.text)
    I2C2_EV_IRQHandler                       0x08000353   Thumb Code     0  startup_stm32h750xx.o(.text)
    I2C3_ER_IRQHandler                       0x08000353   Thumb Code     0  startup_stm32h750xx.o(.text)
    I2C3_EV_IRQHandler                       0x08000353   Thumb Code     0  startup_stm32h750xx.o(.text)
    I2C4_ER_IRQHandler                       0x08000353   Thumb Code     0  startup_stm32h750xx.o(.text)
    I2C4_EV_IRQHandler                       0x08000353   Thumb Code     0  startup_stm32h750xx.o(.text)
    JPEG_IRQHandler                          0x08000353   Thumb Code     0  startup_stm32h750xx.o(.text)
    LPTIM1_IRQHandler                        0x08000353   Thumb Code     0  startup_stm32h750xx.o(.text)
    LPTIM2_IRQHandler                        0x08000353   Thumb Code     0  startup_stm32h750xx.o(.text)
    LPTIM3_IRQHandler                        0x08000353   Thumb Code     0  startup_stm32h750xx.o(.text)
    LPTIM4_IRQHandler                        0x08000353   Thumb Code     0  startup_stm32h750xx.o(.text)
    LPTIM5_IRQHandler                        0x08000353   Thumb Code     0  startup_stm32h750xx.o(.text)
    LPUART1_IRQHandler                       0x08000353   Thumb Code     0  startup_stm32h750xx.o(.text)
    LTDC_ER_IRQHandler                       0x08000353   Thumb Code     0  startup_stm32h750xx.o(.text)
    LTDC_IRQHandler                          0x08000353   Thumb Code     0  startup_stm32h750xx.o(.text)
    MDIOS_IRQHandler                         0x08000353   Thumb Code     0  startup_stm32h750xx.o(.text)
    MDIOS_WKUP_IRQHandler                    0x08000353   Thumb Code     0  startup_stm32h750xx.o(.text)
    MDMA_IRQHandler                          0x08000353   Thumb Code     0  startup_stm32h750xx.o(.text)
    OTG_FS_EP1_IN_IRQHandler                 0x08000353   Thumb Code     0  startup_stm32h750xx.o(.text)
    OTG_FS_EP1_OUT_IRQHandler                0x08000353   Thumb Code     0  startup_stm32h750xx.o(.text)
    OTG_FS_IRQHandler                        0x08000353   Thumb Code     0  startup_stm32h750xx.o(.text)
    OTG_FS_WKUP_IRQHandler                   0x08000353   Thumb Code     0  startup_stm32h750xx.o(.text)
    OTG_HS_EP1_IN_IRQHandler                 0x08000353   Thumb Code     0  startup_stm32h750xx.o(.text)
    OTG_HS_EP1_OUT_IRQHandler                0x08000353   Thumb Code     0  startup_stm32h750xx.o(.text)
    OTG_HS_IRQHandler                        0x08000353   Thumb Code     0  startup_stm32h750xx.o(.text)
    OTG_HS_WKUP_IRQHandler                   0x08000353   Thumb Code     0  startup_stm32h750xx.o(.text)
    PVD_AVD_IRQHandler                       0x08000353   Thumb Code     0  startup_stm32h750xx.o(.text)
    QUADSPI_IRQHandler                       0x08000353   Thumb Code     0  startup_stm32h750xx.o(.text)
    RCC_IRQHandler                           0x08000353   Thumb Code     0  startup_stm32h750xx.o(.text)
    RTC_Alarm_IRQHandler                     0x08000353   Thumb Code     0  startup_stm32h750xx.o(.text)
    RTC_WKUP_IRQHandler                      0x08000353   Thumb Code     0  startup_stm32h750xx.o(.text)
    SAI1_IRQHandler                          0x08000353   Thumb Code     0  startup_stm32h750xx.o(.text)
    SAI2_IRQHandler                          0x08000353   Thumb Code     0  startup_stm32h750xx.o(.text)
    SAI3_IRQHandler                          0x08000353   Thumb Code     0  startup_stm32h750xx.o(.text)
    SAI4_IRQHandler                          0x08000353   Thumb Code     0  startup_stm32h750xx.o(.text)
    SDMMC1_IRQHandler                        0x08000353   Thumb Code     0  startup_stm32h750xx.o(.text)
    SDMMC2_IRQHandler                        0x08000353   Thumb Code     0  startup_stm32h750xx.o(.text)
    SPDIF_RX_IRQHandler                      0x08000353   Thumb Code     0  startup_stm32h750xx.o(.text)
    SPI1_IRQHandler                          0x08000353   Thumb Code     0  startup_stm32h750xx.o(.text)
    SPI2_IRQHandler                          0x08000353   Thumb Code     0  startup_stm32h750xx.o(.text)
    SPI3_IRQHandler                          0x08000353   Thumb Code     0  startup_stm32h750xx.o(.text)
    SPI4_IRQHandler                          0x08000353   Thumb Code     0  startup_stm32h750xx.o(.text)
    SPI5_IRQHandler                          0x08000353   Thumb Code     0  startup_stm32h750xx.o(.text)
    SPI6_IRQHandler                          0x08000353   Thumb Code     0  startup_stm32h750xx.o(.text)
    SWPMI1_IRQHandler                        0x08000353   Thumb Code     0  startup_stm32h750xx.o(.text)
    TAMP_STAMP_IRQHandler                    0x08000353   Thumb Code     0  startup_stm32h750xx.o(.text)
    TIM15_IRQHandler                         0x08000353   Thumb Code     0  startup_stm32h750xx.o(.text)
    TIM16_IRQHandler                         0x08000353   Thumb Code     0  startup_stm32h750xx.o(.text)
    TIM17_IRQHandler                         0x08000353   Thumb Code     0  startup_stm32h750xx.o(.text)
    TIM1_BRK_IRQHandler                      0x08000353   Thumb Code     0  startup_stm32h750xx.o(.text)
    TIM1_CC_IRQHandler                       0x08000353   Thumb Code     0  startup_stm32h750xx.o(.text)
    TIM1_TRG_COM_IRQHandler                  0x08000353   Thumb Code     0  startup_stm32h750xx.o(.text)
    TIM1_UP_IRQHandler                       0x08000353   Thumb Code     0  startup_stm32h750xx.o(.text)
    TIM2_IRQHandler                          0x08000353   Thumb Code     0  startup_stm32h750xx.o(.text)
    TIM3_IRQHandler                          0x08000353   Thumb Code     0  startup_stm32h750xx.o(.text)
    TIM4_IRQHandler                          0x08000353   Thumb Code     0  startup_stm32h750xx.o(.text)
    TIM5_IRQHandler                          0x08000353   Thumb Code     0  startup_stm32h750xx.o(.text)
    TIM6_DAC_IRQHandler                      0x08000353   Thumb Code     0  startup_stm32h750xx.o(.text)
    TIM7_IRQHandler                          0x08000353   Thumb Code     0  startup_stm32h750xx.o(.text)
    TIM8_BRK_TIM12_IRQHandler                0x08000353   Thumb Code     0  startup_stm32h750xx.o(.text)
    TIM8_CC_IRQHandler                       0x08000353   Thumb Code     0  startup_stm32h750xx.o(.text)
    TIM8_TRG_COM_TIM14_IRQHandler            0x08000353   Thumb Code     0  startup_stm32h750xx.o(.text)
    TIM8_UP_TIM13_IRQHandler                 0x08000353   Thumb Code     0  startup_stm32h750xx.o(.text)
    UART4_IRQHandler                         0x08000353   Thumb Code     0  startup_stm32h750xx.o(.text)
    UART5_IRQHandler                         0x08000353   Thumb Code     0  startup_stm32h750xx.o(.text)
    UART7_IRQHandler                         0x08000353   Thumb Code     0  startup_stm32h750xx.o(.text)
    UART8_IRQHandler                         0x08000353   Thumb Code     0  startup_stm32h750xx.o(.text)
    USART2_IRQHandler                        0x08000353   Thumb Code     0  startup_stm32h750xx.o(.text)
    USART3_IRQHandler                        0x08000353   Thumb Code     0  startup_stm32h750xx.o(.text)
    USART6_IRQHandler                        0x08000353   Thumb Code     0  startup_stm32h750xx.o(.text)
    WAKEUP_PIN_IRQHandler                    0x08000353   Thumb Code     0  startup_stm32h750xx.o(.text)
    WWDG_IRQHandler                          0x08000353   Thumb Code     0  startup_stm32h750xx.o(.text)
    __user_initial_stackheap                 0x08000355   Thumb Code     0  startup_stm32h750xx.o(.text)
    __aeabi_memclr4                          0x08000379   Thumb Code     0  rt_memclr_w.o(.text)
    __aeabi_memclr8                          0x08000379   Thumb Code     0  rt_memclr_w.o(.text)
    __rt_memclr_w                            0x08000379   Thumb Code    78  rt_memclr_w.o(.text)
    _memset_w                                0x0800037d   Thumb Code     0  rt_memclr_w.o(.text)
    __use_two_region_memory                  0x080003c7   Thumb Code     2  heapauxi.o(.text)
    __rt_heap_escrow$2region                 0x080003c9   Thumb Code     2  heapauxi.o(.text)
    __rt_heap_expand$2region                 0x080003cb   Thumb Code     2  heapauxi.o(.text)
    __user_setup_stackheap                   0x080003cd   Thumb Code    74  sys_stackheap_outer.o(.text)
    exit                                     0x08000417   Thumb Code    18  exit.o(.text)
    __user_libspace                          0x08000429   Thumb Code     8  libspace.o(.text)
    __user_perproc_libspace                  0x08000429   Thumb Code     0  libspace.o(.text)
    __user_perthread_libspace                0x08000429   Thumb Code     0  libspace.o(.text)
    _sys_exit                                0x08000431   Thumb Code     8  sys_exit.o(.text)
    __I$use$semihosting                      0x0800043d   Thumb Code     0  use_no_semi.o(.text)
    __use_no_semihosting_swi                 0x0800043d   Thumb Code     2  use_no_semi.o(.text)
    BusFault_Handler                         0x0800043f   Thumb Code     2  stm32h7xx_it.o(i.BusFault_Handler)
    __semihosting_library_function           0x0800043f   Thumb Code     0  indicate_semi.o(.text)
    DebugMon_Handler                         0x08000441   Thumb Code     2  stm32h7xx_it.o(i.DebugMon_Handler)
    HardFault_Handler                        0x08000443   Thumb Code     2  stm32h7xx_it.o(i.HardFault_Handler)
    LCD_Address_Set                          0x08000445   Thumb Code    60  lcd.o(i.LCD_Address_Set)
    LCD_Clear                                0x08000481   Thumb Code    18  lcd.o(i.LCD_Clear)
    LCD_Fill                                 0x08000495   Thumb Code   100  lcd.o(i.LCD_Fill)
    LCD_Init                                 0x08000501   Thumb Code     4  lcd.o(i.LCD_Init)
    LCD_Show_Image                           0x08000505   Thumb Code    60  lcd.o(i.LCD_Show_Image)
    LCD_Software_Init                        0x08000545   Thumb Code   488  lcd.o(i.LCD_Software_Init)
    LCD_Write_Cmd                            0x08000731   Thumb Code    12  lcd.o(i.LCD_Write_Cmd)
    LCD_Write_Data                           0x08000741   Thumb Code    10  lcd.o(i.LCD_Write_Data)
    LCD_Write_Data_16bit                     0x08000751   Thumb Code    28  lcd.o(i.LCD_Write_Data_16bit)
    LCD_Write_Data_16bits                    0x08000771   Thumb Code    28  lcd.o(i.LCD_Write_Data_16bits)
    LCD_Write_Data_8bit                      0x0800078d   Thumb Code    74  lcd.o(i.LCD_Write_Data_8bit)
    LCD_Write_Data_8bits                     0x080007dd   Thumb Code    24  lcd.o(i.LCD_Write_Data_8bits)
    LL_GPIO_Init                             0x0800080d   Thumb Code   448  stm32h7xx_ll_gpio.o(i.LL_GPIO_Init)
    LL_Init1msTick                           0x08000a31   Thumb Code    26  stm32h7xx_ll_utils.o(i.LL_Init1msTick)
    LL_RCC_CalcPLLClockFreq                  0x08000a5d   Thumb Code    70  stm32h7xx_ll_rcc.o(i.LL_RCC_CalcPLLClockFreq)
    LL_RCC_GetPLL1ClockFreq                  0x08000ac9   Thumb Code   224  stm32h7xx_ll_rcc.o(i.LL_RCC_GetPLL1ClockFreq)
    LL_RCC_GetPLL2ClockFreq                  0x08000bb9   Thumb Code   226  stm32h7xx_ll_rcc.o(i.LL_RCC_GetPLL2ClockFreq)
    LL_RCC_GetPLL3ClockFreq                  0x08000cad   Thumb Code   230  stm32h7xx_ll_rcc.o(i.LL_RCC_GetPLL3ClockFreq)
    LL_RCC_GetUSARTClockFreq                 0x08000db5   Thumb Code   270  stm32h7xx_ll_rcc.o(i.LL_RCC_GetUSARTClockFreq)
    LL_SPI_Init                              0x08000f8d   Thumb Code   574  stm32h7xx_ll_spi.o(i.LL_SPI_Init)
    LL_SetSystemCoreClock                    0x08001225   Thumb Code     6  stm32h7xx_ll_utils.o(i.LL_SetSystemCoreClock)
    LL_USART_Init                            0x08001231   Thumb Code   546  stm32h7xx_ll_usart.o(i.LL_USART_Init)
    LL_mDelay                                0x080014c5   Thumb Code    30  stm32h7xx_ll_utils.o(i.LL_mDelay)
    MX_GPIO_Init                             0x080014e5   Thumb Code   124  gpio.o(i.MX_GPIO_Init)
    MX_SPI6_Init                             0x0800156d   Thumb Code   186  spi.o(i.MX_SPI6_Init)
    MX_USART1_UART_Init                      0x08001639   Thumb Code   316  usart.o(i.MX_USART1_UART_Init)
    MemManage_Handler                        0x0800178d   Thumb Code     2  stm32h7xx_it.o(i.MemManage_Handler)
    NMI_Handler                              0x0800178f   Thumb Code     2  stm32h7xx_it.o(i.NMI_Handler)
    PendSV_Handler                           0x08001791   Thumb Code     2  stm32h7xx_it.o(i.PendSV_Handler)
    SVC_Handler                              0x08001839   Thumb Code     2  stm32h7xx_it.o(i.SVC_Handler)
    SysTick_Handler                          0x0800183b   Thumb Code     2  stm32h7xx_it.o(i.SysTick_Handler)
    SystemClock_Config                       0x0800183d   Thumb Code   338  main.o(i.SystemClock_Config)
    SystemInit                               0x080019a5   Thumb Code   180  system_stm32h7xx.o(i.SystemInit)
    USART1_IRQHandler                        0x08001a81   Thumb Code    34  stm32h7xx_it.o(i.USART1_IRQHandler)
    UsageFault_Handler                       0x08001ab5   Thumb Code     2  stm32h7xx_it.o(i.UsageFault_Handler)
    assert_failed                            0x08001ab7   Thumb Code     2  main.o(i.assert_failed)
    main                                     0x08001ab9   Thumb Code   278  main.o(i.main)
    _fp_init                                 0x08001be9   Thumb Code    10  fpinit.o(x$fpl$fpinit)
    __fplib_config_fpu_vfp                   0x08001bf1   Thumb Code     0  fpinit.o(x$fpl$fpinit)
    __fplib_config_pureend_doubles           0x08001bf1   Thumb Code     0  fpinit.o(x$fpl$fpinit)
    gImage_123                               0x08001bf2   Data       25600  lcd.o(.constdata)
    LL_RCC_PrescTable                        0x08007ff2   Data          16  stm32h7xx_ll_rcc.o(.constdata)
    Region$$Table$$Base                      0x08008034   Number         0  anon$$obj.o(Region$$Table)
    Region$$Table$$Limit                     0x08008054   Number         0  anon$$obj.o(Region$$Table)
    USART1_Data_Recv_Num                     0x24000000   Data           2  usart1.o(.data)
    USART1_STATUS                            0x24000002   Data           1  usart1.o(.data)
    SystemCoreClock                          0x24000004   Data           4  system_stm32h7xx.o(.data)
    SystemD2Clock                            0x24000008   Data           4  system_stm32h7xx.o(.data)
    USART1_Data_Recv                         0x2400000c   Data         200  usart1.o(.bss)
    __libspace_start                         0x240064d4   Data          96  libspace.o(.bss)
    __temporary_stack_top$libspace           0x24006534   Data           0  libspace.o(.bss)



==============================================================================

Memory Map of the image

  Image Entry point : 0x08000299

  Load Region LR_IROM1 (Base: 0x08000000, Size: 0x00008060, Max: 0x00020000, ABSOLUTE)

    Execution Region ER_IROM1 (Exec base: 0x08000000, Load base: 0x08000000, Size: 0x00008054, Max: 0x00020000, ABSOLUTE)

    Exec Addr    Load Addr    Size         Type   Attr      Idx    E Section Name        Object

    0x08000000   0x08000000   0x00000298   Data   RO            3    RESET               startup_stm32h750xx.o
    0x08000298   0x08000298   0x00000008   Code   RO         1358  * !!!main             c_w.l(__main.o)
    0x080002a0   0x080002a0   0x00000034   Code   RO         1517    !!!scatter          c_w.l(__scatter.o)
    0x080002d4   0x080002d4   0x0000001a   Code   RO         1519    !!handler_copy      c_w.l(__scatter_copy.o)
    0x080002ee   0x080002ee   0x00000002   PAD
    0x080002f0   0x080002f0   0x0000001c   Code   RO         1521    !!handler_zi        c_w.l(__scatter_zi.o)
    0x0800030c   0x0800030c   0x00000002   Code   RO         1385    .ARM.Collect$$libinit$$00000000  c_w.l(libinit.o)
    0x0800030e   0x0800030e   0x00000004   Code   RO         1391    .ARM.Collect$$libinit$$00000001  c_w.l(libinit2.o)
    0x08000312   0x08000312   0x00000000   Code   RO         1394    .ARM.Collect$$libinit$$00000004  c_w.l(libinit2.o)
    0x08000312   0x08000312   0x00000000   Code   RO         1397    .ARM.Collect$$libinit$$0000000A  c_w.l(libinit2.o)
    0x08000312   0x08000312   0x00000000   Code   RO         1399    .ARM.Collect$$libinit$$0000000C  c_w.l(libinit2.o)
    0x08000312   0x08000312   0x00000000   Code   RO         1401    .ARM.Collect$$libinit$$0000000E  c_w.l(libinit2.o)
    0x08000312   0x08000312   0x00000000   Code   RO         1404    .ARM.Collect$$libinit$$00000011  c_w.l(libinit2.o)
    0x08000312   0x08000312   0x00000000   Code   RO         1406    .ARM.Collect$$libinit$$00000013  c_w.l(libinit2.o)
    0x08000312   0x08000312   0x00000000   Code   RO         1408    .ARM.Collect$$libinit$$00000015  c_w.l(libinit2.o)
    0x08000312   0x08000312   0x00000000   Code   RO         1410    .ARM.Collect$$libinit$$00000017  c_w.l(libinit2.o)
    0x08000312   0x08000312   0x00000000   Code   RO         1412    .ARM.Collect$$libinit$$00000019  c_w.l(libinit2.o)
    0x08000312   0x08000312   0x00000000   Code   RO         1414    .ARM.Collect$$libinit$$0000001B  c_w.l(libinit2.o)
    0x08000312   0x08000312   0x00000000   Code   RO         1416    .ARM.Collect$$libinit$$0000001D  c_w.l(libinit2.o)
    0x08000312   0x08000312   0x00000000   Code   RO         1418    .ARM.Collect$$libinit$$0000001F  c_w.l(libinit2.o)
    0x08000312   0x08000312   0x00000000   Code   RO         1420    .ARM.Collect$$libinit$$00000021  c_w.l(libinit2.o)
    0x08000312   0x08000312   0x00000000   Code   RO         1422    .ARM.Collect$$libinit$$00000023  c_w.l(libinit2.o)
    0x08000312   0x08000312   0x00000000   Code   RO         1424    .ARM.Collect$$libinit$$00000025  c_w.l(libinit2.o)
    0x08000312   0x08000312   0x00000000   Code   RO         1428    .ARM.Collect$$libinit$$0000002C  c_w.l(libinit2.o)
    0x08000312   0x08000312   0x00000000   Code   RO         1430    .ARM.Collect$$libinit$$0000002E  c_w.l(libinit2.o)
    0x08000312   0x08000312   0x00000000   Code   RO         1432    .ARM.Collect$$libinit$$00000030  c_w.l(libinit2.o)
    0x08000312   0x08000312   0x00000000   Code   RO         1434    .ARM.Collect$$libinit$$00000032  c_w.l(libinit2.o)
    0x08000312   0x08000312   0x00000002   Code   RO         1435    .ARM.Collect$$libinit$$00000033  c_w.l(libinit2.o)
    0x08000314   0x08000314   0x00000002   Code   RO         1455    .ARM.Collect$$libshutdown$$00000000  c_w.l(libshutdown.o)
    0x08000316   0x08000316   0x00000000   Code   RO         1468    .ARM.Collect$$libshutdown$$00000002  c_w.l(libshutdown2.o)
    0x08000316   0x08000316   0x00000000   Code   RO         1470    .ARM.Collect$$libshutdown$$00000004  c_w.l(libshutdown2.o)
    0x08000316   0x08000316   0x00000000   Code   RO         1472    .ARM.Collect$$libshutdown$$00000006  c_w.l(libshutdown2.o)
    0x08000316   0x08000316   0x00000000   Code   RO         1475    .ARM.Collect$$libshutdown$$00000009  c_w.l(libshutdown2.o)
    0x08000316   0x08000316   0x00000000   Code   RO         1478    .ARM.Collect$$libshutdown$$0000000C  c_w.l(libshutdown2.o)
    0x08000316   0x08000316   0x00000000   Code   RO         1480    .ARM.Collect$$libshutdown$$0000000E  c_w.l(libshutdown2.o)
    0x08000316   0x08000316   0x00000000   Code   RO         1483    .ARM.Collect$$libshutdown$$00000011  c_w.l(libshutdown2.o)
    0x08000316   0x08000316   0x00000002   Code   RO         1484    .ARM.Collect$$libshutdown$$00000012  c_w.l(libshutdown2.o)
    0x08000318   0x08000318   0x00000000   Code   RO         1360    .ARM.Collect$$rtentry$$00000000  c_w.l(__rtentry.o)
    0x08000318   0x08000318   0x00000000   Code   RO         1362    .ARM.Collect$$rtentry$$00000002  c_w.l(__rtentry2.o)
    0x08000318   0x08000318   0x00000006   Code   RO         1374    .ARM.Collect$$rtentry$$00000004  c_w.l(__rtentry4.o)
    0x0800031e   0x0800031e   0x00000000   Code   RO         1364    .ARM.Collect$$rtentry$$00000009  c_w.l(__rtentry2.o)
    0x0800031e   0x0800031e   0x00000004   Code   RO         1365    .ARM.Collect$$rtentry$$0000000A  c_w.l(__rtentry2.o)
    0x08000322   0x08000322   0x00000000   Code   RO         1367    .ARM.Collect$$rtentry$$0000000C  c_w.l(__rtentry2.o)
    0x08000322   0x08000322   0x00000008   Code   RO         1368    .ARM.Collect$$rtentry$$0000000D  c_w.l(__rtentry2.o)
    0x0800032a   0x0800032a   0x00000002   Code   RO         1389    .ARM.Collect$$rtexit$$00000000  c_w.l(rtexit.o)
    0x0800032c   0x0800032c   0x00000000   Code   RO         1437    .ARM.Collect$$rtexit$$00000002  c_w.l(rtexit2.o)
    0x0800032c   0x0800032c   0x00000004   Code   RO         1438    .ARM.Collect$$rtexit$$00000003  c_w.l(rtexit2.o)
    0x08000330   0x08000330   0x00000006   Code   RO         1439    .ARM.Collect$$rtexit$$00000004  c_w.l(rtexit2.o)
    0x08000336   0x08000336   0x00000002   PAD
    0x08000338   0x08000338   0x00000040   Code   RO            4    .text               startup_stm32h750xx.o
    0x08000378   0x08000378   0x0000004e   Code   RO         1354    .text               c_w.l(rt_memclr_w.o)
    0x080003c6   0x080003c6   0x00000006   Code   RO         1356    .text               c_w.l(heapauxi.o)
    0x080003cc   0x080003cc   0x0000004a   Code   RO         1376    .text               c_w.l(sys_stackheap_outer.o)
    0x08000416   0x08000416   0x00000012   Code   RO         1378    .text               c_w.l(exit.o)
    0x08000428   0x08000428   0x00000008   Code   RO         1386    .text               c_w.l(libspace.o)
    0x08000430   0x08000430   0x0000000c   Code   RO         1447    .text               c_w.l(sys_exit.o)
    0x0800043c   0x0800043c   0x00000002   Code   RO         1458    .text               c_w.l(use_no_semi.o)
    0x0800043e   0x0800043e   0x00000000   Code   RO         1460    .text               c_w.l(indicate_semi.o)
    0x0800043e   0x0800043e   0x00000002   Code   RO          523    i.BusFault_Handler  stm32h7xx_it.o
    0x08000440   0x08000440   0x00000002   Code   RO          524    i.DebugMon_Handler  stm32h7xx_it.o
    0x08000442   0x08000442   0x00000002   Code   RO          525    i.HardFault_Handler  stm32h7xx_it.o
    0x08000444   0x08000444   0x0000003c   Code   RO          202    i.LCD_Address_Set   lcd.o
    0x08000480   0x08000480   0x00000012   Code   RO          203    i.LCD_Clear         lcd.o
    0x08000492   0x08000492   0x00000002   PAD
    0x08000494   0x08000494   0x0000006c   Code   RO          206    i.LCD_Fill          lcd.o
    0x08000500   0x08000500   0x00000004   Code   RO          207    i.LCD_Init          lcd.o
    0x08000504   0x08000504   0x00000040   Code   RO          212    i.LCD_Show_Image    lcd.o
    0x08000544   0x08000544   0x000001ec   Code   RO          213    i.LCD_Software_Init  lcd.o
    0x08000730   0x08000730   0x00000010   Code   RO          214    i.LCD_Write_Cmd     lcd.o
    0x08000740   0x08000740   0x00000010   Code   RO          215    i.LCD_Write_Data    lcd.o
    0x08000750   0x08000750   0x00000020   Code   RO          216    i.LCD_Write_Data_16bit  lcd.o
    0x08000770   0x08000770   0x0000001c   Code   RO          217    i.LCD_Write_Data_16bits  lcd.o
    0x0800078c   0x0800078c   0x00000050   Code   RO          218    i.LCD_Write_Data_8bit  lcd.o
    0x080007dc   0x080007dc   0x00000018   Code   RO          219    i.LCD_Write_Data_8bits  lcd.o
    0x080007f4   0x080007f4   0x00000018   Code   RO          416    i.LL_AHB4_GRP1_EnableClock  gpio.o
    0x0800080c   0x0800080c   0x00000224   Code   RO          683    i.LL_GPIO_Init      stm32h7xx_ll_gpio.o
    0x08000a30   0x08000a30   0x0000001a   Code   RO          975    i.LL_Init1msTick    stm32h7xx_ll_utils.o
    0x08000a4a   0x08000a4a   0x00000002   PAD
    0x08000a4c   0x08000a4c   0x00000010   Code   RO          732    i.LL_RCC_CSI_IsReady  stm32h7xx_ll_rcc.o
    0x08000a5c   0x08000a5c   0x0000004c   Code   RO          733    i.LL_RCC_CalcPLLClockFreq  stm32h7xx_ll_rcc.o
    0x08000aa8   0x08000aa8   0x00000020   Code   RO          738    i.LL_RCC_GetClockSource  stm32h7xx_ll_rcc.o
    0x08000ac8   0x08000ac8   0x000000f0   Code   RO          745    i.LL_RCC_GetPLL1ClockFreq  stm32h7xx_ll_rcc.o
    0x08000bb8   0x08000bb8   0x000000f4   Code   RO          746    i.LL_RCC_GetPLL2ClockFreq  stm32h7xx_ll_rcc.o
    0x08000cac   0x08000cac   0x000000f8   Code   RO          747    i.LL_RCC_GetPLL3ClockFreq  stm32h7xx_ll_rcc.o
    0x08000da4   0x08000da4   0x00000010   Code   RO          755    i.LL_RCC_GetSysPrescaler  stm32h7xx_ll_rcc.o
    0x08000db4   0x08000db4   0x00000164   Code   RO          757    i.LL_RCC_GetUSARTClockFreq  stm32h7xx_ll_rcc.o
    0x08000f18   0x08000f18   0x00000010   Code   RO          759    i.LL_RCC_HSE_IsReady  stm32h7xx_ll_rcc.o
    0x08000f28   0x08000f28   0x00000010   Code   RO          760    i.LL_RCC_HSI_GetDivider  stm32h7xx_ll_rcc.o
    0x08000f38   0x08000f38   0x00000010   Code   RO          761    i.LL_RCC_HSI_IsReady  stm32h7xx_ll_rcc.o
    0x08000f48   0x08000f48   0x00000010   Code   RO          762    i.LL_RCC_LSE_IsReady  stm32h7xx_ll_rcc.o
    0x08000f58   0x08000f58   0x00000010   Code   RO          764    i.LL_RCC_PLL2_IsReady  stm32h7xx_ll_rcc.o
    0x08000f68   0x08000f68   0x00000010   Code   RO          765    i.LL_RCC_PLL3_IsReady  stm32h7xx_ll_rcc.o
    0x08000f78   0x08000f78   0x00000014   Code   RO          342    i.LL_RCC_SetAHBPrescaler  main.o
    0x08000f8c   0x08000f8c   0x00000298   Code   RO         1114    i.LL_SPI_Init       stm32h7xx_ll_spi.o
    0x08001224   0x08001224   0x0000000c   Code   RO          990    i.LL_SetSystemCoreClock  stm32h7xx_ll_utils.o
    0x08001230   0x08001230   0x00000294   Code   RO         1224    i.LL_USART_Init     stm32h7xx_ll_usart.o
    0x080014c4   0x080014c4   0x0000001e   Code   RO          991    i.LL_mDelay         stm32h7xx_ll_utils.o
    0x080014e2   0x080014e2   0x00000002   PAD
    0x080014e4   0x080014e4   0x00000088   Code   RO          417    i.MX_GPIO_Init      gpio.o
    0x0800156c   0x0800156c   0x000000cc   Code   RO          451    i.MX_SPI6_Init      spi.o
    0x08001638   0x08001638   0x00000154   Code   RO          485    i.MX_USART1_UART_Init  usart.o
    0x0800178c   0x0800178c   0x00000002   Code   RO          526    i.MemManage_Handler  stm32h7xx_it.o
    0x0800178e   0x0800178e   0x00000002   Code   RO          527    i.NMI_Handler       stm32h7xx_it.o
    0x08001790   0x08001790   0x00000002   Code   RO          528    i.PendSV_Handler    stm32h7xx_it.o
    0x08001792   0x08001792   0x00000002   PAD
    0x08001794   0x08001794   0x0000001c   Code   RO          766    i.RCC_GetHCLKClockFreq  stm32h7xx_ll_rcc.o
    0x080017b0   0x080017b0   0x00000020   Code   RO          767    i.RCC_GetPCLK1ClockFreq  stm32h7xx_ll_rcc.o
    0x080017d0   0x080017d0   0x00000020   Code   RO          768    i.RCC_GetPCLK2ClockFreq  stm32h7xx_ll_rcc.o
    0x080017f0   0x080017f0   0x00000048   Code   RO          770    i.RCC_GetSystemClockFreq  stm32h7xx_ll_rcc.o
    0x08001838   0x08001838   0x00000002   Code   RO          529    i.SVC_Handler       stm32h7xx_it.o
    0x0800183a   0x0800183a   0x00000002   Code   RO          530    i.SysTick_Handler   stm32h7xx_it.o
    0x0800183c   0x0800183c   0x00000168   Code   RO          343    i.SystemClock_Config  main.o
    0x080019a4   0x080019a4   0x000000dc   Code   RO          605    i.SystemInit        system_stm32h7xx.o
    0x08001a80   0x08001a80   0x00000034   Code   RO          531    i.USART1_IRQHandler  stm32h7xx_it.o
    0x08001ab4   0x08001ab4   0x00000002   Code   RO          532    i.UsageFault_Handler  stm32h7xx_it.o
    0x08001ab6   0x08001ab6   0x00000002   Code   RO          344    i.assert_failed     main.o
    0x08001ab8   0x08001ab8   0x00000130   Code   RO          345    i.main              main.o
    0x08001be8   0x08001be8   0x0000000a   Code   RO         1445    x$fpl$fpinit        fz_wv.l(fpinit.o)
    0x08001bf2   0x08001bf2   0x00006400   Data   RO          222    .constdata          lcd.o
    0x08007ff2   0x08007ff2   0x00000010   Data   RO          771    .constdata          stm32h7xx_ll_rcc.o
    0x08008002   0x08008002   0x00000002   PAD
    0x08008004   0x08008004   0x00000030   Data   RO         1226    .constdata          stm32h7xx_ll_usart.o
    0x08008034   0x08008034   0x00000020   Data   RO         1515    Region$$Table       anon$$obj.o


    Execution Region RW_IRAM1 (Exec base: 0x20000000, Load base: 0x08008054, Size: 0x00000000, Max: 0x00020000, ABSOLUTE)

    **** No section assigned to this execution region ****


    Execution Region RW_IRAM2 (Exec base: 0x24000000, Load base: 0x08008054, Size: 0x00006b38, Max: 0x00080000, ABSOLUTE)

    Exec Addr    Load Addr    Size         Type   Attr      Idx    E Section Name        Object

    0x24000000   0x08008054   0x00000002   Data   RW          134    .data               usart1.o
    0x24000002   0x08008056   0x00000001   Data   RW          135    .data               usart1.o
    0x24000003   0x08008057   0x00000001   PAD
    0x24000004   0x08008058   0x00000008   Data   RW          607    .data               system_stm32h7xx.o
    0x2400000c        -       0x000000c8   Zero   RW          132    .bss                usart1.o
    0x240000d4        -       0x00006400   Zero   RW          220    .bss                lcd.o
    0x240064d4        -       0x00000060   Zero   RW         1387    .bss                c_w.l(libspace.o)
    0x24006534   0x08008060   0x00000004   PAD
    0x24006538        -       0x00000200   Zero   RW            2    HEAP                startup_stm32h750xx.o
    0x24006738        -       0x00000400   Zero   RW            1    STACK               startup_stm32h750xx.o


==============================================================================

Image component sizes


      Code (inc. data)   RO Data    RW Data    ZI Data      Debug   Object Name

       160         18          0          0          0      15399   gpio.o
       942         36      25600          0      25600      35156   lcd.o
         0          0          0          0          0    1011923   led.o
       686         54          0          0          0     114256   main.o
       204         18          0          0          0      80599   spi.o
        64         26        664          0       1536        836   startup_stm32h750xx.o
        70         18          0          0          0       4522   stm32h7xx_it.o
       548        100          0          0          0       7547   stm32h7xx_ll_gpio.o
      1488        242         16          0          0      59003   stm32h7xx_ll_rcc.o
       664         90          0          0          0      36918   stm32h7xx_ll_spi.o
       660        114         48          0          0      27544   stm32h7xx_ll_usart.o
        68          6          0          0          0       8881   stm32h7xx_ll_utils.o
       220         40          0          8          0       1502   system_stm32h7xx.o
       340         24          0          0          0     114113   usart.o
         0          0          0          3        200       5100   usart1.o

    ----------------------------------------------------------------------
      6122        786      26362         12      27336    1523299   Object Totals
         0          0         32          0          0          0   (incl. Generated)
         8          0          2          1          0          0   (incl. Padding)

    ----------------------------------------------------------------------

      Code (inc. data)   RO Data    RW Data    ZI Data      Debug   Library Member Name

         8          0          0          0          0         68   __main.o
         0          0          0          0          0          0   __rtentry.o
        12          0          0          0          0          0   __rtentry2.o
         6          0          0          0          0          0   __rtentry4.o
        52          8          0          0          0          0   __scatter.o
        26          0          0          0          0          0   __scatter_copy.o
        28          0          0          0          0          0   __scatter_zi.o
        18          0          0          0          0         80   exit.o
         6          0          0          0          0        152   heapauxi.o
         0          0          0          0          0          0   indicate_semi.o
         2          0          0          0          0          0   libinit.o
         6          0          0          0          0          0   libinit2.o
         2          0          0          0          0          0   libshutdown.o
         2          0          0          0          0          0   libshutdown2.o
         8          4          0          0         96         68   libspace.o
        78          0          0          0          0         80   rt_memclr_w.o
         2          0          0          0          0          0   rtexit.o
        10          0          0          0          0          0   rtexit2.o
        12          4          0          0          0         68   sys_exit.o
        74          0          0          0          0         80   sys_stackheap_outer.o
         2          0          0          0          0         68   use_no_semi.o
        10          0          0          0          0        116   fpinit.o

    ----------------------------------------------------------------------
       368         16          0          0        100        780   Library Totals
         4          0          0          0          4          0   (incl. Padding)

    ----------------------------------------------------------------------

      Code (inc. data)   RO Data    RW Data    ZI Data      Debug   Library Name

       354         16          0          0         96        664   c_w.l
        10          0          0          0          0        116   fz_wv.l

    ----------------------------------------------------------------------
       368         16          0          0        100        780   Library Totals

    ----------------------------------------------------------------------

==============================================================================


      Code (inc. data)   RO Data    RW Data    ZI Data      Debug   

      6490        802      26362         12      27436    1519171   Grand Totals
      6490        802      26362         12      27436    1519171   ELF Image Totals
      6490        802      26362         12          0          0   ROM Totals

==============================================================================

    Total RO  Size (Code + RO Data)                32852 (  32.08kB)
    Total RW  Size (RW Data + ZI Data)             27448 (  26.80kB)
    Total ROM Size (Code + RO Data + RW Data)      32864 (  32.09kB)

==============================================================================

