<html>
<body>
<pre>
<h1>µVision Build Log</h1>
<h2>Tool Versions:</h2>
IDE-Version: ¦ÌVision V5.38.0.0
Copyright (C) 2022 ARM Ltd and ARM Germany GmbH. All rights reserved.
License Information: alpha  beta, UPC, LIC=GMZI6-DUAJ7-TG57T-R8PRL-6QJ6N-7D0A7
 
Tool Versions:
Toolchain:       MDK-ARM Plus  Version: 5.38.0.0
Toolchain Path:  D:\Software\keil5\ARM\ARM_Compiler_5.06u7\Bin
C Compiler:      Armcc.exe V5.06 update 7 (build 960)
Assembler:       Armasm.exe V5.06 update 7 (build 960)
Linker/Locator:  ArmLink.exe V5.06 update 7 (build 960)
Library Manager: ArmAr.exe V5.06 update 7 (build 960)
Hex Converter:   FromElf.exe V5.06 update 7 (build 960)
CPU DLL:         SARMCM3.DLL V5.38.0.0
Dialog DLL:      DCM.DLL V1.17.5.0
Target DLL:      CMSIS_AGDI.dll V1.33.15.0
Dialog DLL:      TCM.DLL V1.56.4.0
 
<h2>Project:</h2>
D:\study\STM32\template_HAL\MDK-ARM\template_HAL.uvprojx
Project File Date:  07/17/2023

<h2>Output:</h2>
*** Using Compiler 'V5.06 update 7 (build 960)', folder: 'D:\Software\keil5\ARM\ARM_Compiler_5.06u7\Bin'
Rebuild target 'template_HAL'
assembling startup_stm32h750xx.s...
compiling system_stm32h7xx.c...
compiling stm32h7xx_ll_exti.c...
compiling stm32h7xx_ll_gpio.c...
compiling stm32h7xx_ll_rcc.c...
compiling stm32h7xx_ll_utils.c...
compiling stm32h7xx_ll_spi.c...
compiling stm32h7xx_ll_dma.c...
compiling stm32h7xx_ll_bdma.c...
compiling stm32h7xx_ll_usart.c...
compiling stm32h7xx_ll_pwr.c...
compiling spi.c...
compiling Led.c...
compiling gpio.c...
compiling usart.c...
compiling stm32h7xx_it.c...
compiling Lcd.c...
compiling Usart1.c...
compiling main.c...
linking...
Program Size: Code=6490 RO-data=26362 RW-data=12 ZI-data=27436  
FromELF: creating hex file...
"template_HAL\template_HAL.axf" - 0 Error(s), 0 Warning(s).

<h2>Software Packages used:</h2>

Package Vendor: ARM
                http://www.keil.com/pack/ARM.CMSIS.5.9.0.pack
                ARM.CMSIS.5.9.0
                CMSIS (Common Microcontroller Software Interface Standard)
   * Component: CORE Version: 5.6.0

Package Vendor: Keil
                https://www.keil.com/pack/Keil.STM32H7xx_DFP.3.1.0.pack
                Keil.STM32H7xx_DFP.3.1.0
                STMicroelectronics STM32H7 Series Device Support and Examples

<h2>Collection of Component include folders:</h2>
  ./RTE/_template_HAL
  D:/Software/keil5/Pack/ARM/CMSIS/5.9.0/CMSIS/Core/Include
  D:/Software/keil5/Pack/Keil/STM32H7xx_DFP/3.1.0/Drivers/CMSIS/Device/ST/STM32H7xx/Include

<h2>Collection of Component Files used:</h2>

   * Component: ARM::CMSIS:CORE:5.6.0
      Include file:  CMSIS/Core/Include/tz_context.h
Build Time Elapsed:  00:00:13
</pre>
</body>
</html>
